IQ-TREE version 3.1.2 for Linux x86 64-bit built May 17 2026
Developed by Bui Quang Minh, Thomas Wong, Nhan Ly-Trong, Huaiyan Ren
Contributed by Lam-Tung Nguyen, Dominik Schrempf, Chris Bielow,
Olga Chernomor, Michael Woodhams, Diep Thi Hoang, Heiko Schmidt

Host:    sparky (AVX512, FMA3, 30 GB RAM)
Command: /home/neil/miniconda3/bin/iqtree -s /home/neil/Downloads/dudleya/Dudleya_S_genomes/full_pipeline_run/results/11_callable_consensus/cpDNA.primary.callable_consensus.fa --seqtype DNA -m GTR+F+G4 --prefix /home/neil/Downloads/dudleya/Dudleya_S_genomes/full_pipeline_run/results/19_bootstrap_phylogenetic_tree/cpDNA.primary.iqtree_ml -T 16 --safe --redo --quiet -B 1000 --bnni
Seed:    294424 (Using SPRNG - Scalable Parallel Random Number Generator)
Time:    Wed Jul  8 18:43:05 2026
Kernel:  Safe AVX+FMA - 16 threads (16 CPU cores detected)

Reading alignment file /home/neil/Downloads/dudleya/Dudleya_S_genomes/full_pipeline_run/results/11_callable_consensus/cpDNA.primary.callable_consensus.fa ... Fasta format detected
Reading fasta file: done in 0.166017 secs using 95.74% CPU
Alignment most likely contains DNA/RNA sequences
Constructing alignment: done in 0.100376 secs using 1454% CPU
WARNING: 508 sites contain only gaps or ambiguous characters.
Alignment has 278 sequences with 124538 columns, 1172 distinct patterns
2022 parsimony-informative, 0 singleton sites, 122516 constant sites
                         Gap/Ambiguity  Composition  p-value
Analyzing sequences: done in 4.19617e-05 secs using 319.3% CPU
   1  DU-173                     0.41%    passed     99.98%
   2  DU-229                     0.41%    passed     99.99%
   3  DU-247                     0.41%    passed     99.99%
   4  DU-254                     0.41%    passed     99.99%
   5  DU-270                     0.41%    passed     99.99%
   6  DU-297                     0.41%    passed     99.99%
   7  DU-443                     0.41%    passed     99.97%
   8  DU-4A                      0.41%    passed     99.99%
   9  DU014LP012                 0.41%    passed     99.94%
  10  DU037LP013                 0.41%    passed     99.94%
  11  DU059LP015                 0.41%    passed     99.98%
  12  DU078LP011                 0.41%    passed     99.84%
  13  DU079LP010                 0.41%    passed     99.84%
  14  ABAB_MAD_LP_222_Du-589    86.46%    failed      1.46%
  15  ABAB_MAD_LP_223_Du-590     0.43%    passed     99.61%
  16  ABAB_MAD_LP_322_Du-593     0.41%    passed     99.69%
  17  ABAB_MAD_LP_323_Du-594     0.43%    passed     99.75%
  18  ABAB_MAD_LP_324_Du-595     0.41%    passed     99.81%
  19  ABAB_MAD_LP_325_Du-596     0.41%    passed     99.76%
  20  ABAB_MAD_LP_326_Du-597     0.42%    passed     99.61%
  21  ABAB_MAD_LP_327_Du-598     0.42%    passed     99.63%
  22  ABBE_BERN_LP_311_Du-780    0.41%    passed     99.95%
  23  ABBE_BERN_LP_312_Du-781    0.41%    passed     99.98%
  24  ABBE_BERN_LP_313_Du-782    0.42%    passed     99.98%
  25  ABBE_BERN_LP_314_Du-783    0.41%    passed     99.98%
  26  ABMU_HOR_LP_306_Du-775     0.42%    passed     99.68%
  27  ABMU_HOR_LP_308_Du-777     0.41%    passed     99.71%
  28  ABMU_HOR_LP_358_Du-770     0.42%    passed     99.73%
  29  ABMU_HOR_LP_359_Du-771     0.42%    passed     99.65%
  30  ABMU_HOR_LP_360_Du-772     0.42%    passed     99.71%
  31  ABMU_HOR_LP_361_Du-773     0.42%    passed     99.68%
  32  BAI_LP_105_Du-222          0.41%    passed    100.00%
  33  BAI_LP_106_Du-223          0.41%    passed     99.98%
  34  BAI_LP_108_Du-225          0.41%    passed     99.99%
  35  BAI_LP_109_Du-226          0.41%    passed     99.99%
  36  BAI_LP_110_Du-227          0.41%    passed     99.99%
  37  BAI_LP_111_Du-228          0.41%    passed     99.99%
  38  BAI_LP_112_Du-230          0.41%    passed     99.99%
  39  BAI_LP_113_Du-231          0.41%    passed     99.98%
  40  BAI_LP_114_Du-232          0.41%    passed     99.99%
  41  BAI_LP_319_Du-233          0.41%    passed     99.99%
  42  COM_LP_269_Du-703          0.41%    passed     99.93%
  43  COM_LP_270_Du-704          0.41%    passed     99.89%
  44  COM_LP_272_Du-707          0.41%    passed     99.90%
  45  COM_LP_274_Du-709          0.41%    passed     99.90%
  46  COM_LP_276_Du-711          0.41%    passed     99.90%
  47  COM_LP_277_Du-712          0.41%    passed     99.90%
  48  COM_LP_341_Du-713          0.41%    passed     99.91%
  49  COM_LP_342_Du-714          0.41%    passed     99.90%
  50  COM_LP_343_Du-715          0.41%    passed     99.90%
  51  CROB_LP_169_Du-381         0.41%    passed     99.99%
  52  CROB_LP_170_Du-382         0.41%    passed     99.99%
  53  CROB_LP_172_Du-384         0.41%    passed     99.98%
  54  CROB_LP_173_Du-385         0.41%    passed     99.99%
  55  CROB_LP_174_Du-386         0.41%    passed     99.99%
  56  CROB_LP_175_Du-387         0.41%    passed     99.99%
  57  CROB_LP_176_Du-388         0.41%    passed     99.99%
  58  CROB_LP_177_Du-389         0.41%    passed     99.99%
  59  CROB_LP_320_Du-395         0.41%    passed     99.99%
  60  CROB_LP_321_Du-396         0.41%    passed     99.99%
  61  CROS_LP_085_Du-181         0.41%    passed     99.99%
  62  CROS_LP_086_Du-182         0.41%    passed     99.99%
  63  CROS_LP_087_Du-183         0.41%    passed     99.99%
  64  CROS_LP_088_Du-184         0.41%    passed     99.99%
  65  CROS_LP_089_Du-185         0.41%    passed     99.99%
  66  CROS_LP_090_Du-186         0.41%    passed     99.99%
  67  CROS_LP_091_Du-187         0.42%    passed     99.97%
  68  CROS_LP_092_Du-188         0.41%    passed     99.98%
  69  CROS_LP_093_Du-189         0.41%    passed     99.99%
  70  CROS_LP_094_Du-190         0.41%    passed     99.98%
  71  CY_ALA_LP_298-Du-767       0.41%    passed     99.98%
  72  CY_ALA_LP_299-Du-768       0.41%    passed     99.98%
  73  CY_ALA_LP_357_Du-769       0.41%    passed     99.98%
  74  CY_BAL_LP_226_Du-602       0.41%    passed     99.98%
  75  CY_BAL_LP_227_Du-603       0.42%    passed     99.98%
  76  CY_BAL_LP_228_Du-604       0.44%    passed     99.96%
  77  CY_BGL_LP_210_Du-577       0.41%    passed     99.99%
  78  CY_BGL_LP_212_Du-579       0.41%    passed     99.99%
  79  CY_BOU_LP_288_Du-737       0.41%    passed     99.98%
  80  CY_BOU_LP_290_Du-739       0.41%    passed     99.98%
  81  CY_BOU_LP_291_Du-740       0.41%    passed     99.98%
  82  CY_BOU_LP_292_Du-741       0.41%    passed     99.98%
  83  CY_BOU_LP_354_Du-742       0.41%    passed     99.95%
  84  CY_CAS_LP_328_Du-610       0.41%    passed     99.94%
  85  CY_CAS_LP_329_Du-611       0.41%    passed     99.96%
  86  CY_CAS_LP_330_Du-607       0.44%    passed     99.97%
  87  CY_CAS_LP_331_Du-608       0.41%    passed     99.95%
  88  CY_CAS_LP_332_Du-609       0.41%    passed     99.96%
  89  CY_HICN_LP_236_Du-614      0.41%    passed     99.98%
  90  CY_HICN_LP_333_Du-612      0.41%    passed     99.98%
  91  CY_HICN_LP_334_Du-613      0.42%    passed     99.98%
  92  CY_HICN_LP_335_Du-615      0.41%    passed     99.98%
  93  CY_HICN_LP_336_Du-616      0.41%    passed     99.98%
  94  CY_HICS_LP_293_Du-757      0.41%    passed    100.00%
  95  CY_HICS_LP_295_Du-759      0.42%    passed    100.00%
  96  CY_HICS_LP_297_Du-761      0.41%    passed    100.00%
  97  CY_HICS_LP_355_Du-762      0.41%    passed     99.99%
  98  CY_HICS_LP_356_Du-763      0.41%    passed     99.99%
  99  CY_HUN_LP_264_Du-683       0.45%    passed     99.39%
 100  CY_HUN_LP_265_Du-684       0.62%    passed     99.48%
 101  CY_HUN_LP_266_Du-685       0.44%    passed     99.55%
 102  CY_HUN_LP_267_Du-686       0.43%    passed     99.45%
 103  CY_HUN_LP_268_Du-687       0.43%    passed     99.48%
 104  CY_RED_LP_202_Du-561      78.56%    passed     21.79%
 105  CY_SIE_LP_188_Du-445       0.41%    passed     99.98%
 106  CY_SIE_LP_189_Du-446       0.41%    passed     99.97%
 107  CY_SIE_LP_190_Du-447       0.41%    passed     99.97%
 108  CY_SIE_LP_191_Du-448       0.41%    passed     99.96%
 109  CY_WOO_LP_259_Du-664       0.41%    passed     99.97%
 110  CY_WOO_LP_260_Du-665       0.41%    passed     99.96%
 111  CY_WOO_LP_261_Du-667       0.41%    passed    100.00%
 112  CY_WOO_LP_262_Du-668       0.41%    passed     99.95%
 113  CY_WOO_LP_263_Du-669       0.41%    passed     99.95%
 114  DAN_LP_043_Du-68           0.41%    passed     99.86%
 115  DAN_LP_044_Du-69           0.41%    passed     99.82%
 116  DAN_LP_045_Du-70           0.41%    passed     99.88%
 117  DAN_LP_046_Du-71           0.41%    passed     99.88%
 118  DAN_LP_047_Du-72           0.41%    passed     99.82%
 119  DOV_LP_078_Du-174          0.41%    passed     99.96%
 120  DOV_LP_079_Du-175          0.41%    passed     99.98%
 121  DOV_LP_080_Du-176          0.41%    passed     99.98%
 122  DOV_LP_081_Du-177          0.41%    passed     99.98%
 123  DOV_LP_082_Du-178          0.41%    passed     99.97%
 124  DOV_LP_083_Du-179          0.41%    passed     99.98%
 125  DOV_LP_084_Du-180          0.41%    passed     99.98%
 126  DUD_LP_132_Du-283          0.41%    passed     99.99%
 127  DUD_LP_133_Du-284          0.41%    passed     99.99%
 128  DUD_LP_134_Du-285          0.41%    passed     99.99%
 129  DUD_LP_135_Du-286          0.41%    passed     99.99%
 130  DUD_LP_136_Du-287          0.41%    passed     99.98%
 131  DUD_LP_137_Du-288          0.41%    passed     99.99%
 132  DUD_LP_138_Du-289          0.41%    passed     99.99%
 133  DUD_LP_139_Du-290          0.41%    passed     99.98%
 134  KIRN_LP_179_Du-421         0.41%    passed     99.99%
 135  KIRN_LP_180_Du-422         0.41%    passed     99.98%
 136  KIRN_LP_181_Du-423         0.41%    passed     99.98%
 137  KIRN_LP_182_Du-424         0.41%    passed     99.98%
 138  KIRN_LP_183_Du-425         0.41%    passed     99.98%
 139  KIRN_LP_184_Du-426         0.41%    passed     99.98%
 140  KIRN_LP_185_Du-427         0.41%    passed     99.98%
 141  KIRN_LP_186_Du-428         0.41%    passed     99.98%
 142  KIRN_LP_187_Du-429         0.41%    passed     99.99%
 143  KIRT_LP_159_Du-364         0.41%    passed     99.98%
 144  KIRT_LP_160_Du-365         0.41%    passed     99.99%
 145  KIRT_LP_161_Du-366         0.41%    passed     99.98%
 146  KIRT_LP_162_Du-367         0.41%    passed     99.98%
 147  KIRT_LP_163_Du-368         0.41%    passed     99.99%
 148  KIRT_LP_164_Du-369         0.41%    passed     99.98%
 149  KIRT_LP_165_Du-370         0.41%    passed     99.99%
 150  KIRT_LP_166_Du-371         0.41%    passed     99.99%
 151  KIRT_LP_167_Du-372         0.41%    passed     99.98%
 152  KIRT_LP_168_Du-373         0.41%    passed     99.98%
 153  MALV_LP_095_Du-201         0.41%    passed     99.98%
 154  MALV_LP_096_Du-202         0.41%    passed     99.98%
 155  MALV_LP_097_Du-203         0.41%    passed     99.98%
 156  MALV_LP_098_Du-204         0.41%    passed     99.98%
 157  MALV_LP_099_Du-205         0.41%    passed     99.99%
 158  MALV_LP_100_Du-206         0.41%    passed     99.98%
 159  MALV_LP_101_Du-207         0.41%    passed     99.99%
 160  MALV_LP_102_Du-208         0.41%    passed     99.99%
 161  MALV_LP_103_Du-209         0.41%    passed     99.98%
 162  MALV_LP_104_Du-210         0.41%    passed     99.98%
 163  OCO_LP_058_Du-115          0.41%    passed     99.49%
 164  OCO_LP_059_Du-106          0.43%    passed     99.19%
 165  OCO_LP_060_Du-107          0.45%    passed     99.13%
 166  OCO_LP_061_Du-108          0.41%    passed     99.26%
 167  OCO_LP_062_Du-109          0.41%    passed     99.33%
 168  OCO_LP_063_Du-110          0.43%    passed     99.35%
 169  OCO_LP_064_Du-111          0.43%    passed     99.39%
 170  OCO_LP_065_Du-112          0.42%    passed     99.29%
 171  OCO_LP_066_Du-113          0.42%    passed     99.39%
 172  OCO_LP_067_Du-114          0.44%    passed     99.42%
 173  QUI1_LP_249_Du-648         0.41%    passed     99.95%
 174  QUI1_LP_250_Du-649         0.41%    passed     99.96%
 175  QUI1_LP_251_Du-650         0.41%    passed     99.97%
 176  QUI1_LP_252_Du-651         0.41%    passed     99.96%
 177  QUI1_LP_253_Du-652         0.41%    passed     99.95%
 178  QUI1_LP_254_Du-653         0.41%    passed     99.96%
 179  QUI1_LP_255_Du-654         0.41%    passed     99.96%
 180  QUI1_LP_257_Du-656         0.41%    passed     99.96%
 181  QUI1_LP_258_Du-657         0.41%    passed     99.96%
 182  QUI2_LP_243_Du-631         0.41%    passed     99.99%
 183  QUI2_LP_244_Du-632         0.41%    passed     99.99%
 184  QUI2_LP_245_Du-633         0.41%    passed     99.99%
 185  QUI2_LP_246_Du-634         0.41%    passed     99.98%
 186  QUI2_LP_247_Du-635         0.41%    passed     99.99%
 187  QUI2_LP_248_Du-636         0.41%    passed     99.99%
 188  QUI2_LP_337_Du-638         0.41%    passed     99.99%
 189  QUI2_LP_338_Du-639         0.41%    passed     99.99%
 190  QUI2_LP_339_Du-640         0.41%    passed     99.99%
 191  QUI2_LP_340_Du-641         0.41%    passed     99.99%
 192  QUIN_LP_069_Du-155         0.41%    passed     99.98%
 193  QUIN_LP_070_Du-156         0.41%    passed     99.98%
 194  QUIN_LP_071_Du-157         0.41%    passed     99.98%
 195  QUIN_LP_072_Du-158         0.41%    passed     99.98%
 196  QUIN_LP_073_Du-159         0.41%    passed     99.98%
 197  QUIN_LP_074_Du-160         0.41%    passed     99.98%
 198  QUIN_LP_075_Du-161         0.41%    passed     99.98%
 199  QUIN_LP_076_Du-162         0.41%    passed     99.98%
 200  QUIN_LP_077_Du-163         0.41%    passed     99.98%
 201  QUIN_LP_318_Du-164         0.41%    passed     99.99%
 202  RIC_LP_192_Du-521          0.41%    passed     99.99%
 203  RIC_LP_193_Du-522          0.41%    passed     99.99%
 204  RIC_LP_194_Du-523          0.41%    passed     99.99%
 205  RIC_LP_195_Du-524          0.41%    passed     99.99%
 206  RIC_LP_196_Du-525          0.41%    passed     99.99%
 207  RIC_LP_197_Du-526          0.41%    passed    100.00%
 208  RIC_LP_198_Du-527          0.41%    passed     99.99%
 209  RIC_LP_199_Du-528          0.41%    passed     99.99%
 210  RIC_LP_200_Du-529          0.41%    passed     99.99%
 211  RIC_LP_201_Du-530          0.41%    passed     99.99%
 212  RSV_LP_049_Du-85           0.41%    passed     99.98%
 213  RSV_LP_050_Du-87           0.41%    passed     99.99%
 214  RSV_LP_051_Du-88           0.41%    passed     99.99%
 215  RSV_LP_052_Du-89           0.41%    passed     99.98%
 216  RSV_LP_053_Du-90           0.41%    passed     99.99%
 217  RSV_LP_055_Du-92           0.41%    passed     99.99%
 218  RSV_LP_057_Du-94           0.41%    passed     99.99%
 219  RSV_LP_315_Du-95           0.41%    passed     99.98%
 220  RSV_LP_316_Du-96           0.41%    passed     99.98%
 221  SILG_LP_149_Du-343         0.41%    passed     99.98%
 222  SILG_LP_150_Du-344         0.41%    passed     99.98%
 223  SILG_LP_151_Du-345         0.41%    passed     99.99%
 224  SILG_LP_152_Du-346         0.41%    passed     99.99%
 225  SILG_LP_153_Du-347         0.41%    passed     99.98%
 226  SILG_LP_154_Du-348         0.41%    passed     99.98%
 227  SILG_LP_155_Du-349         0.41%    passed     99.99%
 228  SILG_LP_156_Du-350         0.42%    passed     99.99%
 229  SILG_LP_157_Du-351         0.41%    passed     99.97%
 230  SILG_LP_158_Du-352         0.42%    passed     99.98%
 231  SILR_LP_346_Du-729         0.41%    passed     99.78%
 232  SILR_LP_347_Du-730         0.41%    passed     99.78%
 233  SILR_LP_348_Du-731         0.41%    passed     99.78%
 234  SILR_LP_349_Du-732         0.41%    passed     99.78%
 235  SILR_LP_351_Du-734         0.41%    passed     99.87%
 236  SILR_LP_353_Du-736         0.41%    passed     99.93%
 237  STI_LP_027_Du-45           0.41%    passed     99.99%
 238  STI_LP_028_Du-46           0.41%    passed     99.99%
 239  STI_LP_029_Du-47           0.42%    passed     99.99%
 240  STI_LP_030_Du-48           0.42%    passed     99.99%
 241  STI_LP_031_Du-49           0.41%    passed     99.97%
 242  STI_LP_032_Du-50           0.41%    passed     99.99%
 243  STI_LP_033_Du-51           0.42%    passed     99.99%
 244  STI_LP_034_Du-52           0.41%    passed     99.99%
 245  STI_LP_035_Du-53           0.41%    passed     99.98%
 246  STI_LP_036_Du-54           0.41%    passed     99.99%
 247  STI_LP_037_Du-55           0.42%    passed     99.98%
 248  STI_LP_038_Du-56           0.42%    passed     99.99%
 249  STI_LP_039_Du-57           0.42%    passed     99.99%
 250  STI_LP_040_Du-58           0.41%    passed     99.99%
 251  STI_LP_041_Du-60           0.41%    passed     99.99%
 252  STI_LP_042_Du-61           0.41%    passed     99.99%
 253  TIL_LP_123_Du-263          0.51%    passed     99.97%
 254  TIL_LP_124_Du-264          0.41%    passed    100.00%
 255  TIL_LP_125_Du-265          0.41%    passed    100.00%
 256  TIL_LP_126_Du-266          0.42%    passed    100.00%
 257  TIL_LP_127_Du-267          0.44%    passed     99.99%
 258  TIL_LP_128_Du-268          0.41%    passed     99.98%
 259  TIL_LP_129_Du-269          0.47%    passed     99.97%
 260  TIL_LP_130_Du-271          0.41%    passed     99.99%
 261  TIL_LP_131_Du-272          0.42%    passed    100.00%
 262  TULP_LP_115_Du-242         0.41%    passed     99.98%
 263  TULP_LP_116_Du-243         0.41%    passed     99.99%
 264  TULP_LP_117_Du-244         0.41%    passed     99.99%
 265  TULP_LP_118_Du-245         0.41%    passed     99.98%
 266  TULP_LP_119_Du-246         0.41%    passed     99.98%
 267  TULP_LP_120_Du-248         0.41%    passed     99.98%
 268  TULP_LP_121_Du-249         0.41%    passed     99.98%
 269  TULP_LP_122_Du-250         0.41%    passed     99.99%
 270  TULP_LP_140_Du-302         0.41%    passed     99.98%
 271  TULP_LP_141_Du-303         0.41%    passed     99.99%
 272  TULP_LP_142_Du-304         0.41%    passed     99.98%
 273  TULP_LP_143_Du-305         0.41%    passed     99.99%
 274  TULP_LP_144_Du-306         0.41%    passed     99.99%
 275  TULP_LP_145_Du-307         0.41%    passed     99.98%
 276  TULP_LP_146_Du-308         0.41%    passed     99.98%
 277  TULP_LP_147_Du-309         0.41%    passed     99.98%
 278  TULP_LP_148_Du-310         0.41%    passed     99.98%
WARNING: 2 sequences contain more than 50% gaps/ambiguity
****  TOTAL                      1.00%  1 sequences failed composition chi2 test (p-value<5%; df=3)
NOTE: minimal branch length is reduced to 0.000000802968 for long alignment
NOTE: TULP_LP_117_Du-244 is identical to DU-247 but kept for subsequent analysis
NOTE: TULP_LP_116_Du-243 is identical to DU-254 but kept for subsequent analysis
NOTE: CROS_LP_085_Du-181 is identical to DU-4A but kept for subsequent analysis
NOTE: DU079LP010 is identical to DU078LP011 but kept for subsequent analysis
NOTE: COM_LP_276_Du-711 is identical to COM_LP_272_Du-707 but kept for subsequent analysis
NOTE: CROB_LP_173_Du-385 is identical to CROB_LP_170_Du-382 but kept for subsequent analysis
NOTE: CROB_LP_320_Du-395 is identical to CROB_LP_177_Du-389 but kept for subsequent analysis
NOTE: DAN_LP_047_Du-72 is identical to DAN_LP_044_Du-69 but kept for subsequent analysis
NOTE: DAN_LP_046_Du-71 is identical to DAN_LP_045_Du-70 but kept for subsequent analysis
NOTE: DOV_LP_083_Du-179 is identical to DOV_LP_079_Du-175 but kept for subsequent analysis
NOTE: DUD_LP_133_Du-284 is identical to DUD_LP_132_Du-283 but kept for subsequent analysis
NOTE: TULP_LP_140_Du-302 is identical to DUD_LP_139_Du-290 but kept for subsequent analysis
NOTE: KIRN_LP_187_Du-429 is identical to KIRN_LP_179_Du-421 but kept for subsequent analysis
NOTE: KIRN_LP_181_Du-423 is identical to KIRN_LP_180_Du-422 but kept for subsequent analysis
NOTE: KIRT_LP_163_Du-368 is identical to KIRT_LP_160_Du-365 but kept for subsequent analysis
NOTE: MALV_LP_096_Du-202 is identical to MALV_LP_095_Du-201 but kept for subsequent analysis
NOTE: MALV_LP_101_Du-207 is identical to MALV_LP_099_Du-205 but kept for subsequent analysis
NOTE: QUI1_LP_258_Du-657 is identical to QUI1_LP_255_Du-654 but kept for subsequent analysis
NOTE: QUI2_LP_247_Du-635 is identical to QUI2_LP_243_Du-631 but kept for subsequent analysis
NOTE: QUIN_LP_076_Du-162 is identical to QUIN_LP_075_Du-161 but kept for subsequent analysis
NOTE: RIC_LP_193_Du-522 is identical to RIC_LP_192_Du-521 but kept for subsequent analysis
NOTE: RSV_LP_052_Du-89 is identical to RSV_LP_049_Du-85 but kept for subsequent analysis
NOTE: SILR_LP_347_Du-730 is identical to SILR_LP_346_Du-729 but kept for subsequent analysis
NOTE: STI_LP_041_Du-60 is identical to STI_LP_034_Du-52 but kept for subsequent analysis
NOTE: TULP_LP_120_Du-248 is identical to TULP_LP_115_Du-242 but kept for subsequent analysis
NOTE: TULP_LP_119_Du-246 is identical to TULP_LP_118_Du-245 but kept for subsequent analysis
NOTE: TULP_LP_144_Du-306 is identical to TULP_LP_143_Du-305 but kept for subsequent analysis
Checking for duplicate sequences: done in 0.000440121 secs using 1235% CPU
Identifying sites to remove: done in 0.062499 secs using 1536% CPU
NOTE: 34 identical sequences (see below) will be ignored for subsequent analysis
NOTE: TULP_LP_122_Du-250 (identical to DU-254) is ignored but added at the end
NOTE: CROS_LP_086_Du-182 (identical to DU-4A) is ignored but added at the end
NOTE: CROS_LP_090_Du-186 (identical to DU-4A) is ignored but added at the end
NOTE: COM_LP_277_Du-712 (identical to COM_LP_272_Du-707) is ignored but added at the end
NOTE: COM_LP_343_Du-715 (identical to COM_LP_272_Du-707) is ignored but added at the end
NOTE: CROB_LP_174_Du-386 (identical to CROB_LP_170_Du-382) is ignored but added at the end
NOTE: CROB_LP_175_Du-387 (identical to CROB_LP_170_Du-382) is ignored but added at the end
NOTE: CROB_LP_176_Du-388 (identical to CROB_LP_170_Du-382) is ignored but added at the end
NOTE: DUD_LP_134_Du-285 (identical to DUD_LP_132_Du-283) is ignored but added at the end
NOTE: DUD_LP_135_Du-286 (identical to DUD_LP_132_Du-283) is ignored but added at the end
NOTE: DUD_LP_138_Du-289 (identical to DUD_LP_132_Du-283) is ignored but added at the end
NOTE: KIRN_LP_182_Du-424 (identical to KIRN_LP_180_Du-422) is ignored but added at the end
NOTE: KIRN_LP_183_Du-425 (identical to KIRN_LP_180_Du-422) is ignored but added at the end
NOTE: KIRN_LP_184_Du-426 (identical to KIRN_LP_180_Du-422) is ignored but added at the end
NOTE: KIRN_LP_185_Du-427 (identical to KIRN_LP_180_Du-422) is ignored but added at the end
NOTE: KIRN_LP_186_Du-428 (identical to KIRN_LP_180_Du-422) is ignored but added at the end
NOTE: KIRT_LP_165_Du-370 (identical to KIRT_LP_160_Du-365) is ignored but added at the end
NOTE: MALV_LP_097_Du-203 (identical to MALV_LP_095_Du-201) is ignored but added at the end
NOTE: MALV_LP_098_Du-204 (identical to MALV_LP_095_Du-201) is ignored but added at the end
NOTE: MALV_LP_100_Du-206 (identical to MALV_LP_095_Du-201) is ignored but added at the end
NOTE: MALV_LP_103_Du-209 (identical to MALV_LP_095_Du-201) is ignored but added at the end
NOTE: MALV_LP_104_Du-210 (identical to MALV_LP_095_Du-201) is ignored but added at the end
NOTE: QUI2_LP_248_Du-636 (identical to QUI2_LP_243_Du-631) is ignored but added at the end
NOTE: QUIN_LP_077_Du-163 (identical to QUIN_LP_075_Du-161) is ignored but added at the end
NOTE: RIC_LP_194_Du-523 (identical to RIC_LP_192_Du-521) is ignored but added at the end
NOTE: RIC_LP_195_Du-524 (identical to RIC_LP_192_Du-521) is ignored but added at the end
NOTE: RIC_LP_196_Du-525 (identical to RIC_LP_192_Du-521) is ignored but added at the end
NOTE: RIC_LP_198_Du-527 (identical to RIC_LP_192_Du-521) is ignored but added at the end
NOTE: RIC_LP_199_Du-528 (identical to RIC_LP_192_Du-521) is ignored but added at the end
NOTE: RIC_LP_200_Du-529 (identical to RIC_LP_192_Du-521) is ignored but added at the end
NOTE: RIC_LP_201_Du-530 (identical to RIC_LP_192_Du-521) is ignored but added at the end
NOTE: SILR_LP_348_Du-731 (identical to SILR_LP_346_Du-729) is ignored but added at the end
NOTE: SILR_LP_349_Du-732 (identical to SILR_LP_346_Du-729) is ignored but added at the end
NOTE: TULP_LP_121_Du-249 (identical to TULP_LP_118_Du-245) is ignored but added at the end
Alignment was printed to /home/neil/Downloads/dudleya/Dudleya_S_genomes/full_pipeline_run/results/19_bootstrap_phylogenetic_tree/cpDNA.primary.iqtree_ml.uniqueseq.phy

For your convenience alignment with unique sequences printed to /home/neil/Downloads/dudleya/Dudleya_S_genomes/full_pipeline_run/results/19_bootstrap_phylogenetic_tree/cpDNA.primary.iqtree_ml.uniqueseq.phy

Create initial parsimony tree by phylogenetic likelihood library (PLL)... 0.040 seconds
Generating 1000 samples for ultrafast bootstrap (seed: 294424)...

NOTE: 41 MB RAM (0 GB) is required!
WARNING: Number of threads seems too high for short alignments. Use -T AUTO to determine best number of threads.
Estimate model parameters (epsilon = 0.100)
1. Initial log-likelihood: -192178.768
2. Current log-likelihood: -191665.475
3. Current log-likelihood: -191664.451
4. Current log-likelihood: -191664.342
Optimal log-likelihood: -191664.306
Rate parameters:  A-C: 1.01721  A-G: 0.89423  A-T: 0.28690  C-G: 0.45779  C-T: 0.71865  G-T: 1.00000
Base frequencies:  A: 0.313  C: 0.186  G: 0.183  T: 0.319
Gamma shape alpha: 0.020
Parameters optimization took 4 rounds (0.152 sec)
Wrote distance file to... 
Computing ML distances based on estimated model parameters...
Calculating distance matrix: done in 0.025166 secs using 1601% CPU
Computing ML distances took 0.025355 sec (of wall-clock time) 0.405176 sec (of CPU time)
Setting up auxiliary I and S matrices: done in 0.000185013 secs using 1469% CPU
Constructing RapidNJ tree: done in 0.010797 secs using 1279% CPU
Computing RapidNJ tree took 0.011003 sec (of wall-clock time) 0.140992 sec (of CPU time)
Log-likelihood of RapidNJ tree: -191839.546
--------------------------------------------------------------------
|             INITIALIZING CANDIDATE TREE SET                      |
--------------------------------------------------------------------
Generating 98 parsimony trees... 2.887 second
Computing log-likelihood of 98 initial trees ... 0.615 seconds
Current best score: -191651.652

Do NNI search on 20 best initial trees
Estimate model parameters (epsilon = 0.100)
BETTER TREE FOUND at iteration 1: -191647.556
Estimate model parameters (epsilon = 0.100)
BETTER TREE FOUND at iteration 2: -191647.229
Estimate model parameters (epsilon = 0.100)
BETTER TREE FOUND at iteration 3: -191645.608
Estimate model parameters (epsilon = 0.100)
BETTER TREE FOUND at iteration 9: -191645.323
Estimate model parameters (epsilon = 0.100)
BETTER TREE FOUND at iteration 10: -191645.245
Iteration 10 / LogL: -191645.245 / Time: 0h:0m:7s
Iteration 20 / LogL: -191654.721 / Time: 0h:0m:11s
Finish initializing candidate tree set (20)
Current best tree score: -191645.245 / CPU time: 10.702
Number of iterations: 20
--------------------------------------------------------------------
|               OPTIMIZING CANDIDATE TREE SET                      |
--------------------------------------------------------------------
Iteration 30 / LogL: -191652.035 / Time: 0h:0m:13s (0h:0m:36s left)
Iteration 40 / LogL: -191668.960 / Time: 0h:0m:15s (0h:0m:27s left)
Iteration 50 / LogL: -191655.129 / Time: 0h:0m:17s (0h:0m:20s left)
Iteration 60 / LogL: -191658.445 / Time: 0h:0m:19s (0h:0m:16s left)
Iteration 70 / LogL: -191651.384 / Time: 0h:0m:21s (0h:0m:12s left)
Iteration 80 / LogL: -191647.780 / Time: 0h:0m:23s (0h:0m:8s left)
Iteration 90 / LogL: -192469.358 / Time: 0h:0m:24s (0h:0m:5s left)
Iteration 100 / LogL: -191656.229 / Time: 0h:0m:27s (0h:0m:2s left)
Iteration 110 / LogL: -191677.489 / Time: 0h:0m:29s (0h:0m:0s left)
Refining ufboot trees with NNI 1 branch...
100 samples done
200 samples done
300 samples done
400 samples done
500 samples done
600 samples done
700 samples done
800 samples done
900 samples done
1000 samples done
Total 1000 ufboot trees refined
TREE SEARCH COMPLETED AFTER 111 ITERATIONS / Time: 0h:2m:4s

--------------------------------------------------------------------
|                    FINALIZING TREE SEARCH                        |
--------------------------------------------------------------------
Performs final model parameters optimization
Estimate model parameters (epsilon = 0.010)
1. Initial log-likelihood: -191645.245
Optimal log-likelihood: -191645.243
Rate parameters:  A-C: 1.00840  A-G: 0.88951  A-T: 0.28131  C-G: 0.45757  C-T: 0.71645  G-T: 1.00000
Base frequencies:  A: 0.313  C: 0.186  G: 0.183  T: 0.319
Gamma shape alpha: 0.020
Parameters optimization took 1 rounds (0.042 sec)
BEST SCORE FOUND : -191645.243
Creating bootstrap support values...
Split supports printed to NEXUS file /home/neil/Downloads/dudleya/Dudleya_S_genomes/full_pipeline_run/results/19_bootstrap_phylogenetic_tree/cpDNA.primary.iqtree_ml.splits.nex
Total tree length: 0.021

Total number of iterations: 111
CPU time used for tree search: 1897.448 sec (0h:31m:37s)
Wall-clock time used for tree search: 124.189 sec (0h:2m:4s)
Total CPU time used: 1908.449 sec (0h:31m:48s)
Total wall-clock time used: 125.077 sec (0h:2m:5s)
UFBoot trees printed to /home/neil/Downloads/dudleya/Dudleya_S_genomes/full_pipeline_run/results/19_bootstrap_phylogenetic_tree/cpDNA.primary.iqtree_ml.ufboot

Computing bootstrap consensus tree...
Reading input file /home/neil/Downloads/dudleya/Dudleya_S_genomes/full_pipeline_run/results/19_bootstrap_phylogenetic_tree/cpDNA.primary.iqtree_ml.splits.nex...
244 taxa and 3344 splits.
Consensus tree written to /home/neil/Downloads/dudleya/Dudleya_S_genomes/full_pipeline_run/results/19_bootstrap_phylogenetic_tree/cpDNA.primary.iqtree_ml.contree
Reading input trees file /home/neil/Downloads/dudleya/Dudleya_S_genomes/full_pipeline_run/results/19_bootstrap_phylogenetic_tree/cpDNA.primary.iqtree_ml.contree
Log-likelihood of consensus tree: -191668.144

Analysis results written to: 
  IQ-TREE report:                /home/neil/Downloads/dudleya/Dudleya_S_genomes/full_pipeline_run/results/19_bootstrap_phylogenetic_tree/cpDNA.primary.iqtree_ml.iqtree
  Maximum-likelihood tree:       /home/neil/Downloads/dudleya/Dudleya_S_genomes/full_pipeline_run/results/19_bootstrap_phylogenetic_tree/cpDNA.primary.iqtree_ml.treefile
  Likelihood distances:          /home/neil/Downloads/dudleya/Dudleya_S_genomes/full_pipeline_run/results/19_bootstrap_phylogenetic_tree/cpDNA.primary.iqtree_ml.mldist

Ultrafast bootstrap approximation results written to:
  Split support values:          /home/neil/Downloads/dudleya/Dudleya_S_genomes/full_pipeline_run/results/19_bootstrap_phylogenetic_tree/cpDNA.primary.iqtree_ml.splits.nex
  Consensus tree:                /home/neil/Downloads/dudleya/Dudleya_S_genomes/full_pipeline_run/results/19_bootstrap_phylogenetic_tree/cpDNA.primary.iqtree_ml.contree
  UFBoot trees:                  /home/neil/Downloads/dudleya/Dudleya_S_genomes/full_pipeline_run/results/19_bootstrap_phylogenetic_tree/cpDNA.primary.iqtree_ml.ufboot
  Screen log file:               /home/neil/Downloads/dudleya/Dudleya_S_genomes/full_pipeline_run/results/19_bootstrap_phylogenetic_tree/cpDNA.primary.iqtree_ml.log

Date and Time: Wed Jul  8 18:45:11 2026
