IQ-TREE version 3.1.2 for Linux x86 64-bit built May 17 2026
Developed by Bui Quang Minh, Thomas Wong, Nhan Ly-Trong, Huaiyan Ren
Contributed by Lam-Tung Nguyen, Dominik Schrempf, Chris Bielow,
Olga Chernomor, Michael Woodhams, Diep Thi Hoang, Heiko Schmidt

Host:    sparky (AVX512, FMA3, 30 GB RAM)
Command: /home/neil/miniconda3/bin/iqtree -s /home/neil/Downloads/dudleya/Dudleya_S_genomes/full_pipeline_run/results/11_callable_consensus/mtDNA.primary.callable_consensus.fa --seqtype DNA -m GTR+F+G4 --prefix /home/neil/Downloads/dudleya/Dudleya_S_genomes/full_pipeline_run/results/19_bootstrap_phylogenetic_tree/mtDNA.primary.iqtree_ml -T 16 --safe --redo --quiet -B 1000 --bnni
Seed:    608516 (Using SPRNG - Scalable Parallel Random Number Generator)
Time:    Wed Jul  8 18:45:11 2026
Kernel:  Safe AVX+FMA - 16 threads (16 CPU cores detected)

Reading alignment file /home/neil/Downloads/dudleya/Dudleya_S_genomes/full_pipeline_run/results/11_callable_consensus/mtDNA.primary.callable_consensus.fa ... Fasta format detected
Reading fasta file: done in 0.0597198 secs using 95.75% CPU
Alignment most likely contains DNA/RNA sequences
Constructing alignment: done in 0.0396209 secs using 1515% CPU
WARNING: 46 sites contain only gaps or ambiguous characters.
Alignment has 278 sequences with 44930 columns, 413 distinct patterns
146 parsimony-informative, 0 singleton sites, 44784 constant sites
                         Gap/Ambiguity  Composition  p-value
Analyzing sequences: done in 1.69277e-05 secs using 348.5% CPU
   1  DU-173                     1.15%    passed     99.68%
   2  DU-229                     0.10%    passed    100.00%
   3  DU-247                     0.10%    passed    100.00%
   4  DU-254                     0.10%    passed    100.00%
   5  DU-270                     0.40%    passed     99.80%
   6  DU-297                     0.10%    passed    100.00%
   7  DU-443                     0.10%    passed     99.99%
   8  DU-4A                      0.10%    passed    100.00%
   9  DU014LP012                 0.10%    passed     99.99%
  10  DU037LP013                 0.10%    passed     99.99%
  11  DU059LP015                 0.36%    passed     99.86%
  12  DU078LP011                 0.41%    passed     99.07%
  13  DU079LP010                 0.34%    passed     99.62%
  14  ABAB_MAD_LP_222_Du-589    98.78%    failed      0.10%
  15  ABAB_MAD_LP_223_Du-590     0.12%    passed    100.00%
  16  ABAB_MAD_LP_322_Du-593     0.12%    passed     99.99%
  17  ABAB_MAD_LP_323_Du-594     0.14%    passed     99.99%
  18  ABAB_MAD_LP_324_Du-595     0.13%    passed     99.99%
  19  ABAB_MAD_LP_325_Du-596     0.12%    passed    100.00%
  20  ABAB_MAD_LP_326_Du-597     0.12%    passed    100.00%
  21  ABAB_MAD_LP_327_Du-598     0.13%    passed     99.99%
  22  ABBE_BERN_LP_311_Du-780    0.10%    passed    100.00%
  23  ABBE_BERN_LP_312_Du-781    0.10%    passed    100.00%
  24  ABBE_BERN_LP_313_Du-782    0.11%    passed    100.00%
  25  ABBE_BERN_LP_314_Du-783    0.10%    passed    100.00%
  26  ABMU_HOR_LP_306_Du-775     0.10%    passed    100.00%
  27  ABMU_HOR_LP_308_Du-777     0.10%    passed    100.00%
  28  ABMU_HOR_LP_358_Du-770     0.10%    passed    100.00%
  29  ABMU_HOR_LP_359_Du-771     0.11%    passed    100.00%
  30  ABMU_HOR_LP_360_Du-772     0.10%    passed    100.00%
  31  ABMU_HOR_LP_361_Du-773     0.10%    passed    100.00%
  32  BAI_LP_105_Du-222          0.10%    passed    100.00%
  33  BAI_LP_106_Du-223          0.10%    passed    100.00%
  34  BAI_LP_108_Du-225          0.10%    passed    100.00%
  35  BAI_LP_109_Du-226          0.10%    passed    100.00%
  36  BAI_LP_110_Du-227          0.10%    passed    100.00%
  37  BAI_LP_111_Du-228          0.10%    passed    100.00%
  38  BAI_LP_112_Du-230          0.10%    passed    100.00%
  39  BAI_LP_113_Du-231          0.10%    passed    100.00%
  40  BAI_LP_114_Du-232          0.10%    passed    100.00%
  41  BAI_LP_319_Du-233          0.10%    passed    100.00%
  42  COM_LP_269_Du-703          0.10%    passed    100.00%
  43  COM_LP_270_Du-704          0.10%    passed    100.00%
  44  COM_LP_272_Du-707          0.10%    passed    100.00%
  45  COM_LP_274_Du-709          0.10%    passed    100.00%
  46  COM_LP_276_Du-711          0.10%    passed    100.00%
  47  COM_LP_277_Du-712          0.10%    passed    100.00%
  48  COM_LP_341_Du-713          0.10%    passed    100.00%
  49  COM_LP_342_Du-714          0.10%    passed    100.00%
  50  COM_LP_343_Du-715          0.10%    passed    100.00%
  51  CROB_LP_169_Du-381         0.17%    passed    100.00%
  52  CROB_LP_170_Du-382         0.10%    passed    100.00%
  53  CROB_LP_172_Du-384         0.10%    passed    100.00%
  54  CROB_LP_173_Du-385         0.10%    passed    100.00%
  55  CROB_LP_174_Du-386         0.10%    passed    100.00%
  56  CROB_LP_175_Du-387         0.10%    passed    100.00%
  57  CROB_LP_176_Du-388         0.10%    passed    100.00%
  58  CROB_LP_177_Du-389         0.10%    passed    100.00%
  59  CROB_LP_320_Du-395         0.10%    passed    100.00%
  60  CROB_LP_321_Du-396         0.10%    passed    100.00%
  61  CROS_LP_085_Du-181         0.10%    passed    100.00%
  62  CROS_LP_086_Du-182         0.10%    passed    100.00%
  63  CROS_LP_087_Du-183         0.10%    passed    100.00%
  64  CROS_LP_088_Du-184         0.10%    passed    100.00%
  65  CROS_LP_089_Du-185         0.10%    passed     99.99%
  66  CROS_LP_090_Du-186         0.10%    passed    100.00%
  67  CROS_LP_091_Du-187         0.10%    passed    100.00%
  68  CROS_LP_092_Du-188         0.10%    passed     99.99%
  69  CROS_LP_093_Du-189         0.10%    passed    100.00%
  70  CROS_LP_094_Du-190         0.10%    passed    100.00%
  71  CY_ALA_LP_298-Du-767       0.11%    passed    100.00%
  72  CY_ALA_LP_299-Du-768       0.11%    passed     99.99%
  73  CY_ALA_LP_357_Du-769       0.11%    passed     99.99%
  74  CY_BAL_LP_226_Du-602       0.45%    passed     99.92%
  75  CY_BAL_LP_227_Du-603       0.30%    passed     99.93%
  76  CY_BAL_LP_228_Du-604       1.85%    passed     98.70%
  77  CY_BGL_LP_210_Du-577       0.10%    passed    100.00%
  78  CY_BGL_LP_212_Du-579       0.10%    passed    100.00%
  79  CY_BOU_LP_288_Du-737       0.11%    passed     99.99%
  80  CY_BOU_LP_290_Du-739       0.10%    passed     99.99%
  81  CY_BOU_LP_291_Du-740       0.11%    passed     99.99%
  82  CY_BOU_LP_292_Du-741       0.11%    passed     99.99%
  83  CY_BOU_LP_354_Du-742       0.10%    passed     99.99%
  84  CY_CAS_LP_328_Du-610       0.12%    passed    100.00%
  85  CY_CAS_LP_329_Du-611       0.11%    passed     99.99%
  86  CY_CAS_LP_330_Du-607       0.11%    passed     99.99%
  87  CY_CAS_LP_331_Du-608       0.12%    passed     99.99%
  88  CY_CAS_LP_332_Du-609       0.10%    passed     99.99%
  89  CY_HICN_LP_236_Du-614      0.10%    passed     99.99%
  90  CY_HICN_LP_333_Du-612      0.11%    passed    100.00%
  91  CY_HICN_LP_334_Du-613      0.12%    passed     99.99%
  92  CY_HICN_LP_335_Du-615      0.11%    passed     99.99%
  93  CY_HICN_LP_336_Du-616      0.11%    passed     99.99%
  94  CY_HICS_LP_293_Du-757      0.10%    passed     99.99%
  95  CY_HICS_LP_295_Du-759      0.25%    passed    100.00%
  96  CY_HICS_LP_297_Du-761      0.11%    passed     99.99%
  97  CY_HICS_LP_355_Du-762      0.11%    passed     99.99%
  98  CY_HICS_LP_356_Du-763      0.11%    passed     99.99%
  99  CY_HUN_LP_264_Du-683       0.12%    passed    100.00%
 100  CY_HUN_LP_265_Du-684      71.87%    passed     49.82%
 101  CY_HUN_LP_266_Du-685       0.12%    passed    100.00%
 102  CY_HUN_LP_267_Du-686       0.12%    passed    100.00%
 103  CY_HUN_LP_268_Du-687       0.16%    passed     99.99%
 104  CY_RED_LP_202_Du-561      97.73%    passed      6.23%
 105  CY_SIE_LP_188_Du-445       0.10%    passed     99.99%
 106  CY_SIE_LP_189_Du-446       0.10%    passed     99.99%
 107  CY_SIE_LP_190_Du-447       0.11%    passed     99.98%
 108  CY_SIE_LP_191_Du-448       0.10%    passed     99.99%
 109  CY_WOO_LP_259_Du-664       0.11%    passed     99.99%
 110  CY_WOO_LP_260_Du-665       0.11%    passed     99.99%
 111  CY_WOO_LP_261_Du-667       0.12%    passed     99.99%
 112  CY_WOO_LP_262_Du-668       0.11%    passed     99.98%
 113  CY_WOO_LP_263_Du-669       0.11%    passed     99.99%
 114  DAN_LP_043_Du-68           0.52%    passed     98.34%
 115  DAN_LP_044_Du-69           0.47%    passed     98.47%
 116  DAN_LP_045_Du-70           0.36%    passed     99.53%
 117  DAN_LP_046_Du-71           0.36%    passed     99.55%
 118  DAN_LP_047_Du-72           0.52%    passed     98.35%
 119  DOV_LP_078_Du-174          0.10%    passed     99.99%
 120  DOV_LP_079_Du-175          0.10%    passed     99.99%
 121  DOV_LP_080_Du-176          0.10%    passed     99.99%
 122  DOV_LP_081_Du-177          0.10%    passed     99.99%
 123  DOV_LP_082_Du-178          0.10%    passed     99.99%
 124  DOV_LP_083_Du-179          0.10%    passed     99.99%
 125  DOV_LP_084_Du-180          0.10%    passed     99.99%
 126  DUD_LP_132_Du-283          0.10%    passed    100.00%
 127  DUD_LP_133_Du-284          0.10%    passed    100.00%
 128  DUD_LP_134_Du-285          0.10%    passed    100.00%
 129  DUD_LP_135_Du-286          0.10%    passed    100.00%
 130  DUD_LP_136_Du-287          0.10%    passed    100.00%
 131  DUD_LP_137_Du-288          0.10%    passed     99.99%
 132  DUD_LP_138_Du-289          0.10%    passed    100.00%
 133  DUD_LP_139_Du-290          0.10%    passed    100.00%
 134  KIRN_LP_179_Du-421         0.10%    passed    100.00%
 135  KIRN_LP_180_Du-422         0.10%    passed    100.00%
 136  KIRN_LP_181_Du-423         0.10%    passed    100.00%
 137  KIRN_LP_182_Du-424         0.10%    passed    100.00%
 138  KIRN_LP_183_Du-425         0.10%    passed    100.00%
 139  KIRN_LP_184_Du-426         0.10%    passed    100.00%
 140  KIRN_LP_185_Du-427         0.10%    passed    100.00%
 141  KIRN_LP_186_Du-428         0.10%    passed    100.00%
 142  KIRN_LP_187_Du-429         0.10%    passed    100.00%
 143  KIRT_LP_159_Du-364         0.10%    passed    100.00%
 144  KIRT_LP_160_Du-365         0.10%    passed    100.00%
 145  KIRT_LP_161_Du-366         0.10%    passed    100.00%
 146  KIRT_LP_162_Du-367         0.10%    passed    100.00%
 147  KIRT_LP_163_Du-368         0.10%    passed    100.00%
 148  KIRT_LP_164_Du-369         0.10%    passed    100.00%
 149  KIRT_LP_165_Du-370         0.10%    passed    100.00%
 150  KIRT_LP_166_Du-371         0.10%    passed    100.00%
 151  KIRT_LP_167_Du-372         0.10%    passed    100.00%
 152  KIRT_LP_168_Du-373         0.10%    passed    100.00%
 153  MALV_LP_095_Du-201         0.10%    passed    100.00%
 154  MALV_LP_096_Du-202         0.10%    passed    100.00%
 155  MALV_LP_097_Du-203         0.10%    passed    100.00%
 156  MALV_LP_098_Du-204         0.10%    passed    100.00%
 157  MALV_LP_099_Du-205         0.10%    passed    100.00%
 158  MALV_LP_100_Du-206         0.10%    passed    100.00%
 159  MALV_LP_101_Du-207         0.10%    passed    100.00%
 160  MALV_LP_102_Du-208         0.10%    passed    100.00%
 161  MALV_LP_103_Du-209         0.10%    passed    100.00%
 162  MALV_LP_104_Du-210         0.10%    passed    100.00%
 163  OCO_LP_058_Du-115          0.13%    passed     99.99%
 164  OCO_LP_059_Du-106          0.13%    passed    100.00%
 165  OCO_LP_060_Du-107          0.12%    passed    100.00%
 166  OCO_LP_061_Du-108          0.10%    passed    100.00%
 167  OCO_LP_062_Du-109          0.12%    passed    100.00%
 168  OCO_LP_063_Du-110          0.11%    passed     99.99%
 169  OCO_LP_064_Du-111          0.13%    passed    100.00%
 170  OCO_LP_065_Du-112          0.11%    passed    100.00%
 171  OCO_LP_066_Du-113          0.14%    passed     99.99%
 172  OCO_LP_067_Du-114          0.13%    passed     99.99%
 173  QUI1_LP_249_Du-648         0.10%    passed     99.98%
 174  QUI1_LP_250_Du-649         0.11%    passed     99.96%
 175  QUI1_LP_251_Du-650         0.28%    passed     99.81%
 176  QUI1_LP_252_Du-651         0.11%    passed     99.98%
 177  QUI1_LP_253_Du-652         0.10%    passed     99.99%
 178  QUI1_LP_254_Du-653         0.14%    passed     99.97%
 179  QUI1_LP_255_Du-654         0.10%    passed     99.99%
 180  QUI1_LP_257_Du-656         0.12%    passed     99.96%
 181  QUI1_LP_258_Du-657         0.10%    passed     99.99%
 182  QUI2_LP_243_Du-631         1.11%    passed     99.93%
 183  QUI2_LP_244_Du-632         0.98%    passed     99.25%
 184  QUI2_LP_245_Du-633         0.84%    passed     99.85%
 185  QUI2_LP_246_Du-634         1.19%    passed     99.91%
 186  QUI2_LP_247_Du-635         0.91%    passed     99.79%
 187  QUI2_LP_248_Du-636         0.93%    passed     99.62%
 188  QUI2_LP_337_Du-638         0.95%    passed     99.77%
 189  QUI2_LP_338_Du-639         1.10%    passed     99.50%
 190  QUI2_LP_339_Du-640         1.18%    passed     99.98%
 191  QUI2_LP_340_Du-641         0.89%    passed     99.86%
 192  QUIN_LP_069_Du-155         1.21%    passed     99.89%
 193  QUIN_LP_070_Du-156         1.09%    passed     99.64%
 194  QUIN_LP_071_Du-157         0.99%    passed     99.89%
 195  QUIN_LP_072_Du-158         0.97%    passed     99.76%
 196  QUIN_LP_073_Du-159         0.92%    passed     99.83%
 197  QUIN_LP_074_Du-160         1.13%    passed     99.90%
 198  QUIN_LP_075_Du-161         1.12%    passed     99.80%
 199  QUIN_LP_076_Du-162         1.12%    passed     99.84%
 200  QUIN_LP_077_Du-163         0.98%    passed     99.69%
 201  QUIN_LP_318_Du-164         1.15%    passed     99.79%
 202  RIC_LP_192_Du-521          0.10%    passed    100.00%
 203  RIC_LP_193_Du-522          0.10%    passed    100.00%
 204  RIC_LP_194_Du-523          0.10%    passed    100.00%
 205  RIC_LP_195_Du-524          0.10%    passed    100.00%
 206  RIC_LP_196_Du-525          0.10%    passed    100.00%
 207  RIC_LP_197_Du-526          0.10%    passed    100.00%
 208  RIC_LP_198_Du-527          0.10%    passed    100.00%
 209  RIC_LP_199_Du-528          0.10%    passed    100.00%
 210  RIC_LP_200_Du-529          0.10%    passed    100.00%
 211  RIC_LP_201_Du-530          0.10%    passed    100.00%
 212  RSV_LP_049_Du-85           0.31%    passed     99.96%
 213  RSV_LP_050_Du-87           0.41%    passed     99.79%
 214  RSV_LP_051_Du-88           0.42%    passed     99.76%
 215  RSV_LP_052_Du-89           0.27%    passed     99.98%
 216  RSV_LP_053_Du-90           0.41%    passed     99.80%
 217  RSV_LP_055_Du-92           0.43%    passed     99.81%
 218  RSV_LP_057_Du-94           0.43%    passed     99.81%
 219  RSV_LP_315_Du-95           0.42%    passed     99.82%
 220  RSV_LP_316_Du-96           0.43%    passed     99.72%
 221  SILG_LP_149_Du-343         0.10%    passed     99.99%
 222  SILG_LP_150_Du-344         0.10%    passed     99.99%
 223  SILG_LP_151_Du-345         0.10%    passed     99.99%
 224  SILG_LP_152_Du-346         0.10%    passed     99.99%
 225  SILG_LP_153_Du-347         0.10%    passed     99.99%
 226  SILG_LP_154_Du-348         0.10%    passed     99.99%
 227  SILG_LP_155_Du-349         0.10%    passed     99.99%
 228  SILG_LP_156_Du-350         0.10%    passed     99.99%
 229  SILG_LP_157_Du-351         0.18%    passed     99.99%
 230  SILG_LP_158_Du-352         0.11%    passed     99.98%
 231  SILR_LP_346_Du-729         0.10%    passed    100.00%
 232  SILR_LP_347_Du-730         0.10%    passed    100.00%
 233  SILR_LP_348_Du-731         0.10%    passed    100.00%
 234  SILR_LP_349_Du-732         0.10%    passed    100.00%
 235  SILR_LP_351_Du-734         0.10%    passed    100.00%
 236  SILR_LP_353_Du-736         0.10%    passed    100.00%
 237  STI_LP_027_Du-45           0.43%    passed     99.81%
 238  STI_LP_028_Du-46           0.44%    passed     99.80%
 239  STI_LP_029_Du-47           0.61%    passed     99.87%
 240  STI_LP_030_Du-48           0.35%    passed     99.96%
 241  STI_LP_031_Du-49           0.41%    passed     99.83%
 242  STI_LP_032_Du-50           0.10%    passed     99.99%
 243  STI_LP_033_Du-51           0.45%    passed     99.82%
 244  STI_LP_034_Du-52           0.42%    passed     99.78%
 245  STI_LP_035_Du-53           0.43%    passed     99.83%
 246  STI_LP_036_Du-54           0.43%    passed     99.79%
 247  STI_LP_037_Du-55           0.42%    passed     99.72%
 248  STI_LP_038_Du-56           0.43%    passed     99.83%
 249  STI_LP_039_Du-57           0.42%    passed     99.78%
 250  STI_LP_040_Du-58           0.44%    passed     99.84%
 251  STI_LP_041_Du-60           0.41%    passed     99.82%
 252  STI_LP_042_Du-61           0.41%    passed     99.81%
 253  TIL_LP_123_Du-263          0.48%    passed     99.82%
 254  TIL_LP_124_Du-264          0.42%    passed     99.86%
 255  TIL_LP_125_Du-265          0.45%    passed     99.82%
 256  TIL_LP_126_Du-266          0.44%    passed     99.80%
 257  TIL_LP_127_Du-267          6.58%    passed     97.74%
 258  TIL_LP_128_Du-268          0.42%    passed     99.89%
 259  TIL_LP_129_Du-269          0.42%    passed     99.77%
 260  TIL_LP_130_Du-271          0.42%    passed     99.86%
 261  TIL_LP_131_Du-272          0.42%    passed     99.85%
 262  TULP_LP_115_Du-242         0.10%    passed     99.99%
 263  TULP_LP_116_Du-243         0.10%    passed    100.00%
 264  TULP_LP_117_Du-244         0.10%    passed    100.00%
 265  TULP_LP_118_Du-245         0.10%    passed    100.00%
 266  TULP_LP_119_Du-246         0.10%    passed    100.00%
 267  TULP_LP_120_Du-248         0.10%    passed     99.99%
 268  TULP_LP_121_Du-249         0.10%    passed    100.00%
 269  TULP_LP_122_Du-250         0.10%    passed    100.00%
 270  TULP_LP_140_Du-302         0.10%    passed    100.00%
 271  TULP_LP_141_Du-303         0.11%    passed     99.99%
 272  TULP_LP_142_Du-304         0.11%    passed     99.99%
 273  TULP_LP_143_Du-305         0.10%    passed    100.00%
 274  TULP_LP_144_Du-306         0.10%    passed    100.00%
 275  TULP_LP_145_Du-307         0.11%    passed     99.99%
 276  TULP_LP_146_Du-308         0.11%    passed     99.99%
 277  TULP_LP_147_Du-309         0.10%    passed     99.99%
 278  TULP_LP_148_Du-310         0.11%    passed     99.99%
WARNING: 3 sequences contain more than 50% gaps/ambiguity
****  TOTAL                      1.22%  1 sequences failed composition chi2 test (p-value<5%; df=3)
NOTE: BAI_LP_106_Du-223 is identical to DU-229 but kept for subsequent analysis
NOTE: DU-254 is identical to DU-247 but kept for subsequent analysis
NOTE: CY_SIE_LP_189_Du-446 is identical to DU-443 but kept for subsequent analysis
NOTE: CROS_LP_085_Du-181 is identical to DU-4A but kept for subsequent analysis
NOTE: DU037LP013 is identical to DU014LP012 but kept for subsequent analysis
NOTE: CY_BGL_LP_210_Du-577 is identical to ABBE_BERN_LP_311_Du-780 but kept for subsequent analysis
NOTE: ABMU_HOR_LP_361_Du-773 is identical to ABMU_HOR_LP_306_Du-775 but kept for subsequent analysis
NOTE: BAI_LP_108_Du-225 is identical to BAI_LP_105_Du-222 but kept for subsequent analysis
NOTE: BAI_LP_113_Du-231 is identical to BAI_LP_109_Du-226 but kept for subsequent analysis
NOTE: COM_LP_272_Du-707 is identical to COM_LP_270_Du-704 but kept for subsequent analysis
NOTE: COM_LP_277_Du-712 is identical to COM_LP_274_Du-709 but kept for subsequent analysis
NOTE: CROB_LP_173_Du-385 is identical to CROB_LP_170_Du-382 but kept for subsequent analysis
NOTE: MALV_LP_095_Du-201 is identical to CROB_LP_172_Du-384 but kept for subsequent analysis
NOTE: DUD_LP_137_Du-288 is identical to CROS_LP_089_Du-185 but kept for subsequent analysis
NOTE: CROS_LP_094_Du-190 is identical to CROS_LP_091_Du-187 but kept for subsequent analysis
NOTE: KIRN_LP_179_Du-421 is identical to CROS_LP_093_Du-189 but kept for subsequent analysis
NOTE: CY_ALA_LP_357_Du-769 is identical to CY_ALA_LP_299-Du-768 but kept for subsequent analysis
NOTE: CY_HICS_LP_297_Du-761 is identical to CY_BOU_LP_288_Du-737 but kept for subsequent analysis
NOTE: CY_HICS_LP_355_Du-762 is identical to CY_BOU_LP_292_Du-741 but kept for subsequent analysis
NOTE: CY_SIE_LP_188_Du-445 is identical to CY_HICN_LP_236_Du-614 but kept for subsequent analysis
NOTE: DOV_LP_079_Du-175 is identical to DOV_LP_078_Du-174 but kept for subsequent analysis
NOTE: QUI1_LP_255_Du-654 is identical to QUI1_LP_253_Du-652 but kept for subsequent analysis
NOTE: RSV_LP_057_Du-94 is identical to RSV_LP_055_Du-92 but kept for subsequent analysis
NOTE: SILG_LP_150_Du-344 is identical to SILG_LP_149_Du-343 but kept for subsequent analysis
NOTE: SILG_LP_152_Du-346 is identical to SILG_LP_151_Du-345 but kept for subsequent analysis
NOTE: SILR_LP_347_Du-730 is identical to SILR_LP_346_Du-729 but kept for subsequent analysis
NOTE: STI_LP_039_Du-57 is identical to STI_LP_034_Du-52 but kept for subsequent analysis
NOTE: STI_LP_038_Du-56 is identical to STI_LP_035_Du-53 but kept for subsequent analysis
NOTE: TULP_LP_147_Du-309 is identical to TULP_LP_115_Du-242 but kept for subsequent analysis
NOTE: TULP_LP_144_Du-306 is identical to TULP_LP_143_Du-305 but kept for subsequent analysis
Checking for duplicate sequences: done in 0.000760078 secs using 1432% CPU
Identifying sites to remove: done in 0.0190282 secs using 1501% CPU
NOTE: 85 identical sequences (see below) will be ignored for subsequent analysis
NOTE: BAI_LP_110_Du-227 (identical to DU-229) is ignored but added at the end
NOTE: BAI_LP_111_Du-228 (identical to DU-229) is ignored but added at the end
NOTE: DU-297 (identical to DU-247) is ignored but added at the end
NOTE: DUD_LP_132_Du-283 (identical to DU-247) is ignored but added at the end
NOTE: DUD_LP_133_Du-284 (identical to DU-247) is ignored but added at the end
NOTE: DUD_LP_134_Du-285 (identical to DU-247) is ignored but added at the end
NOTE: DUD_LP_135_Du-286 (identical to DU-247) is ignored but added at the end
NOTE: DUD_LP_136_Du-287 (identical to DU-247) is ignored but added at the end
NOTE: DUD_LP_138_Du-289 (identical to DU-247) is ignored but added at the end
NOTE: DUD_LP_139_Du-290 (identical to DU-247) is ignored but added at the end
NOTE: TULP_LP_116_Du-243 (identical to DU-247) is ignored but added at the end
NOTE: TULP_LP_117_Du-244 (identical to DU-247) is ignored but added at the end
NOTE: TULP_LP_118_Du-245 (identical to DU-247) is ignored but added at the end
NOTE: TULP_LP_119_Du-246 (identical to DU-247) is ignored but added at the end
NOTE: TULP_LP_121_Du-249 (identical to DU-247) is ignored but added at the end
NOTE: TULP_LP_122_Du-250 (identical to DU-247) is ignored but added at the end
NOTE: CROS_LP_086_Du-182 (identical to DU-4A) is ignored but added at the end
NOTE: CROS_LP_087_Du-183 (identical to DU-4A) is ignored but added at the end
NOTE: CROS_LP_088_Du-184 (identical to DU-4A) is ignored but added at the end
NOTE: CROS_LP_090_Du-186 (identical to DU-4A) is ignored but added at the end
NOTE: CY_BOU_LP_290_Du-739 (identical to DU014LP012) is ignored but added at the end
NOTE: CY_BOU_LP_354_Du-742 (identical to DU014LP012) is ignored but added at the end
NOTE: CY_HICS_LP_293_Du-757 (identical to DU014LP012) is ignored but added at the end
NOTE: BAI_LP_112_Du-230 (identical to BAI_LP_105_Du-222) is ignored but added at the end
NOTE: BAI_LP_114_Du-232 (identical to BAI_LP_105_Du-222) is ignored but added at the end
NOTE: BAI_LP_319_Du-233 (identical to BAI_LP_105_Du-222) is ignored but added at the end
NOTE: COM_LP_276_Du-711 (identical to COM_LP_270_Du-704) is ignored but added at the end
NOTE: COM_LP_341_Du-713 (identical to COM_LP_270_Du-704) is ignored but added at the end
NOTE: COM_LP_342_Du-714 (identical to COM_LP_270_Du-704) is ignored but added at the end
NOTE: COM_LP_343_Du-715 (identical to COM_LP_274_Du-709) is ignored but added at the end
NOTE: CROB_LP_174_Du-386 (identical to CROB_LP_170_Du-382) is ignored but added at the end
NOTE: CROB_LP_175_Du-387 (identical to CROB_LP_170_Du-382) is ignored but added at the end
NOTE: CROB_LP_176_Du-388 (identical to CROB_LP_170_Du-382) is ignored but added at the end
NOTE: CROB_LP_177_Du-389 (identical to CROB_LP_170_Du-382) is ignored but added at the end
NOTE: CROB_LP_320_Du-395 (identical to CROB_LP_170_Du-382) is ignored but added at the end
NOTE: CROB_LP_321_Du-396 (identical to CROB_LP_170_Du-382) is ignored but added at the end
NOTE: MALV_LP_096_Du-202 (identical to CROB_LP_172_Du-384) is ignored but added at the end
NOTE: MALV_LP_097_Du-203 (identical to CROB_LP_172_Du-384) is ignored but added at the end
NOTE: MALV_LP_098_Du-204 (identical to CROB_LP_172_Du-384) is ignored but added at the end
NOTE: MALV_LP_099_Du-205 (identical to CROB_LP_172_Du-384) is ignored but added at the end
NOTE: MALV_LP_100_Du-206 (identical to CROB_LP_172_Du-384) is ignored but added at the end
NOTE: MALV_LP_101_Du-207 (identical to CROB_LP_172_Du-384) is ignored but added at the end
NOTE: MALV_LP_102_Du-208 (identical to CROB_LP_172_Du-384) is ignored but added at the end
NOTE: MALV_LP_103_Du-209 (identical to CROB_LP_172_Du-384) is ignored but added at the end
NOTE: MALV_LP_104_Du-210 (identical to CROB_LP_172_Du-384) is ignored but added at the end
NOTE: KIRN_LP_180_Du-422 (identical to CROS_LP_093_Du-189) is ignored but added at the end
NOTE: KIRN_LP_181_Du-423 (identical to CROS_LP_093_Du-189) is ignored but added at the end
NOTE: KIRN_LP_182_Du-424 (identical to CROS_LP_093_Du-189) is ignored but added at the end
NOTE: KIRN_LP_183_Du-425 (identical to CROS_LP_093_Du-189) is ignored but added at the end
NOTE: KIRN_LP_184_Du-426 (identical to CROS_LP_093_Du-189) is ignored but added at the end
NOTE: KIRN_LP_185_Du-427 (identical to CROS_LP_093_Du-189) is ignored but added at the end
NOTE: KIRN_LP_186_Du-428 (identical to CROS_LP_093_Du-189) is ignored but added at the end
NOTE: KIRN_LP_187_Du-429 (identical to CROS_LP_093_Du-189) is ignored but added at the end
NOTE: KIRT_LP_159_Du-364 (identical to CROS_LP_093_Du-189) is ignored but added at the end
NOTE: KIRT_LP_160_Du-365 (identical to CROS_LP_093_Du-189) is ignored but added at the end
NOTE: KIRT_LP_161_Du-366 (identical to CROS_LP_093_Du-189) is ignored but added at the end
NOTE: KIRT_LP_162_Du-367 (identical to CROS_LP_093_Du-189) is ignored but added at the end
NOTE: KIRT_LP_163_Du-368 (identical to CROS_LP_093_Du-189) is ignored but added at the end
NOTE: KIRT_LP_164_Du-369 (identical to CROS_LP_093_Du-189) is ignored but added at the end
NOTE: KIRT_LP_165_Du-370 (identical to CROS_LP_093_Du-189) is ignored but added at the end
NOTE: KIRT_LP_166_Du-371 (identical to CROS_LP_093_Du-189) is ignored but added at the end
NOTE: KIRT_LP_167_Du-372 (identical to CROS_LP_093_Du-189) is ignored but added at the end
NOTE: KIRT_LP_168_Du-373 (identical to CROS_LP_093_Du-189) is ignored but added at the end
NOTE: RIC_LP_192_Du-521 (identical to CROS_LP_093_Du-189) is ignored but added at the end
NOTE: RIC_LP_193_Du-522 (identical to CROS_LP_093_Du-189) is ignored but added at the end
NOTE: RIC_LP_194_Du-523 (identical to CROS_LP_093_Du-189) is ignored but added at the end
NOTE: RIC_LP_195_Du-524 (identical to CROS_LP_093_Du-189) is ignored but added at the end
NOTE: RIC_LP_196_Du-525 (identical to CROS_LP_093_Du-189) is ignored but added at the end
NOTE: RIC_LP_198_Du-527 (identical to CROS_LP_093_Du-189) is ignored but added at the end
NOTE: RIC_LP_199_Du-528 (identical to CROS_LP_093_Du-189) is ignored but added at the end
NOTE: RIC_LP_200_Du-529 (identical to CROS_LP_093_Du-189) is ignored but added at the end
NOTE: RIC_LP_201_Du-530 (identical to CROS_LP_093_Du-189) is ignored but added at the end
NOTE: CY_HICS_LP_356_Du-763 (identical to CY_BOU_LP_288_Du-737) is ignored but added at the end
NOTE: DOV_LP_080_Du-176 (identical to DOV_LP_078_Du-174) is ignored but added at the end
NOTE: DOV_LP_081_Du-177 (identical to DOV_LP_078_Du-174) is ignored but added at the end
NOTE: DOV_LP_082_Du-178 (identical to DOV_LP_078_Du-174) is ignored but added at the end
NOTE: DOV_LP_083_Du-179 (identical to DOV_LP_078_Du-174) is ignored but added at the end
NOTE: DOV_LP_084_Du-180 (identical to DOV_LP_078_Du-174) is ignored but added at the end
NOTE: SILG_LP_153_Du-347 (identical to SILG_LP_149_Du-343) is ignored but added at the end
NOTE: SILG_LP_154_Du-348 (identical to SILG_LP_149_Du-343) is ignored but added at the end
NOTE: SILG_LP_155_Du-349 (identical to SILG_LP_151_Du-345) is ignored but added at the end
NOTE: SILR_LP_348_Du-731 (identical to SILR_LP_346_Du-729) is ignored but added at the end
NOTE: SILR_LP_349_Du-732 (identical to SILR_LP_346_Du-729) is ignored but added at the end
NOTE: SILR_LP_351_Du-734 (identical to SILR_LP_346_Du-729) is ignored but added at the end
NOTE: SILR_LP_353_Du-736 (identical to SILR_LP_346_Du-729) is ignored but added at the end
Alignment was printed to /home/neil/Downloads/dudleya/Dudleya_S_genomes/full_pipeline_run/results/19_bootstrap_phylogenetic_tree/mtDNA.primary.iqtree_ml.uniqueseq.phy

For your convenience alignment with unique sequences printed to /home/neil/Downloads/dudleya/Dudleya_S_genomes/full_pipeline_run/results/19_bootstrap_phylogenetic_tree/mtDNA.primary.iqtree_ml.uniqueseq.phy

Create initial parsimony tree by phylogenetic likelihood library (PLL)... 0.006 seconds
Generating 1000 samples for ultrafast bootstrap (seed: 608516)...

NOTE: 12 MB RAM (0 GB) is required!
WARNING: Number of threads seems too high for short alignments. Use -T AUTO to determine best number of threads.
Estimate model parameters (epsilon = 0.100)
1. Initial log-likelihood: -64267.445
2. Current log-likelihood: -64207.618
3. Current log-likelihood: -64207.017
4. Current log-likelihood: -64206.910
Optimal log-likelihood: -64206.836
Rate parameters:  A-C: 0.75901  A-G: 0.62723  A-T: 1.73917  C-G: 0.45373  C-T: 0.91787  G-T: 1.00000
Base frequencies:  A: 0.270  C: 0.223  G: 0.229  T: 0.278
Gamma shape alpha: 0.020
Parameters optimization took 4 rounds (0.070 sec)
Wrote distance file to... 
Computing ML distances based on estimated model parameters...
Calculating distance matrix: done in 0.014149 secs using 1596% CPU
Computing ML distances took 0.014295 sec (of wall-clock time) 0.227732 sec (of CPU time)
Setting up auxiliary I and S matrices: done in 0.00012517 secs using 1508% CPU
Constructing RapidNJ tree: done in 0.0257988 secs using 747.6% CPU
Computing RapidNJ tree took 0.025946 sec (of wall-clock time) 0.194979 sec (of CPU time)
Log-likelihood of RapidNJ tree: -64229.151
--------------------------------------------------------------------
|             INITIALIZING CANDIDATE TREE SET                      |
--------------------------------------------------------------------
Generating 98 parsimony trees... 0.488 second
Computing log-likelihood of 98 initial trees ... 0.312 seconds
Current best score: -64192.499

Do NNI search on 20 best initial trees
Estimate model parameters (epsilon = 0.100)
BETTER TREE FOUND at iteration 1: -64190.409
Estimate model parameters (epsilon = 0.100)
BETTER TREE FOUND at iteration 2: -64189.845
Estimate model parameters (epsilon = 0.100)
BETTER TREE FOUND at iteration 4: -64189.395
Iteration 10 / LogL: -64193.746 / Time: 0h:0m:4s
Iteration 20 / LogL: -64193.670 / Time: 0h:0m:8s
Finish initializing candidate tree set (20)
Current best tree score: -64189.395 / CPU time: 7.954
Number of iterations: 20
--------------------------------------------------------------------
|               OPTIMIZING CANDIDATE TREE SET                      |
--------------------------------------------------------------------
Iteration 30 / LogL: -64197.997 / Time: 0h:0m:9s (0h:0m:24s left)
Estimate model parameters (epsilon = 0.100)
BETTER TREE FOUND at iteration 34: -64187.551
Iteration 40 / LogL: -64197.944 / Time: 0h:0m:11s (0h:0m:26s left)
Iteration 50 / LogL: -64203.635 / Time: 0h:0m:12s (0h:0m:22s left)
Iteration 60 / LogL: -64188.753 / Time: 0h:0m:14s (0h:0m:18s left)
Iteration 70 / LogL: -64194.066 / Time: 0h:0m:16s (0h:0m:14s left)
Iteration 80 / LogL: -64192.927 / Time: 0h:0m:17s (0h:0m:12s left)
Iteration 90 / LogL: -64192.088 / Time: 0h:0m:19s (0h:0m:9s left)
Iteration 100 / LogL: -64219.402 / Time: 0h:0m:21s (0h:0m:7s left)
Iteration 110 / LogL: -64193.073 / Time: 0h:0m:23s (0h:0m:5s left)
Iteration 120 / LogL: -64202.863 / Time: 0h:0m:24s (0h:0m:2s left)
Iteration 130 / LogL: -64189.064 / Time: 0h:0m:25s (0h:0m:0s left)
Refining ufboot trees with NNI 1 branch...
100 samples done
200 samples done
300 samples done
400 samples done
500 samples done
600 samples done
700 samples done
800 samples done
900 samples done
1000 samples done
Total 1000 ufboot trees refined
TREE SEARCH COMPLETED AFTER 135 ITERATIONS / Time: 0h:1m:29s

--------------------------------------------------------------------
|                    FINALIZING TREE SEARCH                        |
--------------------------------------------------------------------
Performs final model parameters optimization
Estimate model parameters (epsilon = 0.010)
1. Initial log-likelihood: -64187.551
Optimal log-likelihood: -64187.545
Rate parameters:  A-C: 0.67611  A-G: 0.57885  A-T: 1.62896  C-G: 0.43891  C-T: 0.82569  G-T: 1.00000
Base frequencies:  A: 0.270  C: 0.223  G: 0.229  T: 0.278
Gamma shape alpha: 0.020
Parameters optimization took 1 rounds (0.030 sec)
BEST SCORE FOUND : -64187.545
Creating bootstrap support values...
Split supports printed to NEXUS file /home/neil/Downloads/dudleya/Dudleya_S_genomes/full_pipeline_run/results/19_bootstrap_phylogenetic_tree/mtDNA.primary.iqtree_ml.splits.nex
Total tree length: 0.005

Total number of iterations: 135
CPU time used for tree search: 1377.559 sec (0h:22m:57s)
Wall-clock time used for tree search: 89.326 sec (0h:1m:29s)
Total CPU time used: 1383.949 sec (0h:23m:3s)
Total wall-clock time used: 89.876 sec (0h:1m:29s)
UFBoot trees printed to /home/neil/Downloads/dudleya/Dudleya_S_genomes/full_pipeline_run/results/19_bootstrap_phylogenetic_tree/mtDNA.primary.iqtree_ml.ufboot

Computing bootstrap consensus tree...
Reading input file /home/neil/Downloads/dudleya/Dudleya_S_genomes/full_pipeline_run/results/19_bootstrap_phylogenetic_tree/mtDNA.primary.iqtree_ml.splits.nex...
193 taxa and 11388 splits.
Consensus tree written to /home/neil/Downloads/dudleya/Dudleya_S_genomes/full_pipeline_run/results/19_bootstrap_phylogenetic_tree/mtDNA.primary.iqtree_ml.contree
Reading input trees file /home/neil/Downloads/dudleya/Dudleya_S_genomes/full_pipeline_run/results/19_bootstrap_phylogenetic_tree/mtDNA.primary.iqtree_ml.contree
Log-likelihood of consensus tree: -64216.871

Analysis results written to: 
  IQ-TREE report:                /home/neil/Downloads/dudleya/Dudleya_S_genomes/full_pipeline_run/results/19_bootstrap_phylogenetic_tree/mtDNA.primary.iqtree_ml.iqtree
  Maximum-likelihood tree:       /home/neil/Downloads/dudleya/Dudleya_S_genomes/full_pipeline_run/results/19_bootstrap_phylogenetic_tree/mtDNA.primary.iqtree_ml.treefile
  Likelihood distances:          /home/neil/Downloads/dudleya/Dudleya_S_genomes/full_pipeline_run/results/19_bootstrap_phylogenetic_tree/mtDNA.primary.iqtree_ml.mldist

Ultrafast bootstrap approximation results written to:
  Split support values:          /home/neil/Downloads/dudleya/Dudleya_S_genomes/full_pipeline_run/results/19_bootstrap_phylogenetic_tree/mtDNA.primary.iqtree_ml.splits.nex
  Consensus tree:                /home/neil/Downloads/dudleya/Dudleya_S_genomes/full_pipeline_run/results/19_bootstrap_phylogenetic_tree/mtDNA.primary.iqtree_ml.contree
  UFBoot trees:                  /home/neil/Downloads/dudleya/Dudleya_S_genomes/full_pipeline_run/results/19_bootstrap_phylogenetic_tree/mtDNA.primary.iqtree_ml.ufboot
  Screen log file:               /home/neil/Downloads/dudleya/Dudleya_S_genomes/full_pipeline_run/results/19_bootstrap_phylogenetic_tree/mtDNA.primary.iqtree_ml.log

Date and Time: Wed Jul  8 18:46:42 2026
