IQ-TREE version 3.1.2 for Linux x86 64-bit built May 17 2026
Developed by Bui Quang Minh, Thomas Wong, Nhan Ly-Trong, Huaiyan Ren
Contributed by Lam-Tung Nguyen, Dominik Schrempf, Chris Bielow,
Olga Chernomor, Michael Woodhams, Diep Thi Hoang, Heiko Schmidt

Host:    sparky (AVX512, FMA3, 30 GB RAM)
Command: /home/neil/miniconda3/bin/iqtree -s dudleya_organelle_alignment_pipeline/results/11_callable_consensus/cpDNA.primary.callable_consensus.fa --seqtype DNA -m GTR+F+G4 --prefix dudleya_organelle_alignment_pipeline/results/19_bootstrap_phylogenetic_tree/cpDNA.primary.iqtree_ml -T 4 --safe --redo --quiet -B 1000 --bnni
Seed:    553864 (Using SPRNG - Scalable Parallel Random Number Generator)
Time:    Tue Jul  7 23:12:23 2026
Kernel:  Safe AVX+FMA - 4 threads (16 CPU cores detected)

Reading alignment file dudleya_organelle_alignment_pipeline/results/11_callable_consensus/cpDNA.primary.callable_consensus.fa ... Fasta format detected
Reading fasta file: done in 0.166067 secs using 98.16% CPU
Alignment most likely contains DNA/RNA sequences
Constructing alignment: done in 0.0800419 secs using 360% CPU
WARNING: 459 sites contain only gaps or ambiguous characters.
Alignment has 275 sequences with 124538 columns, 848 distinct patterns
2015 parsimony-informative, 0 singleton sites, 122523 constant sites
                         Gap/Ambiguity  Composition  p-value
Analyzing sequences: done in 6.58035e-05 secs using 340.4% CPU
   1  DU-173                     0.37%    passed     99.99%
   2  DU-229                     0.37%    passed     99.99%
   3  DU-247                     0.37%    passed     99.99%
   4  DU-254                     0.37%    passed     99.98%
   5  DU-270                     0.37%    passed    100.00%
   6  DU-297                     0.37%    passed     99.98%
   7  DU-443                     0.37%    passed     99.98%
   8  DU-4A                      0.37%    passed     99.99%
   9  DU014LP012                 0.37%    passed     99.95%
  10  DU037LP013                 0.37%    passed     99.95%
  11  DU059LP015                 0.37%    passed     99.98%
  12  DU078LP011                 0.37%    passed     99.83%
  13  DU079LP010                 0.37%    passed     99.83%
  14  ABAB_MAD_LP_223_Du-590     0.39%    passed     99.59%
  15  ABAB_MAD_LP_322_Du-593     0.37%    passed     99.68%
  16  ABAB_MAD_LP_323_Du-594     0.39%    passed     99.74%
  17  ABAB_MAD_LP_324_Du-595     0.37%    passed     99.80%
  18  ABAB_MAD_LP_325_Du-596     0.37%    passed     99.75%
  19  ABAB_MAD_LP_326_Du-597     0.38%    passed     99.65%
  20  ABAB_MAD_LP_327_Du-598     0.38%    passed     99.62%
  21  ABBE_BERN_LP_311_Du-780    0.37%    passed     99.96%
  22  ABBE_BERN_LP_312_Du-781    0.37%    passed     99.98%
  23  ABBE_BERN_LP_313_Du-782    0.38%    passed     99.98%
  24  ABBE_BERN_LP_314_Du-783    0.37%    passed     99.98%
  25  ABMU_HOR_LP_306_Du-775     0.38%    passed     99.67%
  26  ABMU_HOR_LP_308_Du-777     0.37%    passed     99.70%
  27  ABMU_HOR_LP_358_Du-770     0.38%    passed     99.72%
  28  ABMU_HOR_LP_359_Du-771     0.38%    passed     99.63%
  29  ABMU_HOR_LP_360_Du-772     0.38%    passed     99.70%
  30  ABMU_HOR_LP_361_Du-773     0.38%    passed     99.67%
  31  BAI_LP_105_Du-222          0.37%    passed    100.00%
  32  BAI_LP_106_Du-223          0.37%    passed     99.99%
  33  BAI_LP_108_Du-225          0.37%    passed     99.99%
  34  BAI_LP_109_Du-226          0.37%    passed     99.98%
  35  BAI_LP_110_Du-227          0.37%    passed     99.99%
  36  BAI_LP_111_Du-228          0.37%    passed     99.98%
  37  BAI_LP_112_Du-230          0.37%    passed     99.99%
  38  BAI_LP_113_Du-231          0.37%    passed     99.99%
  39  BAI_LP_114_Du-232          0.37%    passed     99.99%
  40  BAI_LP_319_Du-233          0.37%    passed     99.99%
  41  COM_LP_269_Du-703          0.37%    passed     99.93%
  42  COM_LP_270_Du-704          0.37%    passed     99.89%
  43  COM_LP_272_Du-707          0.37%    passed     99.89%
  44  COM_LP_274_Du-709          0.37%    passed     99.90%
  45  COM_LP_276_Du-711          0.37%    passed     99.89%
  46  COM_LP_277_Du-712          0.37%    passed     99.89%
  47  COM_LP_341_Du-713          0.37%    passed     99.91%
  48  COM_LP_342_Du-714          0.37%    passed     99.90%
  49  COM_LP_343_Du-715          0.37%    passed     99.89%
  50  CROB_LP_169_Du-381         0.37%    passed     99.99%
  51  CROB_LP_170_Du-382         0.37%    passed     99.99%
  52  CROB_LP_172_Du-384         0.37%    passed     99.98%
  53  CROB_LP_173_Du-385         0.37%    passed     99.99%
  54  CROB_LP_174_Du-386         0.37%    passed     99.99%
  55  CROB_LP_175_Du-387         0.37%    passed     99.99%
  56  CROB_LP_176_Du-388         0.37%    passed     99.99%
  57  CROB_LP_177_Du-389         0.37%    passed     99.99%
  58  CROB_LP_320_Du-395         0.37%    passed     99.99%
  59  CROB_LP_321_Du-396         0.37%    passed     99.98%
  60  CROS_LP_085_Du-181         0.37%    passed     99.99%
  61  CROS_LP_086_Du-182         0.37%    passed     99.99%
  62  CROS_LP_087_Du-183         0.37%    passed     99.99%
  63  CROS_LP_088_Du-184         0.37%    passed     99.99%
  64  CROS_LP_089_Du-185         0.37%    passed     99.99%
  65  CROS_LP_090_Du-186         0.37%    passed     99.99%
  66  CROS_LP_091_Du-187         0.38%    passed     99.97%
  67  CROS_LP_092_Du-188         0.37%    passed     99.97%
  68  CROS_LP_093_Du-189         0.37%    passed     99.99%
  69  CROS_LP_094_Du-190         0.37%    passed     99.97%
  70  CY_ALA_LP_298-Du-767       0.37%    passed     99.98%
  71  CY_ALA_LP_299-Du-768       0.37%    passed     99.98%
  72  CY_ALA_LP_357_Du-769       0.37%    passed     99.98%
  73  CY_BAL_LP_226_Du-602       0.37%    passed     99.98%
  74  CY_BAL_LP_227_Du-603       0.38%    passed     99.98%
  75  CY_BAL_LP_228_Du-604       0.40%    passed     99.97%
  76  CY_BGL_LP_210_Du-577       0.37%    passed     99.98%
  77  CY_BGL_LP_212_Du-579       0.37%    passed     99.99%
  78  CY_BOU_LP_288_Du-737       0.37%    passed     99.98%
  79  CY_BOU_LP_290_Du-739       0.37%    passed     99.98%
  80  CY_BOU_LP_291_Du-740       0.37%    passed     99.98%
  81  CY_BOU_LP_292_Du-741       0.37%    passed     99.98%
  82  CY_BOU_LP_354_Du-742       0.37%    passed     99.97%
  83  CY_CAS_LP_328_Du-610       0.37%    passed     99.96%
  84  CY_CAS_LP_329_Du-611       0.37%    passed     99.96%
  85  CY_CAS_LP_330_Du-607       0.40%    passed     99.97%
  86  CY_CAS_LP_331_Du-608       0.37%    passed     99.96%
  87  CY_CAS_LP_332_Du-609       0.37%    passed     99.97%
  88  CY_HICN_LP_236_Du-614      0.37%    passed     99.98%
  89  CY_HICN_LP_333_Du-612      0.37%    passed     99.98%
  90  CY_HICN_LP_334_Du-613      0.38%    passed     99.98%
  91  CY_HICN_LP_335_Du-615      0.37%    passed     99.98%
  92  CY_HICN_LP_336_Du-616      0.37%    passed     99.98%
  93  CY_HICS_LP_293_Du-757      0.37%    passed    100.00%
  94  CY_HICS_LP_295_Du-759      0.38%    passed    100.00%
  95  CY_HICS_LP_297_Du-761      0.37%    passed    100.00%
  96  CY_HICS_LP_355_Du-762      0.37%    passed    100.00%
  97  CY_HICS_LP_356_Du-763      0.37%    passed    100.00%
  98  CY_HUN_LP_264_Du-683       0.41%    passed     99.39%
  99  CY_HUN_LP_266_Du-685       0.40%    passed     99.55%
 100  CY_HUN_LP_267_Du-686       0.39%    passed     99.45%
 101  CY_HUN_LP_268_Du-687       0.39%    passed     99.49%
 102  CY_SIE_LP_188_Du-445       0.37%    passed     99.98%
 103  CY_SIE_LP_189_Du-446       0.37%    passed     99.98%
 104  CY_SIE_LP_190_Du-447       0.37%    passed     99.98%
 105  CY_SIE_LP_191_Du-448       0.37%    passed     99.96%
 106  CY_WOO_LP_259_Du-664       0.37%    passed     99.97%
 107  CY_WOO_LP_260_Du-665       0.37%    passed     99.96%
 108  CY_WOO_LP_261_Du-667       0.37%    passed    100.00%
 109  CY_WOO_LP_262_Du-668       0.37%    passed     99.95%
 110  CY_WOO_LP_263_Du-669       0.37%    passed     99.96%
 111  DAN_LP_043_Du-68           0.37%    passed     99.86%
 112  DAN_LP_044_Du-69           0.37%    passed     99.82%
 113  DAN_LP_045_Du-70           0.37%    passed     99.88%
 114  DAN_LP_046_Du-71           0.37%    passed     99.88%
 115  DAN_LP_047_Du-72           0.37%    passed     99.82%
 116  DOV_LP_078_Du-174          0.37%    passed     99.96%
 117  DOV_LP_079_Du-175          0.37%    passed     99.98%
 118  DOV_LP_080_Du-176          0.37%    passed     99.97%
 119  DOV_LP_081_Du-177          0.37%    passed     99.98%
 120  DOV_LP_082_Du-178          0.37%    passed     99.97%
 121  DOV_LP_083_Du-179          0.37%    passed     99.98%
 122  DOV_LP_084_Du-180          0.37%    passed     99.97%
 123  DUD_LP_132_Du-283          0.37%    passed     99.98%
 124  DUD_LP_133_Du-284          0.37%    passed     99.98%
 125  DUD_LP_134_Du-285          0.37%    passed     99.98%
 126  DUD_LP_135_Du-286          0.37%    passed     99.98%
 127  DUD_LP_136_Du-287          0.37%    passed     99.98%
 128  DUD_LP_137_Du-288          0.37%    passed     99.99%
 129  DUD_LP_138_Du-289          0.37%    passed     99.98%
 130  DUD_LP_139_Du-290          0.37%    passed     99.98%
 131  KIRN_LP_179_Du-421         0.37%    passed     99.99%
 132  KIRN_LP_180_Du-422         0.37%    passed     99.98%
 133  KIRN_LP_181_Du-423         0.37%    passed     99.98%
 134  KIRN_LP_182_Du-424         0.37%    passed     99.98%
 135  KIRN_LP_183_Du-425         0.37%    passed     99.98%
 136  KIRN_LP_184_Du-426         0.37%    passed     99.98%
 137  KIRN_LP_185_Du-427         0.37%    passed     99.98%
 138  KIRN_LP_186_Du-428         0.37%    passed     99.98%
 139  KIRN_LP_187_Du-429         0.37%    passed     99.99%
 140  KIRT_LP_159_Du-364         0.37%    passed     99.98%
 141  KIRT_LP_160_Du-365         0.37%    passed     99.99%
 142  KIRT_LP_161_Du-366         0.37%    passed     99.98%
 143  KIRT_LP_162_Du-367         0.37%    passed     99.98%
 144  KIRT_LP_163_Du-368         0.37%    passed     99.99%
 145  KIRT_LP_164_Du-369         0.37%    passed     99.98%
 146  KIRT_LP_165_Du-370         0.37%    passed     99.99%
 147  KIRT_LP_166_Du-371         0.37%    passed     99.99%
 148  KIRT_LP_167_Du-372         0.37%    passed     99.98%
 149  KIRT_LP_168_Du-373         0.37%    passed     99.98%
 150  MALV_LP_095_Du-201         0.37%    passed     99.98%
 151  MALV_LP_096_Du-202         0.37%    passed     99.98%
 152  MALV_LP_097_Du-203         0.37%    passed     99.98%
 153  MALV_LP_098_Du-204         0.37%    passed     99.98%
 154  MALV_LP_099_Du-205         0.37%    passed     99.99%
 155  MALV_LP_100_Du-206         0.37%    passed     99.98%
 156  MALV_LP_101_Du-207         0.37%    passed     99.99%
 157  MALV_LP_102_Du-208         0.37%    passed     99.99%
 158  MALV_LP_103_Du-209         0.37%    passed     99.98%
 159  MALV_LP_104_Du-210         0.37%    passed     99.98%
 160  OCO_LP_058_Du-115          0.37%    passed     99.50%
 161  OCO_LP_059_Du-106          0.39%    passed     99.19%
 162  OCO_LP_060_Du-107          0.41%    passed     99.13%
 163  OCO_LP_061_Du-108          0.37%    passed     99.26%
 164  OCO_LP_062_Du-109          0.37%    passed     99.34%
 165  OCO_LP_063_Du-110          0.39%    passed     99.35%
 166  OCO_LP_064_Du-111          0.39%    passed     99.39%
 167  OCO_LP_065_Du-112          0.38%    passed     99.29%
 168  OCO_LP_066_Du-113          0.38%    passed     99.39%
 169  OCO_LP_067_Du-114          0.40%    passed     99.43%
 170  QUI1_LP_249_Du-648         0.37%    passed     99.96%
 171  QUI1_LP_250_Du-649         0.37%    passed     99.97%
 172  QUI1_LP_251_Du-650         0.37%    passed     99.98%
 173  QUI1_LP_252_Du-651         0.37%    passed     99.97%
 174  QUI1_LP_253_Du-652         0.37%    passed     99.97%
 175  QUI1_LP_254_Du-653         0.37%    passed     99.97%
 176  QUI1_LP_255_Du-654         0.37%    passed     99.96%
 177  QUI1_LP_257_Du-656         0.37%    passed     99.97%
 178  QUI1_LP_258_Du-657         0.37%    passed     99.96%
 179  QUI2_LP_243_Du-631         0.37%    passed     99.99%
 180  QUI2_LP_244_Du-632         0.37%    passed     99.99%
 181  QUI2_LP_245_Du-633         0.37%    passed     99.99%
 182  QUI2_LP_246_Du-634         0.37%    passed     99.99%
 183  QUI2_LP_247_Du-635         0.37%    passed     99.99%
 184  QUI2_LP_248_Du-636         0.37%    passed     99.99%
 185  QUI2_LP_337_Du-638         0.37%    passed     99.99%
 186  QUI2_LP_338_Du-639         0.37%    passed     99.99%
 187  QUI2_LP_339_Du-640         0.37%    passed     99.99%
 188  QUI2_LP_340_Du-641         0.37%    passed     99.99%
 189  QUIN_LP_069_Du-155         0.37%    passed     99.99%
 190  QUIN_LP_070_Du-156         0.37%    passed     99.99%
 191  QUIN_LP_071_Du-157         0.37%    passed     99.98%
 192  QUIN_LP_072_Du-158         0.37%    passed     99.99%
 193  QUIN_LP_073_Du-159         0.37%    passed     99.99%
 194  QUIN_LP_074_Du-160         0.37%    passed     99.98%
 195  QUIN_LP_075_Du-161         0.37%    passed     99.99%
 196  QUIN_LP_076_Du-162         0.37%    passed     99.99%
 197  QUIN_LP_077_Du-163         0.37%    passed     99.99%
 198  QUIN_LP_318_Du-164         0.37%    passed     99.99%
 199  RIC_LP_192_Du-521          0.37%    passed     99.99%
 200  RIC_LP_193_Du-522          0.37%    passed     99.99%
 201  RIC_LP_194_Du-523          0.37%    passed     99.99%
 202  RIC_LP_195_Du-524          0.37%    passed     99.99%
 203  RIC_LP_196_Du-525          0.37%    passed     99.99%
 204  RIC_LP_197_Du-526          0.37%    passed     99.99%
 205  RIC_LP_198_Du-527          0.37%    passed     99.99%
 206  RIC_LP_199_Du-528          0.37%    passed     99.99%
 207  RIC_LP_200_Du-529          0.37%    passed     99.99%
 208  RIC_LP_201_Du-530          0.37%    passed     99.99%
 209  RSV_LP_049_Du-85           0.37%    passed     99.99%
 210  RSV_LP_050_Du-87           0.37%    passed     99.99%
 211  RSV_LP_051_Du-88           0.37%    passed     99.99%
 212  RSV_LP_052_Du-89           0.37%    passed     99.99%
 213  RSV_LP_053_Du-90           0.37%    passed     99.99%
 214  RSV_LP_055_Du-92           0.37%    passed     99.99%
 215  RSV_LP_057_Du-94           0.37%    passed     99.99%
 216  RSV_LP_315_Du-95           0.37%    passed     99.99%
 217  RSV_LP_316_Du-96           0.37%    passed     99.99%
 218  SILG_LP_149_Du-343         0.37%    passed     99.98%
 219  SILG_LP_150_Du-344         0.37%    passed     99.98%
 220  SILG_LP_151_Du-345         0.37%    passed     99.99%
 221  SILG_LP_152_Du-346         0.37%    passed     99.99%
 222  SILG_LP_153_Du-347         0.37%    passed     99.98%
 223  SILG_LP_154_Du-348         0.37%    passed     99.98%
 224  SILG_LP_155_Du-349         0.37%    passed     99.99%
 225  SILG_LP_156_Du-350         0.38%    passed     99.99%
 226  SILG_LP_157_Du-351         0.37%    passed     99.96%
 227  SILG_LP_158_Du-352         0.38%    passed     99.98%
 228  SILR_LP_346_Du-729         0.37%    passed     99.78%
 229  SILR_LP_347_Du-730         0.37%    passed     99.78%
 230  SILR_LP_348_Du-731         0.37%    passed     99.78%
 231  SILR_LP_349_Du-732         0.37%    passed     99.78%
 232  SILR_LP_351_Du-734         0.37%    passed     99.86%
 233  SILR_LP_353_Du-736         0.37%    passed     99.93%
 234  STI_LP_027_Du-45           0.37%    passed     99.99%
 235  STI_LP_028_Du-46           0.37%    passed     99.99%
 236  STI_LP_029_Du-47           0.38%    passed     99.99%
 237  STI_LP_030_Du-48           0.38%    passed    100.00%
 238  STI_LP_031_Du-49           0.37%    passed     99.97%
 239  STI_LP_032_Du-50           0.37%    passed     99.99%
 240  STI_LP_033_Du-51           0.38%    passed     99.99%
 241  STI_LP_034_Du-52           0.37%    passed     99.99%
 242  STI_LP_035_Du-53           0.37%    passed     99.98%
 243  STI_LP_036_Du-54           0.37%    passed     99.99%
 244  STI_LP_037_Du-55           0.38%    passed     99.98%
 245  STI_LP_038_Du-56           0.38%    passed     99.99%
 246  STI_LP_039_Du-57           0.38%    passed     99.99%
 247  STI_LP_040_Du-58           0.37%    passed    100.00%
 248  STI_LP_041_Du-60           0.37%    passed     99.99%
 249  STI_LP_042_Du-61           0.37%    passed    100.00%
 250  TIL_LP_123_Du-263          0.47%    passed     99.98%
 251  TIL_LP_124_Du-264          0.37%    passed    100.00%
 252  TIL_LP_125_Du-265          0.37%    passed    100.00%
 253  TIL_LP_126_Du-266          0.38%    passed    100.00%
 254  TIL_LP_127_Du-267          0.41%    passed     99.99%
 255  TIL_LP_128_Du-268          0.37%    passed     99.99%
 256  TIL_LP_129_Du-269          0.43%    passed     99.97%
 257  TIL_LP_130_Du-271          0.37%    passed    100.00%
 258  TIL_LP_131_Du-272          0.38%    passed    100.00%
 259  TULP_LP_115_Du-242         0.37%    passed     99.98%
 260  TULP_LP_116_Du-243         0.37%    passed     99.98%
 261  TULP_LP_117_Du-244         0.37%    passed     99.99%
 262  TULP_LP_118_Du-245         0.37%    passed     99.98%
 263  TULP_LP_119_Du-246         0.37%    passed     99.98%
 264  TULP_LP_120_Du-248         0.37%    passed     99.98%
 265  TULP_LP_121_Du-249         0.37%    passed     99.98%
 266  TULP_LP_122_Du-250         0.37%    passed     99.98%
 267  TULP_LP_140_Du-302         0.37%    passed     99.98%
 268  TULP_LP_141_Du-303         0.37%    passed     99.99%
 269  TULP_LP_142_Du-304         0.37%    passed     99.98%
 270  TULP_LP_143_Du-305         0.37%    passed     99.99%
 271  TULP_LP_144_Du-306         0.37%    passed     99.99%
 272  TULP_LP_145_Du-307         0.37%    passed     99.98%
 273  TULP_LP_146_Du-308         0.37%    passed     99.98%
 274  TULP_LP_147_Du-309         0.37%    passed     99.98%
 275  TULP_LP_148_Du-310         0.37%    passed     99.98%
****  TOTAL                      0.37%  0 sequences failed composition chi2 test (p-value<5%; df=3)
NOTE: minimal branch length is reduced to 0.000000802968 for long alignment
NOTE: TULP_LP_117_Du-244 is identical to DU-247 but kept for subsequent analysis
NOTE: TULP_LP_116_Du-243 is identical to DU-254 but kept for subsequent analysis
NOTE: CROS_LP_085_Du-181 is identical to DU-4A but kept for subsequent analysis
NOTE: DU079LP010 is identical to DU078LP011 but kept for subsequent analysis
NOTE: COM_LP_276_Du-711 is identical to COM_LP_272_Du-707 but kept for subsequent analysis
NOTE: CROB_LP_173_Du-385 is identical to CROB_LP_170_Du-382 but kept for subsequent analysis
NOTE: CROB_LP_320_Du-395 is identical to CROB_LP_177_Du-389 but kept for subsequent analysis
NOTE: DAN_LP_047_Du-72 is identical to DAN_LP_044_Du-69 but kept for subsequent analysis
NOTE: DAN_LP_046_Du-71 is identical to DAN_LP_045_Du-70 but kept for subsequent analysis
NOTE: DOV_LP_083_Du-179 is identical to DOV_LP_079_Du-175 but kept for subsequent analysis
NOTE: DUD_LP_133_Du-284 is identical to DUD_LP_132_Du-283 but kept for subsequent analysis
NOTE: TULP_LP_140_Du-302 is identical to DUD_LP_139_Du-290 but kept for subsequent analysis
NOTE: KIRN_LP_187_Du-429 is identical to KIRN_LP_179_Du-421 but kept for subsequent analysis
NOTE: KIRN_LP_181_Du-423 is identical to KIRN_LP_180_Du-422 but kept for subsequent analysis
NOTE: KIRT_LP_163_Du-368 is identical to KIRT_LP_160_Du-365 but kept for subsequent analysis
NOTE: MALV_LP_096_Du-202 is identical to MALV_LP_095_Du-201 but kept for subsequent analysis
NOTE: MALV_LP_101_Du-207 is identical to MALV_LP_099_Du-205 but kept for subsequent analysis
NOTE: QUI1_LP_258_Du-657 is identical to QUI1_LP_255_Du-654 but kept for subsequent analysis
NOTE: QUI2_LP_247_Du-635 is identical to QUI2_LP_243_Du-631 but kept for subsequent analysis
NOTE: QUIN_LP_076_Du-162 is identical to QUIN_LP_075_Du-161 but kept for subsequent analysis
NOTE: RIC_LP_193_Du-522 is identical to RIC_LP_192_Du-521 but kept for subsequent analysis
NOTE: RSV_LP_052_Du-89 is identical to RSV_LP_049_Du-85 but kept for subsequent analysis
NOTE: SILR_LP_347_Du-730 is identical to SILR_LP_346_Du-729 but kept for subsequent analysis
NOTE: TULP_LP_120_Du-248 is identical to TULP_LP_115_Du-242 but kept for subsequent analysis
NOTE: TULP_LP_119_Du-246 is identical to TULP_LP_118_Du-245 but kept for subsequent analysis
NOTE: TULP_LP_144_Du-306 is identical to TULP_LP_143_Du-305 but kept for subsequent analysis
Checking for duplicate sequences: done in 0.00027895 secs using 380.7% CPU
Identifying sites to remove: done in 0.0501101 secs using 394% CPU
NOTE: 34 identical sequences (see below) will be ignored for subsequent analysis
NOTE: TULP_LP_122_Du-250 (identical to DU-254) is ignored but added at the end
NOTE: CROS_LP_086_Du-182 (identical to DU-4A) is ignored but added at the end
NOTE: CROS_LP_090_Du-186 (identical to DU-4A) is ignored but added at the end
NOTE: COM_LP_277_Du-712 (identical to COM_LP_272_Du-707) is ignored but added at the end
NOTE: COM_LP_343_Du-715 (identical to COM_LP_272_Du-707) is ignored but added at the end
NOTE: CROB_LP_174_Du-386 (identical to CROB_LP_170_Du-382) is ignored but added at the end
NOTE: CROB_LP_175_Du-387 (identical to CROB_LP_170_Du-382) is ignored but added at the end
NOTE: CROB_LP_176_Du-388 (identical to CROB_LP_170_Du-382) is ignored but added at the end
NOTE: DUD_LP_134_Du-285 (identical to DUD_LP_132_Du-283) is ignored but added at the end
NOTE: DUD_LP_135_Du-286 (identical to DUD_LP_132_Du-283) is ignored but added at the end
NOTE: DUD_LP_138_Du-289 (identical to DUD_LP_132_Du-283) is ignored but added at the end
NOTE: KIRN_LP_182_Du-424 (identical to KIRN_LP_180_Du-422) is ignored but added at the end
NOTE: KIRN_LP_183_Du-425 (identical to KIRN_LP_180_Du-422) is ignored but added at the end
NOTE: KIRN_LP_184_Du-426 (identical to KIRN_LP_180_Du-422) is ignored but added at the end
NOTE: KIRN_LP_185_Du-427 (identical to KIRN_LP_180_Du-422) is ignored but added at the end
NOTE: KIRN_LP_186_Du-428 (identical to KIRN_LP_180_Du-422) is ignored but added at the end
NOTE: KIRT_LP_165_Du-370 (identical to KIRT_LP_160_Du-365) is ignored but added at the end
NOTE: MALV_LP_097_Du-203 (identical to MALV_LP_095_Du-201) is ignored but added at the end
NOTE: MALV_LP_098_Du-204 (identical to MALV_LP_095_Du-201) is ignored but added at the end
NOTE: MALV_LP_100_Du-206 (identical to MALV_LP_095_Du-201) is ignored but added at the end
NOTE: MALV_LP_103_Du-209 (identical to MALV_LP_095_Du-201) is ignored but added at the end
NOTE: MALV_LP_104_Du-210 (identical to MALV_LP_095_Du-201) is ignored but added at the end
NOTE: QUI2_LP_248_Du-636 (identical to QUI2_LP_243_Du-631) is ignored but added at the end
NOTE: QUIN_LP_077_Du-163 (identical to QUIN_LP_075_Du-161) is ignored but added at the end
NOTE: RIC_LP_194_Du-523 (identical to RIC_LP_192_Du-521) is ignored but added at the end
NOTE: RIC_LP_195_Du-524 (identical to RIC_LP_192_Du-521) is ignored but added at the end
NOTE: RIC_LP_196_Du-525 (identical to RIC_LP_192_Du-521) is ignored but added at the end
NOTE: RIC_LP_198_Du-527 (identical to RIC_LP_192_Du-521) is ignored but added at the end
NOTE: RIC_LP_199_Du-528 (identical to RIC_LP_192_Du-521) is ignored but added at the end
NOTE: RIC_LP_200_Du-529 (identical to RIC_LP_192_Du-521) is ignored but added at the end
NOTE: RIC_LP_201_Du-530 (identical to RIC_LP_192_Du-521) is ignored but added at the end
NOTE: SILR_LP_348_Du-731 (identical to SILR_LP_346_Du-729) is ignored but added at the end
NOTE: SILR_LP_349_Du-732 (identical to SILR_LP_346_Du-729) is ignored but added at the end
NOTE: TULP_LP_121_Du-249 (identical to TULP_LP_118_Du-245) is ignored but added at the end
Alignment was printed to dudleya_organelle_alignment_pipeline/results/19_bootstrap_phylogenetic_tree/cpDNA.primary.iqtree_ml.uniqueseq.phy

For your convenience alignment with unique sequences printed to dudleya_organelle_alignment_pipeline/results/19_bootstrap_phylogenetic_tree/cpDNA.primary.iqtree_ml.uniqueseq.phy

Create initial parsimony tree by phylogenetic likelihood library (PLL)... 0.025 seconds
Generating 1000 samples for ultrafast bootstrap (seed: 553864)...

NOTE: 29 MB RAM (0 GB) is required!
Estimate model parameters (epsilon = 0.100)
1. Initial log-likelihood: -191900.110
2. Current log-likelihood: -191441.651
3. Current log-likelihood: -191441.503
Optimal log-likelihood: -191441.467
Rate parameters:  A-C: 1.03178  A-G: 0.89899  A-T: 0.28151  C-G: 0.47593  C-T: 0.70881  G-T: 1.00000
Base frequencies:  A: 0.312  C: 0.186  G: 0.183  T: 0.319
Gamma shape alpha: 0.020
Parameters optimization took 3 rounds (0.195 sec)
Wrote distance file to... 
Computing ML distances based on estimated model parameters...
Calculating distance matrix: done in 0.051847 secs using 400.3% CPU
Computing ML distances took 0.051961 sec (of wall-clock time) 0.207812 sec (of CPU time)
Setting up auxiliary I and S matrices: done in 0.000256062 secs using 449.9% CPU
Constructing RapidNJ tree: done in 0.00284481 secs using 502.1% CPU
Computing RapidNJ tree took 0.003128 sec (of wall-clock time) 0.015566 sec (of CPU time)
Log-likelihood of RapidNJ tree: -191819.915
--------------------------------------------------------------------
|             INITIALIZING CANDIDATE TREE SET                      |
--------------------------------------------------------------------
Generating 98 parsimony trees... 2.764 second
Computing log-likelihood of 98 initial trees ... 0.656 seconds
Current best score: -191412.234

Do NNI search on 20 best initial trees
Estimate model parameters (epsilon = 0.100)
BETTER TREE FOUND at iteration 1: -191410.504
Iteration 10 / LogL: -191412.736 / Time: 0h:0m:6s
Iteration 20 / LogL: -191412.495 / Time: 0h:0m:8s
Finish initializing candidate tree set (20)
Current best tree score: -191410.504 / CPU time: 7.979
Number of iterations: 20
--------------------------------------------------------------------
|               OPTIMIZING CANDIDATE TREE SET                      |
--------------------------------------------------------------------
Iteration 30 / LogL: -191577.618 / Time: 0h:0m:9s (0h:0m:24s left)
Iteration 40 / LogL: -191449.804 / Time: 0h:0m:11s (0h:0m:17s left)
Iteration 50 / LogL: -191418.466 / Time: 0h:0m:13s (0h:0m:13s left)
Iteration 60 / LogL: -191424.756 / Time: 0h:0m:14s (0h:0m:10s left)
Iteration 70 / LogL: -191416.409 / Time: 0h:0m:16s (0h:0m:7s left)
Iteration 80 / LogL: -191511.985 / Time: 0h:0m:17s (0h:0m:4s left)
Iteration 90 / LogL: -191431.649 / Time: 0h:0m:19s (0h:0m:2s left)
Iteration 100 / LogL: -191578.215 / Time: 0h:0m:20s (0h:0m:0s left)
Refining ufboot trees with NNI 1 branch...
100 samples done
200 samples done
300 samples done
400 samples done
500 samples done
600 samples done
700 samples done
800 samples done
900 samples done
1000 samples done
Total 1000 ufboot trees refined
TREE SEARCH COMPLETED AFTER 102 ITERATIONS / Time: 0h:1m:40s

--------------------------------------------------------------------
|                    FINALIZING TREE SEARCH                        |
--------------------------------------------------------------------
Performs final model parameters optimization
Estimate model parameters (epsilon = 0.010)
1. Initial log-likelihood: -191410.504
2. Current log-likelihood: -191410.471
Optimal log-likelihood: -191410.463
Rate parameters:  A-C: 1.01546  A-G: 0.89271  A-T: 0.27914  C-G: 0.46320  C-T: 0.70281  G-T: 1.00000
Base frequencies:  A: 0.312  C: 0.186  G: 0.183  T: 0.319
Gamma shape alpha: 0.020
Parameters optimization took 2 rounds (0.085 sec)
BEST SCORE FOUND : -191410.463
Creating bootstrap support values...
Split supports printed to NEXUS file dudleya_organelle_alignment_pipeline/results/19_bootstrap_phylogenetic_tree/cpDNA.primary.iqtree_ml.splits.nex
Total tree length: 0.019

Total number of iterations: 102
CPU time used for tree search: 389.891 sec (0h:6m:29s)
Wall-clock time used for tree search: 100.316 sec (0h:1m:40s)
Total CPU time used: 392.599 sec (0h:6m:32s)
Total wall-clock time used: 101.078 sec (0h:1m:41s)
UFBoot trees printed to dudleya_organelle_alignment_pipeline/results/19_bootstrap_phylogenetic_tree/cpDNA.primary.iqtree_ml.ufboot

Computing bootstrap consensus tree...
Reading input file dudleya_organelle_alignment_pipeline/results/19_bootstrap_phylogenetic_tree/cpDNA.primary.iqtree_ml.splits.nex...
241 taxa and 3245 splits.
Consensus tree written to dudleya_organelle_alignment_pipeline/results/19_bootstrap_phylogenetic_tree/cpDNA.primary.iqtree_ml.contree
Reading input trees file dudleya_organelle_alignment_pipeline/results/19_bootstrap_phylogenetic_tree/cpDNA.primary.iqtree_ml.contree
Log-likelihood of consensus tree: -191445.479

Analysis results written to: 
  IQ-TREE report:                dudleya_organelle_alignment_pipeline/results/19_bootstrap_phylogenetic_tree/cpDNA.primary.iqtree_ml.iqtree
  Maximum-likelihood tree:       dudleya_organelle_alignment_pipeline/results/19_bootstrap_phylogenetic_tree/cpDNA.primary.iqtree_ml.treefile
  Likelihood distances:          dudleya_organelle_alignment_pipeline/results/19_bootstrap_phylogenetic_tree/cpDNA.primary.iqtree_ml.mldist

Ultrafast bootstrap approximation results written to:
  Split support values:          dudleya_organelle_alignment_pipeline/results/19_bootstrap_phylogenetic_tree/cpDNA.primary.iqtree_ml.splits.nex
  Consensus tree:                dudleya_organelle_alignment_pipeline/results/19_bootstrap_phylogenetic_tree/cpDNA.primary.iqtree_ml.contree
  UFBoot trees:                  dudleya_organelle_alignment_pipeline/results/19_bootstrap_phylogenetic_tree/cpDNA.primary.iqtree_ml.ufboot
  Screen log file:               dudleya_organelle_alignment_pipeline/results/19_bootstrap_phylogenetic_tree/cpDNA.primary.iqtree_ml.log

Date and Time: Tue Jul  7 23:14:05 2026
