IQ-TREE version 3.1.2 for Linux x86 64-bit built May 17 2026
Developed by Bui Quang Minh, Thomas Wong, Nhan Ly-Trong, Huaiyan Ren
Contributed by Lam-Tung Nguyen, Dominik Schrempf, Chris Bielow,
Olga Chernomor, Michael Woodhams, Diep Thi Hoang, Heiko Schmidt

Host:    sparky (AVX512, FMA3, 30 GB RAM)
Command: iqtree3 -s canonical_publication/results/supplement/publication-20260817/shared_partitioned_concatenated.fa -p canonical_publication/results/supplement/publication-20260817/shared_partitioned_concatenated.nex -pre canonical_publication/results/supplement/publication-20260817/concatenated.partitioned -st DNA -m MFP -alrt 1000 -B 1000 -bnni -seed 161803 -nt 8
Seed:    161803 (Using SPRNG - Scalable Parallel Random Number Generator)
Time:    Thu Aug 20 02:43:59 2026
Kernel:  AVX+FMA - 8 threads (16 CPU cores detected)

Reading partition model file canonical_publication/results/supplement/publication-20260817/shared_partitioned_concatenated.nex ...
Reading alignment file canonical_publication/results/supplement/publication-20260817/shared_partitioned_concatenated.fa ... Fasta format detected
Reading fasta file: done in 0.494858 secs using 92.86% CPU
Constructing alignment: done in 0.289745 secs using 537.1% CPU
WARNING: 241740 sites contain only gaps or ambiguous characters.
Alignment has 271 sequences with 393633 columns, 8597 distinct patterns
2136 parsimony-informative, 271 singleton sites, 391226 constant sites
                         Gap/Ambiguity  Composition  p-value
Analyzing sequences: done in 0.000634909 secs using 736.8% CPU
   1  ABAB_MAD_LP_223_Du-590    64.41%    failed      0.09%
   2  ABAB_MAD_LP_322_Du-593    62.72%    passed     46.20%
   3  ABAB_MAD_LP_323_Du-594    63.44%    failed      2.00%
   4  ABAB_MAD_LP_324_Du-595    63.34%    failed      2.50%
   5  ABAB_MAD_LP_325_Du-596    63.14%    passed      6.28%
   6  ABAB_MAD_LP_326_Du-597    63.23%    failed      4.18%
   7  ABAB_MAD_LP_327_Du-598    63.59%    failed      0.85%
   8  ABBE_BERN_LP_311_Du-780   62.86%    passed     20.23%
   9  ABBE_BERN_LP_312_Du-781   63.17%    failed      4.02%
  10  ABBE_BERN_LP_313_Du-782   63.26%    failed      4.74%
  11  ABBE_BERN_LP_314_Du-783   63.27%    failed      2.17%
  12  ABMU_HOR_LP_306_Du-775    62.99%    passed     13.78%
  13  ABMU_HOR_LP_308_Du-777    62.94%    passed     19.11%
  14  ABMU_HOR_LP_358_Du-770    62.77%    passed     39.95%
  15  ABMU_HOR_LP_359_Du-771    62.78%    passed     33.30%
  16  ABMU_HOR_LP_360_Du-772    62.68%    passed     39.52%
  17  ABMU_HOR_LP_361_Du-773    62.77%    passed     32.97%
  18  BAI_LP_105_Du-222         62.11%    passed     63.72%
  19  BAI_LP_106_Du-223         62.10%    passed     63.30%
  20  BAI_LP_108_Du-225         62.20%    passed     65.91%
  21  BAI_LP_109_Du-226         62.20%    passed     64.03%
  22  BAI_LP_110_Du-227         62.02%    passed     62.49%
  23  BAI_LP_111_Du-228         62.07%    passed     63.86%
  24  BAI_LP_112_Du-230         62.25%    passed     57.25%
  25  BAI_LP_113_Du-231         62.13%    passed     74.95%
  26  BAI_LP_114_Du-232         62.20%    passed     65.78%
  27  BAI_LP_319_Du-233         62.90%    passed     10.51%
  28  COM_LP_269_Du-703         62.84%    passed     10.23%
  29  COM_LP_270_Du-704         63.05%    failed      3.34%
  30  COM_LP_272_Du-707         62.82%    passed     15.30%
  31  COM_LP_274_Du-709         62.84%    passed     14.65%
  32  COM_LP_276_Du-711         63.05%    failed      3.66%
  33  COM_LP_277_Du-712         62.95%    passed      6.89%
  34  COM_LP_341_Du-713         62.71%    passed     22.68%
  35  COM_LP_342_Du-714         62.98%    passed      7.17%
  36  COM_LP_343_Du-715         62.80%    passed     13.58%
  37  CROB_LP_169_Du-381        63.35%    failed      3.35%
  38  CROB_LP_170_Du-382        62.58%    passed     35.47%
  39  CROB_LP_172_Du-384        62.93%    passed     10.36%
  40  CROB_LP_173_Du-385        62.52%    passed     35.35%
  41  CROB_LP_174_Du-386        62.43%    passed     44.78%
  42  CROB_LP_175_Du-387        62.54%    passed     33.79%
  43  CROB_LP_176_Du-388        62.53%    passed     34.82%
  44  CROB_LP_177_Du-389        62.28%    passed     58.75%
  45  CROB_LP_320_Du-395        62.69%    passed     29.53%
  46  CROB_LP_321_Du-396        62.61%    passed     28.65%
  47  CROS_LP_085_Du-181        62.23%    passed     68.24%
  48  CROS_LP_086_Du-182        61.95%    passed     78.93%
  49  CROS_LP_087_Du-183        62.06%    passed     70.63%
  50  CROS_LP_088_Du-184        62.04%    passed     69.38%
  51  CROS_LP_089_Du-185        61.72%    passed     89.43%
  52  CROS_LP_090_Du-186        61.96%    passed     76.33%
  53  CROS_LP_091_Du-187        61.88%    passed     91.54%
  54  CROS_LP_092_Du-188        62.13%    passed     88.94%
  55  CROS_LP_093_Du-189        62.16%    passed     62.17%
  56  CROS_LP_094_Du-190        61.88%    passed     92.58%
  57  CY_ALA_LP_298-Du-767      63.14%    failed      3.61%
  58  CY_ALA_LP_299-Du-768      63.17%    failed      3.33%
  59  CY_ALA_LP_357_Du-769      62.75%    passed     25.37%
  60  CY_BAL_LP_226_Du-602      63.18%    failed      4.32%
  61  CY_BAL_LP_227_Du-603      63.28%    failed      2.53%
  62  CY_BGL_LP_210_Du-577      62.97%    passed     13.55%
  63  CY_BGL_LP_212_Du-579      62.65%    passed     38.93%
  64  CY_BOU_LP_288_Du-737      63.23%    passed      6.12%
  65  CY_BOU_LP_290_Du-739      62.65%    passed     33.78%
  66  CY_BOU_LP_291_Du-740      63.02%    passed      8.07%
  67  CY_BOU_LP_292_Du-741      63.06%    passed      5.57%
  68  CY_BOU_LP_354_Du-742      62.70%    passed     26.80%
  69  CY_CAS_LP_328_Du-610      63.24%    failed      1.95%
  70  CY_CAS_LP_329_Du-611      63.02%    passed     10.39%
  71  CY_CAS_LP_330_Du-607      63.21%    passed      5.28%
  72  CY_CAS_LP_331_Du-608      63.31%    failed      1.58%
  73  CY_CAS_LP_332_Du-609      63.16%    failed      4.35%
  74  CY_HICN_LP_236_Du-614     62.81%    passed     16.48%
  75  CY_HICN_LP_333_Du-612     63.31%    failed      1.24%
  76  CY_HICN_LP_334_Du-613     63.41%    failed      0.28%
  77  CY_HICN_LP_335_Du-615     63.27%    failed      1.26%
  78  CY_HICN_LP_336_Du-616     63.20%    failed      3.02%
  79  CY_HICS_LP_293_Du-757     63.22%    failed      2.09%
  80  CY_HICS_LP_297_Du-761     63.28%    failed      4.66%
  81  CY_HICS_LP_355_Du-762     62.78%    passed     20.04%
  82  CY_HICS_LP_356_Du-763     62.93%    passed     12.13%
  83  CY_HUN_LP_264_Du-683      63.50%    failed      1.94%
  84  CY_HUN_LP_266_Du-685      63.08%    passed      9.86%
  85  CY_HUN_LP_267_Du-686      63.33%    failed      4.02%
  86  CY_HUN_LP_268_Du-687      63.77%    failed      0.19%
  87  CY_SIE_LP_188_Du-445      62.39%    passed     46.82%
  88  CY_SIE_LP_189_Du-446      62.37%    passed     54.69%
  89  CY_SIE_LP_190_Du-447      62.30%    passed     62.16%
  90  CY_SIE_LP_191_Du-448      62.50%    passed     41.60%
  91  CY_WOO_LP_259_Du-664      62.97%    passed     13.10%
  92  CY_WOO_LP_260_Du-665      63.30%    failed      1.65%
  93  CY_WOO_LP_261_Du-667      64.25%    failed      0.00%
  94  CY_WOO_LP_262_Du-668      63.27%    failed      1.57%
  95  CY_WOO_LP_263_Du-669      63.13%    failed      4.97%
  96  DAN_LP_043_Du-68          63.05%    passed      5.86%
  97  DAN_LP_044_Du-69          62.81%    passed     16.70%
  98  DAN_LP_045_Du-70          62.19%    passed     59.79%
  99  DAN_LP_046_Du-71          62.75%    passed     24.81%
 100  DAN_LP_047_Du-72          62.91%    passed     13.75%
 101  DOV_LP_078_Du-174         62.43%    passed     42.79%
 102  DOV_LP_079_Du-175         62.05%    passed     67.26%
 103  DOV_LP_080_Du-176         61.81%    passed     80.08%
 104  DOV_LP_081_Du-177         61.90%    passed     73.66%
 105  DOV_LP_082_Du-178         62.02%    passed     63.00%
 106  DOV_LP_083_Du-179         62.05%    passed     75.25%
 107  DOV_LP_084_Du-180         61.98%    passed     72.95%
 108  DU-173                    61.98%    passed     71.36%
 109  DU-229                    62.05%    passed     69.12%
 110  DU-247                    62.00%    passed     84.99%
 111  DU-254                    62.08%    passed     83.10%
 112  DU-270                    62.16%    passed     66.51%
 113  DU-297                    61.98%    passed     88.21%
 114  DU-443                    62.15%    passed     61.21%
 115  DU-4A                     61.98%    passed     77.46%
 116  DU014LP012                61.81%    passed     85.80%
 117  DU037LP013                61.71%    passed     87.87%
 118  DU059LP015                61.86%    passed     77.35%
 119  DU078LP011                61.70%    passed     89.24%
 120  DU079LP010                61.92%    passed     67.06%
 121  DUD_LP_132_Du-283         63.00%    passed      6.51%
 122  DUD_LP_133_Du-284         62.65%    passed     39.79%
 123  DUD_LP_134_Du-285         62.59%    passed     49.19%
 124  DUD_LP_135_Du-286         62.61%    passed     45.40%
 125  DUD_LP_136_Du-287         62.60%    passed     48.54%
 126  DUD_LP_137_Du-288         62.76%    passed     19.43%
 127  DUD_LP_138_Du-289         62.66%    passed     36.16%
 128  DUD_LP_139_Du-290         62.90%    passed     22.93%
 129  KIRN_LP_179_Du-421        62.24%    passed     58.55%
 130  KIRN_LP_180_Du-422        62.43%    passed     46.09%
 131  KIRN_LP_181_Du-423        62.50%    passed     37.41%
 132  KIRN_LP_182_Du-424        62.24%    passed     57.19%
 133  KIRN_LP_183_Du-425        62.34%    passed     45.95%
 134  KIRN_LP_184_Du-426        62.31%    passed     52.53%
 135  KIRN_LP_185_Du-427        62.26%    passed     52.43%
 136  KIRN_LP_186_Du-428        62.21%    passed     51.98%
 137  KIRN_LP_187_Du-429        62.21%    passed     56.21%
 138  KIRT_LP_159_Du-364        63.12%    failed      3.14%
 139  KIRT_LP_160_Du-365        62.50%    passed     34.74%
 140  KIRT_LP_161_Du-366        62.56%    passed     30.92%
 141  KIRT_LP_162_Du-367        62.62%    passed     26.12%
 142  KIRT_LP_163_Du-368        62.50%    passed     31.27%
 143  KIRT_LP_164_Du-369        62.62%    passed     29.95%
 144  KIRT_LP_165_Du-370        62.16%    passed     61.03%
 145  KIRT_LP_166_Du-371        62.30%    passed     53.06%
 146  KIRT_LP_167_Du-372        62.84%    passed     17.37%
 147  KIRT_LP_168_Du-373        62.39%    passed     45.09%
 148  MALV_LP_095_Du-201        61.72%    passed     90.48%
 149  MALV_LP_096_Du-202        61.91%    passed     74.97%
 150  MALV_LP_097_Du-203        61.87%    passed     79.96%
 151  MALV_LP_098_Du-204        61.89%    passed     82.03%
 152  MALV_LP_099_Du-205        62.21%    passed     71.63%
 153  MALV_LP_100_Du-206        61.91%    passed     79.52%
 154  MALV_LP_101_Du-207        61.91%    passed     81.65%
 155  MALV_LP_102_Du-208        62.06%    passed     73.28%
 156  MALV_LP_103_Du-209        62.01%    passed     71.97%
 157  MALV_LP_104_Du-210        62.02%    passed     70.85%
 158  OCO_LP_058_Du-115         63.25%    failed      3.86%
 159  OCO_LP_059_Du-106         63.20%    passed      6.98%
 160  OCO_LP_060_Du-107         63.36%    failed      2.31%
 161  OCO_LP_061_Du-108         63.09%    passed      9.92%
 162  OCO_LP_062_Du-109         63.08%    passed     11.72%
 163  OCO_LP_063_Du-110         63.39%    failed      2.31%
 164  OCO_LP_064_Du-111         63.32%    failed      2.62%
 165  OCO_LP_065_Du-112         63.24%    passed      5.47%
 166  OCO_LP_066_Du-113         63.47%    failed      1.00%
 167  OCO_LP_067_Du-114         63.67%    failed      0.44%
 168  QUI1_LP_249_Du-648        63.23%    failed      1.87%
 169  QUI1_LP_250_Du-649        63.25%    failed      1.44%
 170  QUI1_LP_252_Du-651        63.35%    failed      0.81%
 171  QUI1_LP_253_Du-652        63.06%    failed      4.94%
 172  QUI1_LP_254_Du-653        63.82%    failed      0.23%
 173  QUI1_LP_255_Du-654        63.07%    passed      5.08%
 174  QUI1_LP_257_Du-656        63.41%    failed      1.04%
 175  QUI1_LP_258_Du-657        62.90%    passed     13.58%
 176  QUI2_LP_243_Du-631        62.90%    passed     14.57%
 177  QUI2_LP_244_Du-632        63.39%    failed      0.73%
 178  QUI2_LP_245_Du-633        63.32%    failed      1.07%
 179  QUI2_LP_246_Du-634        63.12%    passed      5.28%
 180  QUI2_LP_247_Du-635        63.05%    passed      5.76%
 181  QUI2_LP_248_Du-636        63.02%    passed      7.49%
 182  QUI2_LP_337_Du-638        63.46%    failed      0.39%
 183  QUI2_LP_338_Du-639        63.40%    failed      0.75%
 184  QUI2_LP_339_Du-640        62.99%    passed      9.70%
 185  QUI2_LP_340_Du-641        62.98%    passed     10.29%
 186  QUIN_LP_069_Du-155        63.29%    failed      1.96%
 187  QUIN_LP_070_Du-156        63.43%    failed      0.54%
 188  QUIN_LP_071_Du-157        63.28%    failed      1.85%
 189  QUIN_LP_072_Du-158        63.39%    failed      0.83%
 190  QUIN_LP_073_Du-159        63.30%    failed      1.02%
 191  QUIN_LP_074_Du-160        63.21%    failed      2.69%
 192  QUIN_LP_075_Du-161        61.97%    passed     70.52%
 193  QUIN_LP_076_Du-162        62.30%    passed     53.98%
 194  QUIN_LP_077_Du-163        62.03%    passed     70.98%
 195  QUIN_LP_318_Du-164        62.99%    passed      8.78%
 196  RIC_LP_192_Du-521         62.26%    passed     56.98%
 197  RIC_LP_193_Du-522         62.33%    passed     48.53%
 198  RIC_LP_194_Du-523         62.28%    passed     52.09%
 199  RIC_LP_195_Du-524         62.69%    passed     22.62%
 200  RIC_LP_196_Du-525         62.70%    passed     17.80%
 201  RIC_LP_197_Du-526         62.98%    passed     11.17%
 202  RIC_LP_198_Du-527         62.11%    passed     65.46%
 203  RIC_LP_199_Du-528         62.40%    passed     47.53%
 204  RIC_LP_200_Du-529         62.19%    passed     57.58%
 205  RIC_LP_201_Du-530         62.12%    passed     58.89%
 206  RSV_LP_049_Du-85          62.49%    passed     35.58%
 207  RSV_LP_050_Du-87          62.30%    passed     50.65%
 208  RSV_LP_051_Du-88          63.09%    passed      5.86%
 209  RSV_LP_052_Du-89          62.68%    passed     29.37%
 210  RSV_LP_053_Du-90          62.55%    passed     34.93%
 211  RSV_LP_055_Du-92          62.85%    passed     13.69%
 212  RSV_LP_057_Du-94          62.47%    passed     35.73%
 213  RSV_LP_315_Du-95          62.28%    passed     53.93%
 214  RSV_LP_316_Du-96          62.56%    passed     31.71%
 215  SILG_LP_149_Du-343        63.08%    failed      4.74%
 216  SILG_LP_150_Du-344        63.09%    failed      4.60%
 217  SILG_LP_151_Du-345        62.89%    passed     10.81%
 218  SILG_LP_152_Du-346        62.98%    passed      6.83%
 219  SILG_LP_153_Du-347        63.06%    failed      4.77%
 220  SILG_LP_154_Du-348        62.81%    passed     17.22%
 221  SILG_LP_155_Du-349        63.05%    failed      4.78%
 222  SILG_LP_156_Du-350        62.91%    passed     11.55%
 223  SILG_LP_157_Du-351        64.33%    failed      0.00%
 224  SILG_LP_158_Du-352        63.92%    passed      7.15%
 225  SILR_LP_346_Du-729        62.82%    passed     13.77%
 226  SILR_LP_347_Du-730        62.46%    passed     32.25%
 227  SILR_LP_348_Du-731        62.77%    passed     17.81%
 228  SILR_LP_349_Du-732        62.74%    passed     20.34%
 229  SILR_LP_351_Du-734        62.72%    passed     21.36%
 230  SILR_LP_353_Du-736        63.17%    failed      1.80%
 231  STI_LP_027_Du-45          63.22%    failed      3.95%
 232  STI_LP_028_Du-46          62.83%    passed     14.32%
 233  STI_LP_029_Du-47          64.98%    failed      0.00%
 234  STI_LP_030_Du-48          62.94%    passed     11.92%
 235  STI_LP_031_Du-49          63.21%    failed      2.49%
 236  STI_LP_032_Du-50          62.96%    passed     10.29%
 237  STI_LP_033_Du-51          63.31%    failed      2.46%
 238  STI_LP_034_Du-52          62.83%    passed     19.18%
 239  STI_LP_035_Du-53          62.45%    passed     46.93%
 240  STI_LP_036_Du-54          63.05%    passed      5.77%
 241  STI_LP_037_Du-55          62.48%    passed     39.55%
 242  STI_LP_038_Du-56          62.44%    passed     48.36%
 243  STI_LP_039_Du-57          62.89%    passed     14.63%
 244  STI_LP_040_Du-58          63.67%    failed      3.29%
 245  STI_LP_041_Du-60          62.85%    passed     14.46%
 246  STI_LP_042_Du-61          62.91%    passed     12.25%
 247  TIL_LP_123_Du-263         63.95%    failed      0.22%
 248  TIL_LP_124_Du-264         62.91%    passed     11.70%
 249  TIL_LP_125_Du-265         64.07%    failed      0.02%
 250  TIL_LP_126_Du-266         63.06%    passed      6.37%
 251  TIL_LP_128_Du-268         62.88%    passed     13.99%
 252  TIL_LP_129_Du-269         63.01%    passed      7.36%
 253  TIL_LP_130_Du-271         62.79%    passed     19.22%
 254  TIL_LP_131_Du-272         63.02%    passed      5.79%
 255  TULP_LP_115_Du-242        61.82%    passed     91.16%
 256  TULP_LP_116_Du-243        61.87%    passed     91.31%
 257  TULP_LP_117_Du-244        62.08%    passed     85.35%
 258  TULP_LP_118_Du-245        61.73%    passed     91.34%
 259  TULP_LP_119_Du-246        61.77%    passed     94.48%
 260  TULP_LP_120_Du-248        61.61%    passed     97.04%
 261  TULP_LP_121_Du-249        61.96%    passed     94.15%
 262  TULP_LP_122_Du-250        61.89%    passed     91.18%
 263  TULP_LP_140_Du-302        63.09%    failed      4.28%
 264  TULP_LP_141_Du-303        62.75%    passed     30.41%
 265  TULP_LP_142_Du-304        63.09%    failed      4.75%
 266  TULP_LP_143_Du-305        63.03%    passed      6.84%
 267  TULP_LP_144_Du-306        62.97%    passed     10.28%
 268  TULP_LP_145_Du-307        63.15%    failed      2.86%
 269  TULP_LP_146_Du-308        62.99%    passed      9.30%
 270  TULP_LP_147_Du-309        62.67%    passed     39.94%
 271  TULP_LP_148_Du-310        62.89%    passed     17.43%
WARNING: 271 sequences contain more than 50% gaps/ambiguity
****  TOTAL                     62.74%  70 sequences failed composition chi2 test (p-value<5%; df=3)
NOTE: No CharPartition defined, use all CharSets

Loading 2 partitions...
Subset	Type	Seqs	Sites	Infor	Invar	Model	Name
1	DNA	271	150274	2014	148013	MFP	chloroplast
2	DNA	271	243359	122	243213	MFP	mitochondria
Degree of missing data: 0.000
Info: multi-threading strategy over partitions and number of threads is changed to 2

Note: For long partitions, you can use --parallel-over-sites option to force
      multi-threading strategy over alignment sites and utilise all the threads.
      However, parallelisation over sites will have adverse effect on short partitions.


Create initial parsimony tree by phylogenetic likelihood library (PLL)... 0.036 seconds
Perform fast likelihood tree search using GTR+I+G model...
Estimate model parameters (epsilon = 5.000)
Initial log-likelihood: -234109.218
Current log-likelihood at step 1: -232531.238
Current log-likelihood at step 2: -232498.657
Current log-likelihood at step 3: -232497.631
Parameters optimization took 2 rounds (5.888 sec)

Perform nearest neighbor interchange...
Estimate model parameters (epsilon = 1.000)
Initial log-likelihood: -232487.848
Current log-likelihood at step 1: -232487.262
Partition-specific rates:  2.024 0.367
Parameters optimization took 0 rounds (0.952 sec)

Time for fast ML tree search: 9.653 seconds

NOTE: ModelFinder requires 796 MB RAM!
Selecting individual models for 2 charsets using BIC...
 No. Model        Score       TreeLen     Charset
In ModelFinder: parallelization over partitions
   1 TPM3u+F+I    123490.229  0.004       mitochondria
+R6 reinitialized from +R5 with factor 0.500
+R6 reinitialized from +R5 with factor 0.250
+R6 reinitialized from +R5 with factor 0.125
+R6 reinitialized from +R5 with factor 0.062
   2 TVM+F+I+R4   341262.822  0.024       chloroplast
Full partition model BIC score: 471702.009 (LnL: -232243.716  df:560)
Partition information was printed to canonical_publication/results/supplement/publication-20260817/concatenated.partitioned.best_scheme.nex
Partition information in Raxml format was printed to canonical_publication/results/supplement/publication-20260817/concatenated.partitioned.best_scheme

All model information printed to canonical_publication/results/supplement/publication-20260817/concatenated.partitioned.model.gz
CPU time for ModelFinder: 629.784 seconds (0h:10m:29s)
Wall-clock time for ModelFinder: 585.831 seconds (0h:9m:45s)
Generating 1000 samples for ultrafast bootstrap (seed: 161803)...

NOTE: 275 MB RAM (0 GB) is required!
Estimate model parameters (epsilon = 0.100)
Initial log-likelihood: -232243.697
Current log-likelihood at step 1: -232243.517
Current log-likelihood at step 2: -232243.059
Current log-likelihood at step 3: -232243.056
Partition-specific rates:  2.014 0.374
Parameters optimization took 2 rounds (4.310 sec)

Wrote distance file to... 
Computing ML distances based on estimated model parameters...
Calculating distance matrix: done in 0.000313997 secs using 825.5% CPU
Computing ML distances took 0.000362 sec (of wall-clock time) 0.002876 sec (of CPU time)
Setting up auxiliary I and S matrices: done in 9.98974e-05 secs using 933% CPU
Constructing RapidNJ tree: done in 0.00592995 secs using 853% CPU
Computing RapidNJ tree took 0.006054 sec (of wall-clock time) 0.054147 sec (of CPU time)
Log-likelihood of RapidNJ tree: -397396.952
--------------------------------------------------------------------
|             INITIALIZING CANDIDATE TREE SET                      |
--------------------------------------------------------------------
Generating 98 parsimony trees... 3.486 second
Computing log-likelihood of 98 initial trees ... 14.707 seconds
Current best score: -232237.673

Do NNI search on 20 best initial trees
Estimate model parameters (epsilon = 0.100)
Initial log-likelihood: -232230.048
Current log-likelihood at step 1: -232229.492
Current log-likelihood at step 2: -232229.486
Parameters optimization took 1 rounds (2.806 sec)

BETTER TREE FOUND at iteration 1: -232229.486
Estimate model parameters (epsilon = 0.100)
Initial log-likelihood: -232228.580
Current log-likelihood at step 1: -232228.094
Current log-likelihood at step 2: -232228.092
Parameters optimization took 1 rounds (2.795 sec)

BETTER TREE FOUND at iteration 2: -232228.092
Estimate model parameters (epsilon = 0.100)
Initial log-likelihood: -232227.347
Current log-likelihood at step 1: -232226.864
Current log-likelihood at step 2: -232226.856
Parameters optimization took 1 rounds (3.053 sec)

BETTER TREE FOUND at iteration 4: -232226.856
Iteration 10 / LogL: -232228.985 / Time: 0h:10m:52s
Iteration 20 / LogL: -232232.538 / Time: 0h:11m:27s
Finish initializing candidate tree set (20)
Current best tree score: -232226.856 / CPU time: 95.736
Number of iterations: 20
--------------------------------------------------------------------
|               OPTIMIZING CANDIDATE TREE SET                      |
--------------------------------------------------------------------
Iteration 30 / LogL: -232231.539 / Time: 0h:11m:58s (0h:5m:37s left)
Iteration 40 / LogL: -232237.189 / Time: 0h:12m:29s (0h:4m:28s left)
Iteration 50 / LogL: -232252.009 / Time: 0h:13m:4s (0h:3m:39s left)
Iteration 60 / LogL: -232236.677 / Time: 0h:13m:37s (0h:2m:52s left)
Iteration 70 / LogL: -232242.476 / Time: 0h:14m:7s (0h:2m:8s left)
Iteration 80 / LogL: -232281.739 / Time: 0h:14m:40s (0h:1m:29s left)
Iteration 90 / LogL: -232242.103 / Time: 0h:15m:12s (0h:0m:51s left)
Iteration 100 / LogL: -232266.391 / Time: 0h:15m:44s (0h:0m:14s left)
Refining ufboot trees with NNI 5 branches...
100 samples done
200 samples done
300 samples done
400 samples done
500 samples done
600 samples done
700 samples done
800 samples done
900 samples done
1000 samples done
Total 1000 ufboot trees refined
TREE SEARCH COMPLETED AFTER 105 ITERATIONS / Time: 0h:52m:25s

--------------------------------------------------------------------
|                    FINALIZING TREE SEARCH                        |
--------------------------------------------------------------------
Performs final model parameters optimization
Estimate model parameters (epsilon = 0.010)
Initial log-likelihood: -232226.858
Current log-likelihood at step 1: -232226.855
Partition-specific rates:  2.015 0.373
Parameters optimization took 0 rounds (1.147 sec)

Partition information was printed to canonical_publication/results/supplement/publication-20260817/concatenated.partitioned.best_model.nex
BEST SCORE FOUND : -232226.855

Testing tree branches by SH-like aLRT with 1000 replicates...
Alternative NNI shows better log-likelihood -232226.755 > -232226.855
Alternative NNI shows better log-likelihood -232226.844 > -232226.855
Alternative NNI shows better log-likelihood -232226.847 > -232226.855
Alternative NNI shows better log-likelihood -232226.845 > -232226.855
Alternative NNI shows better log-likelihood -232226.832 > -232226.855
Alternative NNI shows better log-likelihood -232226.836 > -232226.855
Alternative NNI shows better log-likelihood -232226.852 > -232226.855
14.361 sec.
Creating bootstrap support values...
Split supports printed to NEXUS file canonical_publication/results/supplement/publication-20260817/concatenated.partitioned.splits.nex
Total tree length: 0.012

Total number of iterations: 105
CPU time used for tree search: 19886.387 sec (5h:31m:26s)
Wall-clock time used for tree search: 2553.643 sec (0h:42m:33s)
Total CPU time used: 20662.965 sec (5h:44m:22s)
Total wall-clock time used: 3161.117 sec (0h:52m:41s)
UFBoot trees printed to canonical_publication/results/supplement/publication-20260817/concatenated.partitioned.ufboot

Computing bootstrap consensus tree...
Reading input file canonical_publication/results/supplement/publication-20260817/concatenated.partitioned.splits.nex...
271 taxa and 3488 splits.
Consensus tree written to canonical_publication/results/supplement/publication-20260817/concatenated.partitioned.contree
Reading input trees file canonical_publication/results/supplement/publication-20260817/concatenated.partitioned.contree
Log-likelihood of consensus tree: -232298.728

Analysis results written to: 
  IQ-TREE report:                canonical_publication/results/supplement/publication-20260817/concatenated.partitioned.iqtree
  Maximum-likelihood tree:       canonical_publication/results/supplement/publication-20260817/concatenated.partitioned.treefile
  Likelihood distances:          canonical_publication/results/supplement/publication-20260817/concatenated.partitioned.mldist
  Best partitioning scheme:      canonical_publication/results/supplement/publication-20260817/concatenated.partitioned.best_scheme.nex
           in RAxML format:      canonical_publication/results/supplement/publication-20260817/concatenated.partitioned.best_scheme

Ultrafast bootstrap approximation results written to:
  Split support values:          canonical_publication/results/supplement/publication-20260817/concatenated.partitioned.splits.nex
  Consensus tree:                canonical_publication/results/supplement/publication-20260817/concatenated.partitioned.contree
  UFBoot trees:                  canonical_publication/results/supplement/publication-20260817/concatenated.partitioned.ufboot
  Screen log file:               canonical_publication/results/supplement/publication-20260817/concatenated.partitioned.log

Date and Time: Thu Aug 20 03:36:43 2026
