IQ-TREE version 3.1.2 for Linux x86 64-bit built May 17 2026
Developed by Bui Quang Minh, Thomas Wong, Nhan Ly-Trong, Huaiyan Ren
Contributed by Lam-Tung Nguyen, Dominik Schrempf, Chris Bielow,
Olga Chernomor, Michael Woodhams, Diep Thi Hoang, Heiko Schmidt

Host:    sparky (AVX512, FMA3, 30 GB RAM)
Command: iqtree3 -s canonical_publication/results/alignments/publication-20260817/mitochondria.callable_alignment.fa -pre canonical_publication/results/trees/publication-20260817/mitochondria.primary -st DNA -m MFP -alrt 1000 -B 1000 -bnni -seed 314159 -nt 8
Seed:    314159 (Using SPRNG - Scalable Parallel Random Number Generator)
Time:    Thu Aug 20 02:41:28 2026
Kernel:  AVX+FMA - 8 threads (16 CPU cores detected)

Reading alignment file canonical_publication/results/alignments/publication-20260817/mitochondria.callable_alignment.fa ... Fasta format detected
Reading fasta file: done in 0.316144 secs using 94.68% CPU
Constructing alignment: done in 0.181026 secs using 752.3% CPU
WARNING: 200177 sites contain only gaps or ambiguous characters.
Alignment has 271 sequences with 243359 columns, 2405 distinct patterns
122 parsimony-informative, 24 singleton sites, 243213 constant sites
                         Gap/Ambiguity  Composition  p-value
Analyzing sequences: done in 7.79629e-05 secs using 264.2% CPU
   1  ABAB_MAD_LP_223_Du-590    83.99%    failed      3.09%
   2  ABAB_MAD_LP_322_Du-593    82.27%    failed      0.05%
   3  ABAB_MAD_LP_323_Du-594    82.39%    failed      0.17%
   4  ABAB_MAD_LP_324_Du-595    82.27%    failed      0.05%
   5  ABAB_MAD_LP_325_Du-596    82.27%    failed      0.06%
   6  ABAB_MAD_LP_326_Du-597    82.27%    failed      0.05%
   7  ABAB_MAD_LP_327_Du-598    82.63%    failed      0.08%
   8  ABBE_BERN_LP_311_Du-780   82.26%    failed      0.07%
   9  ABBE_BERN_LP_312_Du-781   82.26%    failed      0.07%
  10  ABBE_BERN_LP_313_Du-782   82.34%    failed      0.14%
  11  ABBE_BERN_LP_314_Du-783   82.26%    failed      0.07%
  12  ABMU_HOR_LP_306_Du-775    82.26%    failed      0.06%
  13  ABMU_HOR_LP_308_Du-777    82.26%    failed      0.06%
  14  ABMU_HOR_LP_358_Du-770    82.27%    failed      0.05%
  15  ABMU_HOR_LP_359_Du-771    82.26%    failed      0.06%
  16  ABMU_HOR_LP_360_Du-772    82.27%    failed      0.05%
  17  ABMU_HOR_LP_361_Du-773    82.27%    failed      0.06%
  18  BAI_LP_105_Du-222         82.26%    failed      0.06%
  19  BAI_LP_106_Du-223         82.26%    failed      0.06%
  20  BAI_LP_108_Du-225         82.26%    failed      0.06%
  21  BAI_LP_109_Du-226         82.26%    failed      0.06%
  22  BAI_LP_110_Du-227         82.26%    failed      0.06%
  23  BAI_LP_111_Du-228         82.26%    failed      0.06%
  24  BAI_LP_112_Du-230         82.26%    failed      0.06%
  25  BAI_LP_113_Du-231         82.26%    failed      0.06%
  26  BAI_LP_114_Du-232         82.26%    failed      0.06%
  27  BAI_LP_319_Du-233         82.26%    failed      0.07%
  28  COM_LP_269_Du-703         82.26%    failed      0.07%
  29  COM_LP_270_Du-704         82.26%    failed      0.07%
  30  COM_LP_272_Du-707         82.26%    failed      0.06%
  31  COM_LP_274_Du-709         82.26%    failed      0.07%
  32  COM_LP_276_Du-711         82.26%    failed      0.06%
  33  COM_LP_277_Du-712         82.26%    failed      0.07%
  34  COM_LP_341_Du-713         82.26%    failed      0.06%
  35  COM_LP_342_Du-714         82.26%    failed      0.06%
  36  COM_LP_343_Du-715         82.26%    failed      0.07%
  37  CROB_LP_169_Du-381        82.66%    failed      0.67%
  38  CROB_LP_170_Du-382        82.26%    failed      0.06%
  39  CROB_LP_172_Du-384        82.26%    failed      0.06%
  40  CROB_LP_173_Du-385        82.26%    failed      0.06%
  41  CROB_LP_174_Du-386        82.26%    failed      0.06%
  42  CROB_LP_175_Du-387        82.26%    failed      0.06%
  43  CROB_LP_176_Du-388        82.26%    failed      0.06%
  44  CROB_LP_177_Du-389        82.26%    failed      0.06%
  45  CROB_LP_320_Du-395        82.26%    failed      0.06%
  46  CROB_LP_321_Du-396        82.26%    failed      0.06%
  47  CROS_LP_085_Du-181        82.26%    failed      0.06%
  48  CROS_LP_086_Du-182        82.26%    failed      0.06%
  49  CROS_LP_087_Du-183        82.26%    failed      0.06%
  50  CROS_LP_088_Du-184        82.26%    failed      0.06%
  51  CROS_LP_089_Du-185        82.26%    failed      0.06%
  52  CROS_LP_090_Du-186        82.26%    failed      0.06%
  53  CROS_LP_091_Du-187        82.26%    failed      0.07%
  54  CROS_LP_092_Du-188        82.26%    failed      0.07%
  55  CROS_LP_093_Du-189        82.26%    failed      0.06%
  56  CROS_LP_094_Du-190        82.26%    failed      0.07%
  57  CY_ALA_LP_298-Du-767      82.26%    failed      0.07%
  58  CY_ALA_LP_299-Du-768      82.26%    failed      0.07%
  59  CY_ALA_LP_357_Du-769      82.26%    failed      0.07%
  60  CY_BAL_LP_226_Du-602      82.38%    failed      0.09%
  61  CY_BAL_LP_227_Du-603      82.48%    failed      0.08%
  62  CY_BGL_LP_210_Du-577      82.26%    failed      0.07%
  63  CY_BGL_LP_212_Du-579      82.26%    failed      0.07%
  64  CY_BOU_LP_288_Du-737      82.51%    failed      0.32%
  65  CY_BOU_LP_290_Du-739      82.26%    failed      0.07%
  66  CY_BOU_LP_291_Du-740      82.26%    failed      0.07%
  67  CY_BOU_LP_292_Du-741      82.26%    failed      0.07%
  68  CY_BOU_LP_354_Du-742      82.26%    failed      0.07%
  69  CY_CAS_LP_328_Du-610      82.27%    failed      0.07%
  70  CY_CAS_LP_329_Du-611      82.26%    failed      0.07%
  71  CY_CAS_LP_330_Du-607      82.30%    failed      0.10%
  72  CY_CAS_LP_331_Du-608      82.26%    failed      0.08%
  73  CY_CAS_LP_332_Du-609      82.26%    failed      0.07%
  74  CY_HICN_LP_236_Du-614     82.26%    failed      0.06%
  75  CY_HICN_LP_333_Du-612     82.27%    failed      0.07%
  76  CY_HICN_LP_334_Du-613     82.26%    failed      0.06%
  77  CY_HICN_LP_335_Du-615     82.26%    failed      0.06%
  78  CY_HICN_LP_336_Du-616     82.26%    failed      0.06%
  79  CY_HICS_LP_293_Du-757     82.26%    failed      0.07%
  80  CY_HICS_LP_297_Du-761     82.49%    failed      0.30%
  81  CY_HICS_LP_355_Du-762     82.26%    failed      0.07%
  82  CY_HICS_LP_356_Du-763     82.27%    failed      0.09%
  83  CY_HUN_LP_264_Du-683      82.83%    failed      0.07%
  84  CY_HUN_LP_266_Du-685      82.36%    failed      0.07%
  85  CY_HUN_LP_267_Du-686      82.40%    failed      0.06%
  86  CY_HUN_LP_268_Du-687      83.06%    failed      0.02%
  87  CY_SIE_LP_188_Du-445      82.26%    failed      0.06%
  88  CY_SIE_LP_189_Du-446      82.26%    failed      0.06%
  89  CY_SIE_LP_190_Du-447      82.26%    failed      0.06%
  90  CY_SIE_LP_191_Du-448      82.26%    failed      0.07%
  91  CY_WOO_LP_259_Du-664      82.27%    failed      0.09%
  92  CY_WOO_LP_260_Du-665      82.29%    failed      0.08%
  93  CY_WOO_LP_261_Du-667      83.39%    failed      0.05%
  94  CY_WOO_LP_262_Du-668      82.26%    failed      0.08%
  95  CY_WOO_LP_263_Du-669      82.26%    failed      0.07%
  96  DAN_LP_043_Du-68          82.33%    failed      0.15%
  97  DAN_LP_044_Du-69          82.34%    failed      0.15%
  98  DAN_LP_045_Du-70          82.33%    failed      0.15%
  99  DAN_LP_046_Du-71          82.32%    failed      0.15%
 100  DAN_LP_047_Du-72          82.34%    failed      0.15%
 101  DOV_LP_078_Du-174         82.31%    failed      0.07%
 102  DOV_LP_079_Du-175         82.26%    failed      0.06%
 103  DOV_LP_080_Du-176         82.26%    failed      0.06%
 104  DOV_LP_081_Du-177         82.26%    failed      0.06%
 105  DOV_LP_082_Du-178         82.26%    failed      0.06%
 106  DOV_LP_083_Du-179         82.26%    failed      0.06%
 107  DOV_LP_084_Du-180         82.26%    failed      0.06%
 108  DU-173                    82.31%    failed      0.06%
 109  DU-229                    82.26%    failed      0.06%
 110  DU-247                    82.26%    failed      0.06%
 111  DU-254                    82.26%    failed      0.06%
 112  DU-270                    82.26%    failed      0.06%
 113  DU-297                    82.26%    failed      0.06%
 114  DU-443                    82.26%    failed      0.06%
 115  DU-4A                     82.26%    failed      0.06%
 116  DU014LP012                82.26%    failed      0.07%
 117  DU037LP013                82.26%    failed      0.07%
 118  DU059LP015                82.26%    failed      0.06%
 119  DU078LP011                82.33%    failed      0.15%
 120  DU079LP010                82.31%    failed      0.13%
 121  DUD_LP_132_Du-283         82.27%    failed      0.06%
 122  DUD_LP_133_Du-284         82.26%    failed      0.06%
 123  DUD_LP_134_Du-285         82.26%    failed      0.06%
 124  DUD_LP_135_Du-286         82.26%    failed      0.06%
 125  DUD_LP_136_Du-287         82.26%    failed      0.06%
 126  DUD_LP_137_Du-288         82.26%    failed      0.06%
 127  DUD_LP_138_Du-289         82.26%    failed      0.06%
 128  DUD_LP_139_Du-290         82.51%    failed      0.13%
 129  KIRN_LP_179_Du-421        82.26%    failed      0.06%
 130  KIRN_LP_180_Du-422        82.26%    failed      0.06%
 131  KIRN_LP_181_Du-423        82.26%    failed      0.06%
 132  KIRN_LP_182_Du-424        82.26%    failed      0.06%
 133  KIRN_LP_183_Du-425        82.26%    failed      0.06%
 134  KIRN_LP_184_Du-426        82.26%    failed      0.06%
 135  KIRN_LP_185_Du-427        82.26%    failed      0.06%
 136  KIRN_LP_186_Du-428        82.26%    failed      0.06%
 137  KIRN_LP_187_Du-429        82.26%    failed      0.06%
 138  KIRT_LP_159_Du-364        82.26%    failed      0.06%
 139  KIRT_LP_160_Du-365        82.26%    failed      0.06%
 140  KIRT_LP_161_Du-366        82.26%    failed      0.06%
 141  KIRT_LP_162_Du-367        82.26%    failed      0.06%
 142  KIRT_LP_163_Du-368        82.26%    failed      0.06%
 143  KIRT_LP_164_Du-369        82.26%    failed      0.06%
 144  KIRT_LP_165_Du-370        82.26%    failed      0.06%
 145  KIRT_LP_166_Du-371        82.26%    failed      0.06%
 146  KIRT_LP_167_Du-372        82.28%    failed      0.08%
 147  KIRT_LP_168_Du-373        82.26%    failed      0.06%
 148  MALV_LP_095_Du-201        82.26%    failed      0.06%
 149  MALV_LP_096_Du-202        82.26%    failed      0.06%
 150  MALV_LP_097_Du-203        82.26%    failed      0.06%
 151  MALV_LP_098_Du-204        82.26%    failed      0.06%
 152  MALV_LP_099_Du-205        82.26%    failed      0.06%
 153  MALV_LP_100_Du-206        82.26%    failed      0.06%
 154  MALV_LP_101_Du-207        82.26%    failed      0.06%
 155  MALV_LP_102_Du-208        82.26%    failed      0.06%
 156  MALV_LP_103_Du-209        82.26%    failed      0.06%
 157  MALV_LP_104_Du-210        82.26%    failed      0.06%
 158  OCO_LP_058_Du-115         82.26%    failed      0.06%
 159  OCO_LP_059_Du-106         82.27%    failed      0.07%
 160  OCO_LP_060_Du-107         82.26%    failed      0.06%
 161  OCO_LP_061_Du-108         82.26%    failed      0.06%
 162  OCO_LP_062_Du-109         82.26%    failed      0.06%
 163  OCO_LP_063_Du-110         82.26%    failed      0.06%
 164  OCO_LP_064_Du-111         82.26%    failed      0.06%
 165  OCO_LP_065_Du-112         82.26%    failed      0.06%
 166  OCO_LP_066_Du-113         82.35%    failed      0.09%
 167  OCO_LP_067_Du-114         82.73%    failed      0.06%
 168  QUI1_LP_249_Du-648        82.26%    failed      0.06%
 169  QUI1_LP_250_Du-649        82.26%    failed      0.06%
 170  QUI1_LP_252_Du-651        82.26%    failed      0.06%
 171  QUI1_LP_253_Du-652        82.26%    failed      0.07%
 172  QUI1_LP_254_Du-653        83.02%    failed      0.45%
 173  QUI1_LP_255_Du-654        82.26%    failed      0.07%
 174  QUI1_LP_257_Du-656        82.49%    failed      0.16%
 175  QUI1_LP_258_Du-657        82.26%    failed      0.06%
 176  QUI2_LP_243_Du-631        82.32%    failed      0.06%
 177  QUI2_LP_244_Du-632        82.33%    failed      0.06%
 178  QUI2_LP_245_Du-633        82.32%    failed      0.06%
 179  QUI2_LP_246_Du-634        82.32%    failed      0.06%
 180  QUI2_LP_247_Du-635        82.32%    failed      0.06%
 181  QUI2_LP_248_Du-636        82.32%    failed      0.06%
 182  QUI2_LP_337_Du-638        82.32%    failed      0.06%
 183  QUI2_LP_338_Du-639        82.41%    failed      0.06%
 184  QUI2_LP_339_Du-640        82.32%    failed      0.06%
 185  QUI2_LP_340_Du-641        82.32%    failed      0.06%
 186  QUIN_LP_069_Du-155        82.32%    failed      0.06%
 187  QUIN_LP_070_Du-156        82.32%    failed      0.06%
 188  QUIN_LP_071_Du-157        82.32%    failed      0.06%
 189  QUIN_LP_072_Du-158        82.32%    failed      0.06%
 190  QUIN_LP_073_Du-159        82.32%    failed      0.06%
 191  QUIN_LP_074_Du-160        82.32%    failed      0.06%
 192  QUIN_LP_075_Du-161        82.32%    failed      0.06%
 193  QUIN_LP_076_Du-162        82.32%    failed      0.06%
 194  QUIN_LP_077_Du-163        82.31%    failed      0.06%
 195  QUIN_LP_318_Du-164        82.32%    failed      0.05%
 196  RIC_LP_192_Du-521         82.26%    failed      0.06%
 197  RIC_LP_193_Du-522         82.26%    failed      0.06%
 198  RIC_LP_194_Du-523         82.26%    failed      0.06%
 199  RIC_LP_195_Du-524         82.26%    failed      0.06%
 200  RIC_LP_196_Du-525         82.26%    failed      0.06%
 201  RIC_LP_197_Du-526         82.26%    failed      0.06%
 202  RIC_LP_198_Du-527         82.26%    failed      0.06%
 203  RIC_LP_199_Du-528         82.26%    failed      0.06%
 204  RIC_LP_200_Du-529         82.26%    failed      0.06%
 205  RIC_LP_201_Du-530         82.26%    failed      0.06%
 206  RSV_LP_049_Du-85          82.26%    failed      0.06%
 207  RSV_LP_050_Du-87          82.26%    failed      0.06%
 208  RSV_LP_051_Du-88          82.27%    failed      0.06%
 209  RSV_LP_052_Du-89          82.26%    failed      0.06%
 210  RSV_LP_053_Du-90          82.26%    failed      0.06%
 211  RSV_LP_055_Du-92          82.26%    failed      0.06%
 212  RSV_LP_057_Du-94          82.26%    failed      0.05%
 213  RSV_LP_315_Du-95          82.26%    failed      0.06%
 214  RSV_LP_316_Du-96          82.26%    failed      0.05%
 215  SILG_LP_149_Du-343        82.29%    failed      0.12%
 216  SILG_LP_150_Du-344        82.26%    failed      0.06%
 217  SILG_LP_151_Du-345        82.26%    failed      0.06%
 218  SILG_LP_152_Du-346        82.26%    failed      0.06%
 219  SILG_LP_153_Du-347        82.27%    failed      0.07%
 220  SILG_LP_154_Du-348        82.26%    failed      0.06%
 221  SILG_LP_155_Du-349        82.26%    failed      0.06%
 222  SILG_LP_156_Du-350        82.26%    failed      0.06%
 223  SILG_LP_157_Du-351        84.26%    failed      0.06%
 224  SILG_LP_158_Du-352        83.22%    passed     16.46%
 225  SILR_LP_346_Du-729        82.26%    failed      0.07%
 226  SILR_LP_347_Du-730        82.26%    failed      0.07%
 227  SILR_LP_348_Du-731        82.26%    failed      0.07%
 228  SILR_LP_349_Du-732        82.26%    failed      0.07%
 229  SILR_LP_351_Du-734        82.26%    failed      0.07%
 230  SILR_LP_353_Du-736        82.26%    failed      0.06%
 231  STI_LP_027_Du-45          82.48%    failed      0.18%
 232  STI_LP_028_Du-46          82.26%    failed      0.05%
 233  STI_LP_029_Du-47          84.99%    failed      0.00%
 234  STI_LP_030_Du-48          82.26%    failed      0.06%
 235  STI_LP_031_Du-49          82.26%    failed      0.05%
 236  STI_LP_032_Du-50          82.26%    failed      0.05%
 237  STI_LP_033_Du-51          82.40%    failed      0.12%
 238  STI_LP_034_Du-52          82.26%    failed      0.06%
 239  STI_LP_035_Du-53          82.26%    failed      0.06%
 240  STI_LP_036_Du-54          82.27%    failed      0.05%
 241  STI_LP_037_Du-55          82.26%    failed      0.05%
 242  STI_LP_038_Du-56          82.26%    failed      0.05%
 243  STI_LP_039_Du-57          82.26%    failed      0.06%
 244  STI_LP_040_Du-58          82.71%    passed      7.46%
 245  STI_LP_041_Du-60          82.26%    failed      0.06%
 246  STI_LP_042_Du-61          82.27%    failed      0.05%
 247  TIL_LP_123_Du-263         83.62%    failed      0.22%
 248  TIL_LP_124_Du-264         82.26%    failed      0.06%
 249  TIL_LP_125_Du-265         83.62%    failed      0.06%
 250  TIL_LP_126_Du-266         82.28%    failed      0.06%
 251  TIL_LP_128_Du-268         82.26%    failed      0.06%
 252  TIL_LP_129_Du-269         82.26%    failed      0.06%
 253  TIL_LP_130_Du-271         82.26%    failed      0.06%
 254  TIL_LP_131_Du-272         82.26%    failed      0.06%
 255  TULP_LP_115_Du-242        82.26%    failed      0.07%
 256  TULP_LP_116_Du-243        82.26%    failed      0.06%
 257  TULP_LP_117_Du-244        82.26%    failed      0.06%
 258  TULP_LP_118_Du-245        82.26%    failed      0.06%
 259  TULP_LP_119_Du-246        82.26%    failed      0.06%
 260  TULP_LP_120_Du-248        82.26%    failed      0.07%
 261  TULP_LP_121_Du-249        82.26%    failed      0.06%
 262  TULP_LP_122_Du-250        82.26%    failed      0.06%
 263  TULP_LP_140_Du-302        82.26%    failed      0.06%
 264  TULP_LP_141_Du-303        82.26%    failed      0.07%
 265  TULP_LP_142_Du-304        82.28%    failed      0.06%
 266  TULP_LP_143_Du-305        82.26%    failed      0.06%
 267  TULP_LP_144_Du-306        82.31%    failed      0.08%
 268  TULP_LP_145_Du-307        82.26%    failed      0.07%
 269  TULP_LP_146_Du-308        82.34%    failed      0.06%
 270  TULP_LP_147_Du-309        82.26%    failed      0.07%
 271  TULP_LP_148_Du-310        82.29%    failed      0.08%
WARNING: 271 sequences contain more than 50% gaps/ambiguity
****  TOTAL                     82.33%  269 sequences failed composition chi2 test (p-value<5%; df=3)
NOTE: minimal branch length is reduced to 0.000000410916 for long alignment
NOTE: DU-229 is identical to BAI_LP_110_Du-227 but kept for subsequent analysis
NOTE: COM_LP_342_Du-714 is identical to COM_LP_341_Du-713 but kept for subsequent analysis
NOTE: CROB_LP_176_Du-388 is identical to CROB_LP_170_Du-382 but kept for subsequent analysis
NOTE: CROB_LP_175_Du-387 is identical to CROB_LP_173_Du-385 but kept for subsequent analysis
NOTE: CROB_LP_177_Du-389 is identical to CROB_LP_174_Du-386 but kept for subsequent analysis
NOTE: CROS_LP_086_Du-182 is identical to CROS_LP_085_Du-181 but kept for subsequent analysis
NOTE: KIRT_LP_164_Du-369 is identical to CROS_LP_093_Du-189 but kept for subsequent analysis
NOTE: CY_BOU_LP_354_Du-742 is identical to CY_BOU_LP_290_Du-739 but kept for subsequent analysis
NOTE: CY_BOU_LP_292_Du-741 is identical to CY_BOU_LP_291_Du-740 but kept for subsequent analysis
NOTE: DU-443 is identical to CY_SIE_LP_189_Du-446 but kept for subsequent analysis
NOTE: DOV_LP_081_Du-177 is identical to DOV_LP_080_Du-176 but kept for subsequent analysis
NOTE: QUIN_LP_077_Du-163 is identical to DU-173 but kept for subsequent analysis
NOTE: DU-254 is identical to DU-247 but kept for subsequent analysis
NOTE: DU037LP013 is identical to DU014LP012 but kept for subsequent analysis
NOTE: DUD_LP_134_Du-285 is identical to DUD_LP_133_Du-284 but kept for subsequent analysis
NOTE: TULP_LP_140_Du-302 is identical to DUD_LP_138_Du-289 but kept for subsequent analysis
NOTE: KIRT_LP_160_Du-365 is identical to KIRN_LP_180_Du-422 but kept for subsequent analysis
NOTE: KIRN_LP_185_Du-427 is identical to KIRN_LP_181_Du-423 but kept for subsequent analysis
NOTE: RIC_LP_192_Du-521 is identical to KIRN_LP_182_Du-424 but kept for subsequent analysis
NOTE: KIRT_LP_161_Du-366 is identical to KIRT_LP_159_Du-364 but kept for subsequent analysis
NOTE: MALV_LP_096_Du-202 is identical to MALV_LP_095_Du-201 but kept for subsequent analysis
NOTE: MALV_LP_099_Du-205 is identical to MALV_LP_098_Du-204 but kept for subsequent analysis
NOTE: QUI2_LP_248_Du-636 is identical to QUI2_LP_243_Du-631 but kept for subsequent analysis
NOTE: QUIN_LP_070_Du-156 is identical to QUI2_LP_245_Du-633 but kept for subsequent analysis
NOTE: QUI2_LP_339_Du-640 is identical to QUI2_LP_246_Du-634 but kept for subsequent analysis
NOTE: SILR_LP_348_Du-731 is identical to SILR_LP_346_Du-729 but kept for subsequent analysis
NOTE: SILR_LP_349_Du-732 is identical to SILR_LP_347_Du-730 but kept for subsequent analysis
NOTE: STI_LP_032_Du-50 is identical to STI_LP_031_Du-49 but kept for subsequent analysis
NOTE: STI_LP_039_Du-57 is identical to STI_LP_034_Du-52 but kept for subsequent analysis
Checking for duplicate sequences: done in 0.000775814 secs using 683.3% CPU
Identifying sites to remove: done in 0.106773 secs using 779.9% CPU
NOTE: 42 identical sequences (see below) will be ignored for subsequent analysis
NOTE: CROB_LP_321_Du-396 (identical to CROB_LP_173_Du-385) is ignored but added at the end
NOTE: CROS_LP_088_Du-184 (identical to CROS_LP_085_Du-181) is ignored but added at the end
NOTE: CROS_LP_090_Du-186 (identical to CROS_LP_085_Du-181) is ignored but added at the end
NOTE: DU-4A (identical to CROS_LP_085_Du-181) is ignored but added at the end
NOTE: KIRT_LP_165_Du-370 (identical to CROS_LP_093_Du-189) is ignored but added at the end
NOTE: KIRT_LP_166_Du-371 (identical to CROS_LP_093_Du-189) is ignored but added at the end
NOTE: KIRT_LP_168_Du-373 (identical to CROS_LP_093_Du-189) is ignored but added at the end
NOTE: RIC_LP_194_Du-523 (identical to CROS_LP_093_Du-189) is ignored but added at the end
NOTE: RIC_LP_195_Du-524 (identical to CROS_LP_093_Du-189) is ignored but added at the end
NOTE: RIC_LP_196_Du-525 (identical to CROS_LP_093_Du-189) is ignored but added at the end
NOTE: RIC_LP_198_Du-527 (identical to CROS_LP_093_Du-189) is ignored but added at the end
NOTE: RIC_LP_199_Du-528 (identical to CROS_LP_093_Du-189) is ignored but added at the end
NOTE: RIC_LP_200_Du-529 (identical to CROS_LP_093_Du-189) is ignored but added at the end
NOTE: RIC_LP_201_Du-530 (identical to CROS_LP_093_Du-189) is ignored but added at the end
NOTE: CY_HICS_LP_293_Du-757 (identical to CY_BOU_LP_290_Du-739) is ignored but added at the end
NOTE: CY_HICS_LP_355_Du-762 (identical to CY_BOU_LP_291_Du-740) is ignored but added at the end
NOTE: DOV_LP_083_Du-179 (identical to DOV_LP_080_Du-176) is ignored but added at the end
NOTE: DOV_LP_084_Du-180 (identical to DOV_LP_080_Du-176) is ignored but added at the end
NOTE: DU-297 (identical to DU-247) is ignored but added at the end
NOTE: TULP_LP_116_Du-243 (identical to DU-247) is ignored but added at the end
NOTE: TULP_LP_117_Du-244 (identical to DU-247) is ignored but added at the end
NOTE: TULP_LP_118_Du-245 (identical to DU-247) is ignored but added at the end
NOTE: TULP_LP_119_Du-246 (identical to DU-247) is ignored but added at the end
NOTE: TULP_LP_122_Du-250 (identical to DU-247) is ignored but added at the end
NOTE: DUD_LP_135_Du-286 (identical to DUD_LP_133_Du-284) is ignored but added at the end
NOTE: KIRN_LP_187_Du-429 (identical to KIRN_LP_181_Du-423) is ignored but added at the end
NOTE: RIC_LP_193_Du-522 (identical to KIRN_LP_181_Du-423) is ignored but added at the end
NOTE: KIRT_LP_163_Du-368 (identical to KIRT_LP_159_Du-364) is ignored but added at the end
NOTE: MALV_LP_097_Du-203 (identical to MALV_LP_095_Du-201) is ignored but added at the end
NOTE: MALV_LP_102_Du-208 (identical to MALV_LP_095_Du-201) is ignored but added at the end
NOTE: MALV_LP_103_Du-209 (identical to MALV_LP_095_Du-201) is ignored but added at the end
NOTE: MALV_LP_100_Du-206 (identical to MALV_LP_098_Du-204) is ignored but added at the end
NOTE: MALV_LP_101_Du-207 (identical to MALV_LP_098_Du-204) is ignored but added at the end
NOTE: MALV_LP_104_Du-210 (identical to MALV_LP_098_Du-204) is ignored but added at the end
NOTE: QUI2_LP_337_Du-638 (identical to QUI2_LP_243_Du-631) is ignored but added at the end
NOTE: QUI2_LP_340_Du-641 (identical to QUI2_LP_243_Du-631) is ignored but added at the end
NOTE: QUIN_LP_073_Du-159 (identical to QUI2_LP_243_Du-631) is ignored but added at the end
NOTE: QUIN_LP_074_Du-160 (identical to QUI2_LP_245_Du-633) is ignored but added at the end
NOTE: QUIN_LP_069_Du-155 (identical to QUI2_LP_246_Du-634) is ignored but added at the end
NOTE: QUIN_LP_071_Du-157 (identical to QUI2_LP_246_Du-634) is ignored but added at the end
NOTE: QUIN_LP_072_Du-158 (identical to QUI2_LP_246_Du-634) is ignored but added at the end
NOTE: SILR_LP_351_Du-734 (identical to SILR_LP_347_Du-730) is ignored but added at the end
Alignment was printed to canonical_publication/results/trees/publication-20260817/mitochondria.primary.uniqueseq.phy

For your convenience alignment with unique sequences printed to canonical_publication/results/trees/publication-20260817/mitochondria.primary.uniqueseq.phy


Create initial parsimony tree by phylogenetic likelihood library (PLL)... 0.005 seconds
Perform fast likelihood tree search using GTR+I+G model...
Estimate model parameters (epsilon = 5.000)
Perform nearest neighbor interchange...
Estimate model parameters (epsilon = 1.000)
1. Initial log-likelihood: -61662.416
Optimal log-likelihood: -61662.407
Rate parameters:  A-C: 0.67392  A-G: 0.48713  A-T: 1.68831  C-G: 0.43615  C-T: 0.68695  G-T: 1.00000
Base frequencies:  A: 0.265  C: 0.229  G: 0.234  T: 0.271
Proportion of invariable sites: 0.500
Gamma shape alpha: 0.020
Parameters optimization took 1 rounds (0.058 sec)
Time for fast ML tree search: 0.315 seconds

NOTE: ModelFinder requires 188 MB RAM!
ModelFinder will test up to 968 DNA models (sample size: 243359 epsilon: 0.100) ...
 No. Model         -LnL         df  AIC          AICc         BIC
  1  JC            61945.302    455 124800.604   124802.313   129533.648
  2  JC+I          61804.702    456 124521.404   124523.120   129264.850
  3  JC+G4         61896.018    456 124704.035   124705.751   129447.481
  4  JC+I+G4       61871.901    457 124657.803   124659.526   129411.651
  5  JC+R2         61917.688    457 124749.375   124751.098   129503.223
  6  JC+R3         61910.690    459 124739.379   124741.118   129514.032
 14  JC+I+R2       61893.291    458 124702.582   124704.313   129466.832
 15  JC+I+R3       61882.419    460 124684.839   124686.585   129469.894
 24  JC+I          61804.702    456 124521.404   124523.120   129264.850
 46  F81+I         61802.146    456 124516.292   124518.007   129259.737
 68  F81+F+I       61613.991    459 124145.981   124147.720   128920.634
 90  K2P+I         61797.000    457 124508.000   124509.723   129261.848
112  K2P+I         61797.000    457 124508.000   124509.724   129261.848
134  HKY+I         61797.000    457 124508.000   124509.723   129261.848
156  HKY+F+I       61608.983    460 124137.966   124139.712   128923.021
178  TNe+I         61796.478    458 124508.957   124510.688   129273.207
200  TNe+I         61796.478    458 124508.957   124510.688   129273.207
222  TN+I          61796.478    458 124508.955   124510.686   129273.206
244  TN+F+I        61608.449    461 124138.899   124140.652   128934.356
266  K3P+I         61795.096    458 124506.193   124507.924   129270.443
288  K3P+I         61795.096    458 124506.193   124507.924   129270.443
310  K3Pu+I        61795.095    458 124506.190   124507.921   129270.440
332  K3Pu+F+I      61607.227    461 124136.453   124138.207   128931.910
354  TPM2+I        61790.896    458 124497.793   124499.524   129262.043
376  TPM2+I        61790.896    458 124497.793   124499.524   129262.043
398  TPM2u+I       61790.819    458 124497.637   124499.368   129261.887
420  TPM2u+F+I     61604.252    461 124130.503   124132.257   128925.960
442  TPM3+I        61781.503    458 124479.007   124480.737   129243.257
464  TPM3+I        61781.503    458 124479.007   124480.737   129243.257
486  TPM3u+I       61781.488    458 124478.977   124480.708   129243.227
508  TPM3u+F+I     61596.332    461 124114.665   124116.418   128910.122
530  TIMe+I        61794.577    459 124507.154   124508.893   129281.807
552  TIMe+I        61794.577    459 124507.154   124508.893   129281.807
574  TIM+I         61794.573    459 124507.147   124508.885   129281.799
596  TIM+F+I       61606.692    462 124137.385   124139.146   128943.244
618  TIM2e+I       61790.513    459 124499.026   124500.765   129273.679
640  TIM2e+I       61790.513    459 124499.026   124500.765   129273.679
662  TIM2+I        61790.325    459 124498.649   124500.388   129273.301
684  TIM2+F+I      61603.635    462 124131.271   124133.032   128937.130
706  TIM3e+I       61780.943    459 124479.886   124481.624   129254.538
728  TIM3e+I       61780.943    459 124479.886   124481.624   129254.538
750  TIM3+I        61780.941    459 124479.882   124481.621   129254.535
772  TIM3+F+I      61595.829    462 124115.658   124117.419   128921.517
794  TVMe+I        61775.252    460 124470.505   124472.251   129255.560
816  TVMe+I        61775.252    460 124470.505   124472.251   129255.560
838  TVM+I         61775.246    460 124470.493   124472.239   129255.547
860  TVM+F+I       61591.486    463 124108.971   124110.740   128925.233
882  SYM+I         61774.709    461 124471.418   124473.172   129266.875
904  SYM+I         61774.709    461 124471.418   124473.172   129266.875
926  GTR+I         61774.709    461 124471.418   124473.172   129266.875
948  GTR+F+I       61590.963    464 124109.925   124111.702   128936.589
Akaike Information Criterion:           TVM+F+I
Corrected Akaike Information Criterion: TVM+F+I
Bayesian Information Criterion:         TPM3u+F+I
Best-fit model: TPM3u+F+I chosen according to BIC

All model information printed to canonical_publication/results/trees/publication-20260817/mitochondria.primary.model.gz
CPU time for ModelFinder: 18.332 seconds (0h:0m:18s)
Wall-clock time for ModelFinder: 2.394 seconds (0h:0m:2s)
Generating 1000 samples for ultrafast bootstrap (seed: 314159)...

NOTE: 27 MB RAM (0 GB) is required!
Estimate model parameters (epsilon = 0.100)
1. Initial log-likelihood: -61596.336
Optimal log-likelihood: -61596.332
Rate parameters:  A-C: 0.37863  A-G: 0.40756  A-T: 1.00000  C-G: 0.37863  C-T: 0.40756  G-T: 1.00000
Base frequencies:  A: 0.265  C: 0.229  G: 0.234  T: 0.271
Proportion of invariable sites: 0.991
Parameters optimization took 1 rounds (0.017 sec)
Wrote distance file to... 
Computing ML distances based on estimated model parameters...
Calculating distance matrix: done in 0.0134571 secs using 801.4% CPU
Computing ML distances took 0.013587 sec (of wall-clock time) 0.108560 sec (of CPU time)
Setting up auxiliary I and S matrices: done in 0.000149012 secs using 855.6% CPU
Constructing RapidNJ tree: done in 0.00513196 secs using 849.9% CPU
Computing RapidNJ tree took 0.005307 sec (of wall-clock time) 0.045039 sec (of CPU time)
Log-likelihood of RapidNJ tree: -61605.039
--------------------------------------------------------------------
|             INITIALIZING CANDIDATE TREE SET                      |
--------------------------------------------------------------------
Generating 98 parsimony trees... 0.520 second
Computing log-likelihood of 98 initial trees ... 0.513 seconds
Current best score: -61596.332

Do NNI search on 20 best initial trees
Estimate model parameters (epsilon = 0.100)
BETTER TREE FOUND at iteration 1: -61596.332
Estimate model parameters (epsilon = 0.100)
BETTER TREE FOUND at iteration 2: -61596.099
Iteration 10 / LogL: -61598.597 / Time: 0h:0m:7s
Iteration 20 / LogL: -61598.775 / Time: 0h:0m:11s
Finish initializing candidate tree set (20)
Current best tree score: -61596.099 / CPU time: 8.766
Number of iterations: 20
--------------------------------------------------------------------
|               OPTIMIZING CANDIDATE TREE SET                      |
--------------------------------------------------------------------
Iteration 30 / LogL: -61602.645 / Time: 0h:0m:13s (0h:0m:28s left)
Iteration 40 / LogL: -61603.210 / Time: 0h:0m:15s (0h:0m:20s left)
Iteration 50 / LogL: -61599.791 / Time: 0h:0m:17s (0h:0m:16s left)
Iteration 60 / LogL: -61616.174 / Time: 0h:0m:20s (0h:0m:12s left)
Iteration 70 / LogL: -61597.152 / Time: 0h:0m:22s (0h:0m:9s left)
Iteration 80 / LogL: -61596.560 / Time: 0h:0m:24s (0h:0m:6s left)
Iteration 90 / LogL: -61604.578 / Time: 0h:0m:27s (0h:0m:3s left)
Iteration 100 / LogL: -61596.850 / Time: 0h:0m:29s (0h:0m:0s left)
Refining ufboot trees with NNI 1 branch...
100 samples done
200 samples done
300 samples done
400 samples done
500 samples done
600 samples done
700 samples done
800 samples done
900 samples done
1000 samples done
Total 1000 ufboot trees refined
TREE SEARCH COMPLETED AFTER 103 ITERATIONS / Time: 0h:2m:17s

--------------------------------------------------------------------
|                    FINALIZING TREE SEARCH                        |
--------------------------------------------------------------------
Performs final model parameters optimization
Estimate model parameters (epsilon = 0.010)
1. Initial log-likelihood: -61596.099
Optimal log-likelihood: -61596.097
Rate parameters:  A-C: 0.37602  A-G: 0.40664  A-T: 1.00000  C-G: 0.37602  C-T: 0.40664  G-T: 1.00000
Base frequencies:  A: 0.265  C: 0.229  G: 0.234  T: 0.271
Proportion of invariable sites: 0.991
Parameters optimization took 1 rounds (0.015 sec)
BEST SCORE FOUND : -61596.097

Testing tree branches by SH-like aLRT with 1000 replicates...
3.542 sec.
Creating bootstrap support values...
Split supports printed to NEXUS file canonical_publication/results/trees/publication-20260817/mitochondria.primary.splits.nex
Total tree length: 0.005

Total number of iterations: 103
CPU time used for tree search: 1061.152 sec (0h:17m:41s)
Wall-clock time used for tree search: 135.099 sec (0h:2m:15s)
Total CPU time used: 1111.237 sec (0h:18m:31s)
Total wall-clock time used: 141.543 sec (0h:2m:21s)
UFBoot trees printed to canonical_publication/results/trees/publication-20260817/mitochondria.primary.ufboot

Computing bootstrap consensus tree...
Reading input file canonical_publication/results/trees/publication-20260817/mitochondria.primary.splits.nex...
229 taxa and 8955 splits.
Consensus tree written to canonical_publication/results/trees/publication-20260817/mitochondria.primary.contree
Reading input trees file canonical_publication/results/trees/publication-20260817/mitochondria.primary.contree
Log-likelihood of consensus tree: -61606.996

Analysis results written to: 
  IQ-TREE report:                canonical_publication/results/trees/publication-20260817/mitochondria.primary.iqtree
  Maximum-likelihood tree:       canonical_publication/results/trees/publication-20260817/mitochondria.primary.treefile
  Likelihood distances:          canonical_publication/results/trees/publication-20260817/mitochondria.primary.mldist

Ultrafast bootstrap approximation results written to:
  Split support values:          canonical_publication/results/trees/publication-20260817/mitochondria.primary.splits.nex
  Consensus tree:                canonical_publication/results/trees/publication-20260817/mitochondria.primary.contree
  UFBoot trees:                  canonical_publication/results/trees/publication-20260817/mitochondria.primary.ufboot
  Screen log file:               canonical_publication/results/trees/publication-20260817/mitochondria.primary.log

Date and Time: Thu Aug 20 02:43:51 2026
