IQ-TREE version 3.1.2 for Linux x86 64-bit built May 17 2026
Developed by Bui Quang Minh, Thomas Wong, Nhan Ly-Trong, Huaiyan Ren
Contributed by Lam-Tung Nguyen, Dominik Schrempf, Chris Bielow,
Olga Chernomor, Michael Woodhams, Diep Thi Hoang, Heiko Schmidt

Host:    sparky (AVX512, FMA3, 30 GB RAM)
Command: iqtree3 -s supplementary_analysis/results/sensitivity/supplement-20260824/strict/alignments/chloroplast.callable_alignment.fa -pre supplementary_analysis/results/sensitivity/supplement-20260824/strict/trees/chloroplast.primary -st DNA -m MFP -alrt 1000 -B 1000 -bnni -seed 271828 -nt 8
Seed:    271828 (Using SPRNG - Scalable Parallel Random Number Generator)
Time:    Mon Aug 24 03:47:23 2026
Kernel:  AVX+FMA - 8 threads (16 CPU cores detected)

Reading alignment file supplementary_analysis/results/sensitivity/supplement-20260824/strict/alignments/chloroplast.callable_alignment.fa ... Fasta format detected
Reading fasta file: done in 0.195281 secs using 90.19% CPU
Constructing alignment: done in 0.109868 secs using 753.6% CPU
WARNING: 42290 sites contain only gaps or ambiguous characters.
Alignment has 274 sequences with 150274 columns, 6255 distinct patterns
1985 parsimony-informative, 242 singleton sites, 148047 constant sites
                         Gap/Ambiguity  Composition  p-value
Analyzing sequences: done in 0.000281096 secs using 595.5% CPU
   1  ABAB_MAD_LP_223_Du-590    33.06%    passed     44.01%
   2  ABAB_MAD_LP_322_Du-593    31.40%    passed     96.81%
   3  ABAB_MAD_LP_323_Du-594    33.00%    passed     35.96%
   4  ABAB_MAD_LP_324_Du-595    32.87%    passed     46.09%
   5  ABAB_MAD_LP_325_Du-596    32.42%    passed     78.52%
   6  ABAB_MAD_LP_326_Du-597    32.62%    passed     64.67%
   7  ABAB_MAD_LP_327_Du-598    33.00%    passed     41.95%
   8  ABBE_BERN_LP_311_Du-780   31.76%    passed     99.51%
   9  ABBE_BERN_LP_312_Du-781   32.56%    passed     56.90%
  10  ABBE_BERN_LP_313_Du-782   32.93%    passed     49.26%
  11  ABBE_BERN_LP_314_Du-783   32.93%    passed     37.95%
  12  ABMU_HOR_LP_306_Du-775    32.07%    passed     93.52%
  13  ABMU_HOR_LP_308_Du-777    31.93%    passed     96.31%
  14  ABMU_HOR_LP_358_Du-770    31.48%    passed     98.93%
  15  ABMU_HOR_LP_359_Du-771    31.48%    passed     99.26%
  16  ABMU_HOR_LP_360_Du-772    31.29%    passed     95.90%
  17  ABMU_HOR_LP_361_Du-773    31.55%    passed     99.38%
  18  BAI_LP_105_Du-222         29.87%    passed     51.82%
  19  BAI_LP_106_Du-223         29.85%    passed     43.45%
  20  BAI_LP_108_Du-225         30.06%    passed     52.73%
  21  BAI_LP_109_Du-226         29.95%    passed     46.95%
  22  BAI_LP_110_Du-227         29.56%    passed     40.98%
  23  BAI_LP_111_Du-228         29.73%    passed     41.48%
  24  BAI_LP_112_Du-230         30.17%    passed     59.34%
  25  BAI_LP_113_Du-231         29.92%    passed     47.45%
  26  BAI_LP_114_Du-232         30.02%    passed     52.92%
  27  BAI_LP_319_Du-233         31.90%    passed     92.39%
  28  COM_LP_269_Du-703         31.59%    passed     95.78%
  29  COM_LP_270_Du-704         32.17%    passed     68.29%
  30  COM_LP_272_Du-707         31.59%    passed     97.94%
  31  COM_LP_274_Du-709         31.72%    passed     98.06%
  32  COM_LP_276_Du-711         32.14%    passed     63.53%
  33  COM_LP_277_Du-712         31.95%    passed     80.85%
  34  COM_LP_341_Du-713         31.32%    passed     99.89%
  35  COM_LP_342_Du-714         32.07%    passed     75.73%
  36  COM_LP_343_Du-715         31.59%    passed     97.51%
  37  CROB_LP_169_Du-381        32.45%    passed     66.75%
  38  CROB_LP_170_Du-382        31.03%    passed     98.78%
  39  CROB_LP_172_Du-384        31.95%    passed     85.86%
  40  CROB_LP_173_Du-385        30.84%    passed     96.18%
  41  CROB_LP_174_Du-386        30.56%    passed     89.74%
  42  CROB_LP_175_Du-387        30.88%    passed     95.51%
  43  CROB_LP_176_Du-388        30.82%    passed     95.74%
  44  CROB_LP_177_Du-389        30.15%    passed     66.43%
  45  CROB_LP_320_Du-395        31.23%    passed     99.23%
  46  CROB_LP_321_Du-396        31.10%    passed     99.25%
  47  CROS_LP_085_Du-181        30.06%    passed     52.77%
  48  CROS_LP_086_Du-182        29.31%    passed     22.17%
  49  CROS_LP_087_Du-183        29.71%    passed     38.99%
  50  CROS_LP_088_Du-184        29.53%    passed     35.41%
  51  CROS_LP_089_Du-185        28.79%    passed     19.07%
  52  CROS_LP_090_Du-186        29.39%    passed     26.21%
  53  CROS_LP_091_Du-187        29.11%    passed      6.00%
  54  CROS_LP_092_Du-188        29.84%    passed     19.05%
  55  CROS_LP_093_Du-189        29.92%    passed     64.08%
  56  CROS_LP_094_Du-190        29.12%    passed      5.58%
  57  CY_ALA_LP_298-Du-767      32.44%    passed     57.23%
  58  CY_ALA_LP_299-Du-768      32.49%    passed     56.48%
  59  CY_ALA_LP_357_Du-769      31.42%    passed     99.94%
  60  CY_BAL_LP_226_Du-602      32.36%    passed     72.34%
  61  CY_BAL_LP_227_Du-603      32.57%    passed     56.52%
  62  CY_BAL_LP_228_Du-604      33.41%    passed     21.73%
  63  CY_BGL_LP_210_Du-577      32.06%    passed     94.05%
  64  CY_BGL_LP_212_Du-579      31.30%    passed     98.35%
  65  CY_BOU_LP_288_Du-737      32.30%    passed     77.31%
  66  CY_BOU_LP_290_Du-739      31.20%    passed     98.93%
  67  CY_BOU_LP_291_Du-740      32.14%    passed     82.64%
  68  CY_BOU_LP_292_Du-741      32.13%    passed     81.35%
  69  CY_BOU_LP_354_Du-742      31.24%    passed     99.81%
  70  CY_CAS_LP_328_Du-610      32.69%    passed     41.08%
  71  CY_CAS_LP_329_Du-611      32.12%    passed     88.55%
  72  CY_CAS_LP_330_Du-607      32.55%    passed     65.90%
  73  CY_CAS_LP_331_Du-608      32.89%    passed     28.69%
  74  CY_CAS_LP_332_Du-609      32.50%    passed     60.34%
  75  CY_HICN_LP_236_Du-614     31.59%    passed     99.43%
  76  CY_HICN_LP_333_Du-612     32.80%    passed     31.34%
  77  CY_HICN_LP_334_Du-613     33.18%    passed     12.13%
  78  CY_HICN_LP_335_Du-615     32.71%    passed     35.99%
  79  CY_HICN_LP_336_Du-616     32.53%    passed     55.00%
  80  CY_HICS_LP_293_Du-757     32.60%    passed     43.00%
  81  CY_HICS_LP_295_Du-759     34.10%    passed     14.07%
  82  CY_HICS_LP_297_Du-761     32.56%    passed     55.41%
  83  CY_HICS_LP_355_Du-762     31.60%    passed     99.83%
  84  CY_HICS_LP_356_Du-763     31.89%    passed     91.46%
  85  CY_HUN_LP_264_Du-683      32.61%    passed     72.58%
  86  CY_HUN_LP_266_Du-685      32.30%    passed     89.95%
  87  CY_HUN_LP_267_Du-686      32.72%    passed     63.86%
  88  CY_HUN_LP_268_Du-687      32.83%    passed     51.94%
  89  CY_SIE_LP_188_Du-445      30.43%    passed     80.27%
  90  CY_SIE_LP_189_Du-446      30.35%    passed     70.92%
  91  CY_SIE_LP_190_Du-447      30.27%    passed     65.69%
  92  CY_SIE_LP_191_Du-448      30.86%    passed     89.92%
  93  CY_WOO_LP_259_Du-664      32.04%    passed     88.37%
  94  CY_WOO_LP_260_Du-665      32.78%    passed     35.41%
  95  CY_WOO_LP_261_Du-667      33.58%    passed      7.98%
  96  CY_WOO_LP_262_Du-668      32.71%    passed     36.40%
  97  CY_WOO_LP_263_Du-669      32.35%    passed     64.71%
  98  DAN_LP_043_Du-68          32.18%    passed     58.42%
  99  DAN_LP_044_Du-69          31.58%    passed     97.86%
 100  DAN_LP_045_Du-70          29.79%    passed     53.07%
 101  DAN_LP_046_Du-71          31.28%    passed     99.88%
 102  DAN_LP_047_Du-72          31.76%    passed     93.75%
 103  DOV_LP_078_Du-174         30.75%    passed     90.87%
 104  DOV_LP_079_Du-175         29.75%    passed     36.04%
 105  DOV_LP_080_Du-176         28.97%    passed     25.35%
 106  DOV_LP_081_Du-177         29.14%    passed     19.34%
 107  DOV_LP_082_Du-178         29.65%    passed     44.39%
 108  DOV_LP_083_Du-179         29.61%    passed     34.55%
 109  DOV_LP_084_Du-180         29.44%    passed     24.71%
 110  DU-173                    29.31%    passed     30.61%
 111  DU-229                    29.65%    passed     37.91%
 112  DU-247                    29.34%    passed     14.22%
 113  DU-254                    29.57%    passed     22.79%
 114  DU-270                    29.81%    passed     40.86%
 115  DU-297                    29.25%    passed     10.57%
 116  DU-443                    29.77%    passed     46.82%
 117  DU-4A                     29.38%    passed     26.91%
 118  DU014LP012                28.94%    passed     17.54%
 119  DU037LP013                28.76%    passed     16.84%
 120  DU059LP015                29.09%    passed     24.23%
 121  DU078LP011                28.61%    passed     12.54%
 122  DU079LP010                29.15%    passed     36.03%
 123  DUD_LP_132_Du-283         32.16%    passed     73.82%
 124  DUD_LP_133_Du-284         31.17%    passed     96.60%
 125  DUD_LP_134_Du-285         31.02%    passed     91.41%
 126  DUD_LP_135_Du-286         31.04%    passed     91.36%
 127  DUD_LP_136_Du-287         30.96%    passed     90.42%
 128  DUD_LP_137_Du-288         31.54%    passed     99.07%
 129  DUD_LP_138_Du-289         31.17%    passed     98.00%
 130  DUD_LP_139_Du-290         31.55%    passed     99.83%
 131  KIRN_LP_179_Du-421        29.97%    passed     61.36%
 132  KIRN_LP_180_Du-422        30.59%    passed     89.45%
 133  KIRN_LP_181_Du-423        30.76%    passed     95.05%
 134  KIRN_LP_182_Du-424        30.09%    passed     66.44%
 135  KIRN_LP_183_Du-425        30.30%    passed     79.74%
 136  KIRN_LP_184_Du-426        30.32%    passed     77.65%
 137  KIRN_LP_185_Du-427        30.17%    passed     71.92%
 138  KIRN_LP_186_Du-428        29.94%    passed     64.05%
 139  KIRN_LP_187_Du-429        29.99%    passed     68.74%
 140  KIRT_LP_159_Du-364        32.42%    passed     53.59%
 141  KIRT_LP_160_Du-365        31.10%    passed     99.86%
 142  KIRT_LP_161_Du-366        31.17%    passed     99.90%
 143  KIRT_LP_162_Du-367        31.32%    passed     99.83%
 144  KIRT_LP_163_Du-368        31.27%    passed     99.91%
 145  KIRT_LP_164_Du-369        31.26%    passed     99.61%
 146  KIRT_LP_165_Du-370        29.99%    passed     62.19%
 147  KIRT_LP_166_Du-371        30.50%    passed     83.96%
 148  KIRT_LP_167_Du-372        31.79%    passed     95.37%
 149  KIRT_LP_168_Du-373        30.68%    passed     90.26%
 150  MALV_LP_095_Du-201        28.75%    passed     10.58%
 151  MALV_LP_096_Du-202        29.32%    passed     29.29%
 152  MALV_LP_097_Du-203        29.07%    passed     19.44%
 153  MALV_LP_098_Du-204        29.26%    passed     17.81%
 154  MALV_LP_099_Du-205        30.06%    passed     50.89%
 155  MALV_LP_100_Du-206        29.24%    passed     21.77%
 156  MALV_LP_101_Du-207        29.23%    passed     18.34%
 157  MALV_LP_102_Du-208        29.62%    passed     31.51%
 158  MALV_LP_103_Du-209        29.53%    passed     23.84%
 159  MALV_LP_104_Du-210        29.52%    passed     27.89%
 160  OCO_LP_058_Du-115         32.69%    passed     56.97%
 161  OCO_LP_059_Du-106         32.58%    passed     73.63%
 162  OCO_LP_060_Du-107         33.03%    passed     39.35%
 163  OCO_LP_061_Du-108         32.33%    passed     90.19%
 164  OCO_LP_062_Du-109         32.28%    passed     92.86%
 165  OCO_LP_063_Du-110         33.05%    passed     44.09%
 166  OCO_LP_064_Du-111         32.83%    passed     53.25%
 167  OCO_LP_065_Du-112         32.66%    passed     65.70%
 168  OCO_LP_066_Du-113         33.08%    passed     29.19%
 169  OCO_LP_067_Du-114         33.01%    passed     41.21%
 170  QUI1_LP_249_Du-648        32.60%    passed     40.92%
 171  QUI1_LP_250_Du-649        32.67%    passed     35.29%
 172  QUI1_LP_251_Du-650        33.24%    passed     12.72%
 173  QUI1_LP_252_Du-651        32.88%    passed     23.79%
 174  QUI1_LP_253_Du-652        32.22%    passed     73.99%
 175  QUI1_LP_254_Du-653        33.03%    passed     20.64%
 176  QUI1_LP_255_Du-654        32.18%    passed     76.89%
 177  QUI1_LP_257_Du-656        32.76%    passed     33.68%
 178  QUI1_LP_258_Du-657        31.78%    passed     95.08%
 179  QUI2_LP_243_Du-631        31.68%    passed     99.36%
 180  QUI2_LP_244_Du-632        32.89%    passed     23.60%
 181  QUI2_LP_245_Du-633        32.72%    passed     38.58%
 182  QUI2_LP_246_Du-634        32.22%    passed     78.58%
 183  QUI2_LP_247_Du-635        32.08%    passed     84.12%
 184  QUI2_LP_248_Du-636        31.92%    passed     92.46%
 185  QUI2_LP_337_Du-638        33.07%    passed     17.48%
 186  QUI2_LP_338_Du-639        32.77%    passed     38.48%
 187  QUI2_LP_339_Du-640        31.92%    passed     89.61%
 188  QUI2_LP_340_Du-641        31.92%    passed     92.53%
 189  QUIN_LP_069_Du-155        32.73%    passed     38.74%
 190  QUIN_LP_070_Du-156        33.00%    passed     18.73%
 191  QUIN_LP_071_Du-157        32.62%    passed     47.92%
 192  QUIN_LP_072_Du-158        32.93%    passed     24.30%
 193  QUIN_LP_073_Du-159        32.71%    passed     34.39%
 194  QUIN_LP_074_Du-160        32.47%    passed     54.48%
 195  QUIN_LP_075_Du-161        29.27%    passed     30.14%
 196  QUIN_LP_076_Du-162        30.18%    passed     58.07%
 197  QUIN_LP_077_Du-163        29.42%    passed     27.77%
 198  QUIN_LP_318_Du-164        32.04%    passed     87.12%
 199  RIC_LP_192_Du-521         30.20%    passed     70.62%
 200  RIC_LP_193_Du-522         30.32%    passed     76.25%
 201  RIC_LP_194_Du-523         30.17%    passed     71.48%
 202  RIC_LP_195_Du-524         31.34%    passed     99.55%
 203  RIC_LP_196_Du-525         31.30%    passed     99.74%
 204  RIC_LP_197_Du-526         32.10%    passed     88.56%
 205  RIC_LP_198_Du-527         29.71%    passed     49.29%
 206  RIC_LP_199_Du-528         30.51%    passed     89.79%
 207  RIC_LP_200_Du-529         29.89%    passed     63.91%
 208  RIC_LP_201_Du-530         29.72%    passed     54.85%
 209  RSV_LP_049_Du-85          30.73%    passed     90.10%
 210  RSV_LP_050_Du-87          30.22%    passed     67.98%
 211  RSV_LP_051_Du-88          32.41%    passed     60.32%
 212  RSV_LP_052_Du-89          31.22%    passed     99.30%
 213  RSV_LP_053_Du-90          30.91%    passed     95.17%
 214  RSV_LP_055_Du-92          31.77%    passed     96.84%
 215  RSV_LP_057_Du-94          30.75%    passed     92.29%
 216  RSV_LP_315_Du-95          30.39%    passed     73.54%
 217  RSV_LP_316_Du-96          31.22%    passed     99.25%
 218  SILG_LP_149_Du-343        32.35%    passed     56.09%
 219  SILG_LP_150_Du-344        32.32%    passed     68.76%
 220  SILG_LP_151_Du-345        31.81%    passed     93.18%
 221  SILG_LP_152_Du-346        32.11%    passed     73.83%
 222  SILG_LP_153_Du-347        32.24%    passed     68.51%
 223  SILG_LP_154_Du-348        31.55%    passed     99.03%
 224  SILG_LP_155_Du-349        32.23%    passed     69.62%
 225  SILG_LP_156_Du-350        31.96%    passed     90.98%
 226  SILG_LP_157_Du-351        32.39%    passed     53.06%
 227  SILG_LP_158_Du-352        33.04%    passed     81.86%
 228  SILR_LP_346_Du-729        31.65%    passed     95.77%
 229  SILR_LP_347_Du-730        30.62%    passed     96.26%
 230  SILR_LP_348_Du-731        31.50%    passed     98.44%
 231  SILR_LP_349_Du-732        31.39%    passed     99.28%
 232  SILR_LP_351_Du-734        31.31%    passed     99.92%
 233  SILR_LP_353_Du-736        32.45%    passed     43.64%
 234  STI_LP_027_Du-45          32.38%    passed     64.91%
 235  STI_LP_028_Du-46          31.67%    passed     97.61%
 236  STI_LP_029_Du-47          32.89%    passed     28.98%
 237  STI_LP_030_Du-48          31.94%    passed     91.12%
 238  STI_LP_031_Du-49          32.65%    passed     45.88%
 239  STI_LP_032_Du-50          31.94%    passed     94.06%
 240  STI_LP_033_Du-51          32.62%    passed     54.39%
 241  STI_LP_034_Du-52          31.65%    passed     99.43%
 242  STI_LP_035_Du-53          30.64%    passed     86.04%
 243  STI_LP_036_Du-54          32.23%    passed     76.85%
 244  STI_LP_037_Du-55          30.82%    passed     94.52%
 245  STI_LP_038_Du-56          30.84%    passed     92.79%
 246  STI_LP_039_Du-57          31.84%    passed     95.29%
 247  STI_LP_040_Du-58          33.06%    passed     32.56%
 248  STI_LP_041_Du-60          31.68%    passed     99.17%
 249  STI_LP_042_Du-61          31.78%    passed     96.92%
 250  TIL_LP_123_Du-263         32.49%    passed     65.24%
 251  TIL_LP_124_Du-264         31.79%    passed     96.61%
 252  TIL_LP_125_Du-265         32.63%    passed     43.96%
 253  TIL_LP_126_Du-266         32.22%    passed     79.71%
 254  TIL_LP_128_Du-268         31.73%    passed     96.74%
 255  TIL_LP_129_Du-269         32.12%    passed     87.00%
 256  TIL_LP_130_Du-271         31.48%    passed     99.93%
 257  TIL_LP_131_Du-272         32.21%    passed     78.43%
 258  TULP_LP_115_Du-242        28.97%    passed      6.28%
 259  TULP_LP_116_Du-243        29.17%    passed     10.02%
 260  TULP_LP_117_Du-244        29.75%    passed     26.22%
 261  TULP_LP_118_Du-245        28.72%    failed      4.85%
 262  TULP_LP_119_Du-246        28.80%    failed      4.69%
 263  TULP_LP_120_Du-248        28.45%    failed      2.86%
 264  TULP_LP_121_Du-249        29.43%    passed      6.59%
 265  TULP_LP_122_Du-250        29.16%    passed      6.17%
 266  TULP_LP_140_Du-302        32.32%    passed     60.51%
 267  TULP_LP_141_Du-303        31.53%    passed     99.93%
 268  TULP_LP_142_Du-304        32.43%    passed     56.03%
 269  TULP_LP_143_Du-305        32.29%    passed     67.17%
 270  TULP_LP_144_Du-306        32.11%    passed     77.84%
 271  TULP_LP_145_Du-307        32.50%    passed     40.63%
 272  TULP_LP_146_Du-308        32.22%    passed     75.07%
 273  TULP_LP_147_Du-309        31.14%    passed     97.37%
 274  TULP_LP_148_Du-310        31.87%    passed     94.51%
****  TOTAL                     31.32%  3 sequences failed composition chi2 test (p-value<5%; df=3)
NOTE: minimal branch length is reduced to 0.000000665451 for long alignment
Checking for duplicate sequences: done in 0.000940084 secs using 795.5% CPU


Create initial parsimony tree by phylogenetic likelihood library (PLL)... 0.028 seconds
Perform fast likelihood tree search using GTR+I+G model...
Estimate model parameters (epsilon = 5.000)
Perform nearest neighbor interchange...
Estimate model parameters (epsilon = 1.000)
1. Initial log-likelihood: -168549.748
Optimal log-likelihood: -168549.741
Rate parameters:  A-C: 1.00160  A-G: 0.85648  A-T: 0.24624  C-G: 0.38772  C-T: 0.76698  G-T: 1.00000
Base frequencies:  A: 0.317  C: 0.182  G: 0.176  T: 0.325
Proportion of invariable sites: 0.493
Gamma shape alpha: 0.454
Parameters optimization took 1 rounds (0.207 sec)
Time for fast ML tree search: 1.455 seconds

NOTE: ModelFinder requires 580 MB RAM!
ModelFinder will test up to 968 DNA models (sample size: 150274 epsilon: 0.100) ...
 No. Model         -LnL         df  AIC          AICc         BIC
  1  JC            173004.663   545 347099.326   347103.300   352505.843
  2  JC+I          172897.168   546 346886.336   346890.325   352302.773
  3  JC+G4         172901.105   546 346894.211   346898.200   352310.648
  4  JC+I+G4       172891.673   547 346877.346   346881.350   352303.704
  5  JC+R2         172919.779   547 346933.558   346937.562   352359.916
  6  JC+R3         172893.027   549 346884.054   346888.088   352330.253
  7  JC+R4         172881.470   551 346864.940   346869.003   352330.979
 14  JC+I+R2       172889.594   548 346875.187   346879.206   352311.465
 15  JC+I+R3       172882.695   550 346865.391   346869.439   352321.509
 24  JC+I          172897.168   546 346886.336   346890.325   352302.773
 25  JC+G4         172901.105   546 346894.211   346898.200   352310.648
 26  JC+I+G4       172891.673   547 346877.346   346881.350   352303.704
 36  JC+I+R2       172889.594   548 346875.187   346879.206   352311.465
 46  F81+I         172885.240   546 346862.480   346866.469   352278.917
 47  F81+G4        172889.186   546 346870.372   346874.361   352286.810
 48  F81+I+G4      172879.761   547 346853.521   346857.525   352279.879
 58  F81+I+R2      172889.558   548 346875.116   346879.135   352311.394
 68  F81+F+I       168826.856   549 338751.711   338755.745   344197.910
 69  F81+F+G4      168829.940   549 338757.880   338761.913   344204.078
 70  F81+F+I+G4    168821.063   550 338742.125   338746.173   344198.244
 80  F81+F+I+R2    168830.245   551 338762.490   338766.553   344228.529
 90  K2P+I         172875.066   547 346844.132   346848.137   352270.490
 91  K2P+G4        172879.022   547 346852.044   346856.048   352278.402
 92  K2P+I+G4      172869.589   548 346835.179   346839.197   352271.457
102  K2P+I+R2      172879.321   549 346856.643   346860.676   352302.841
112  K2P+I         172875.066   547 346844.132   346848.136   352270.490
113  K2P+G4        172879.022   547 346852.044   346856.048   352278.402
114  K2P+I+G4      172869.589   548 346835.179   346839.198   352271.457
124  K2P+I+R2      172879.321   549 346856.643   346860.676   352302.841
134  HKY+I         172875.079   547 346844.158   346848.162   352270.516
135  HKY+G4        172879.036   547 346852.071   346856.075   352278.429
136  HKY+I+G4      172869.603   548 346835.206   346839.224   352271.484
146  HKY+I+R2      172879.304   549 346856.608   346860.642   352302.807
156  HKY+F+I       168806.842   550 338713.683   338717.731   344169.802
157  HKY+F+G4      168809.819   550 338719.638   338723.686   344175.756
158  HKY+F+I+G4    168801.005   551 338704.011   338708.073   344170.049
168  HKY+F+I+R2    168810.098   552 338724.197   338728.274   344200.156
178  TNe+I         172874.458   548 346844.916   346848.935   352281.195
179  TNe+G4        172878.411   548 346852.822   346856.841   352289.100
180  TNe+I+G4      172868.980   549 346835.960   346839.993   352282.158
190  TNe+I+R2      172878.710   550 346857.421   346861.469   352313.539
200  TNe+I         172874.458   548 346844.916   346848.935   352281.195
201  TNe+G4        172878.411   548 346852.822   346856.841   352289.100
202  TNe+I+G4      172868.980   549 346835.960   346839.993   352282.158
212  TNe+I+R2      172878.710   550 346857.421   346861.469   352313.539
222  TN+I          172874.462   548 346844.924   346848.943   352281.202
223  TN+G4         172878.415   548 346852.831   346856.849   352289.109
224  TN+I+G4       172868.985   549 346835.969   346840.002   352282.167
234  TN+I+R2       172878.705   550 346857.409   346861.458   352313.528
244  TN+F+I        168805.570   551 338713.140   338717.203   344179.179
245  TN+F+G4       168808.544   551 338719.087   338723.150   344185.126
246  TN+F+I+G4     168799.731   552 338703.461   338707.539   344179.420
256  TN+F+I+R2     168808.804   553 338723.607   338727.700   344209.486
266  K3P+I         172682.183   548 346460.365   346464.384   351896.644
267  K3P+G4        172686.231   548 346468.462   346472.481   351904.740
268  K3P+I+G4      172676.706   549 346451.412   346455.445   351897.610
278  K3P+I+R2      172686.480   550 346472.959   346477.007   351929.078
288  K3P+I         172682.183   548 346460.365   346464.384   351896.644
289  K3P+G4        172686.231   548 346468.462   346472.481   351904.740
290  K3P+I+G4      172676.706   549 346451.412   346455.445   351897.610
300  K3P+I+R2      172686.480   550 346472.959   346477.007   351929.078
310  K3Pu+I        172682.191   548 346460.381   346464.400   351896.659
311  K3Pu+G4       172686.219   548 346468.438   346472.457   351904.716
312  K3Pu+I+G4     172676.714   549 346451.428   346455.462   351897.627
322  K3Pu+I+R2     172686.459   550 346472.918   346476.966   351929.036
332  K3Pu+F+I      168552.136   551 338206.272   338210.335   343672.311
333  K3Pu+F+G4     168554.818   551 338211.637   338215.700   343677.676
334  K3Pu+F+I+G4   168546.099   552 338196.198   338200.276   343672.157
344  K3Pu+F+I+R2   168555.012   553 338216.024   338220.116   343701.903
354  TPM2+I        172873.921   548 346843.842   346847.861   352280.120
355  TPM2+G4       172877.725   548 346851.449   346855.468   352287.727
356  TPM2+I+G4     172868.397   549 346834.795   346838.828   352280.993
366  TPM2+I+R2     172877.971   550 346855.942   346859.990   352312.061
376  TPM2+I        172873.921   548 346843.842   346847.861   352280.120
377  TPM2+G4       172877.725   548 346851.449   346855.468   352287.727
378  TPM2+I+G4     172868.397   549 346834.795   346838.828   352280.993
388  TPM2+I+R2     172877.971   550 346855.942   346859.990   352312.061
398  TPM2u+I       172873.925   548 346843.850   346847.869   352280.128
399  TPM2u+G4      172877.728   548 346851.456   346855.475   352287.734
400  TPM2u+I+G4    172868.406   549 346834.812   346838.845   352281.010
410  TPM2u+I+R2    172877.968   550 346855.936   346859.984   352312.054
420  TPM2u+F+I     168778.485   551 338658.969   338663.032   344125.008
421  TPM2u+F+G4    168781.201   551 338664.401   338668.464   344130.440
422  TPM2u+F+I+G4  168772.527   552 338649.053   338653.131   344125.012
432  TPM2u+F+I+R2  168781.405   553 338668.809   338672.902   344154.689
442  TPM3+I        172873.489   548 346842.978   346846.997   352279.256
443  TPM3+G4       172877.290   548 346850.581   346854.599   352286.859
444  TPM3+I+G4     172867.959   549 346833.918   346837.951   352280.116
454  TPM3+I+R2     172877.539   550 346855.079   346859.127   352311.197
464  TPM3+I        172873.489   548 346842.978   346846.997   352279.256
465  TPM3+G4       172877.290   548 346850.581   346854.600   352286.859
466  TPM3+I+G4     172867.959   549 346833.918   346837.951   352280.116
476  TPM3+I+R2     172877.539   550 346855.079   346859.127   352311.197
486  TPM3u+I       172873.481   548 346842.963   346846.982   352279.241
487  TPM3u+G4      172877.280   548 346850.561   346854.580   352286.839
488  TPM3u+I+G4    172867.955   549 346833.909   346837.943   352280.108
498  TPM3u+I+R2    172877.529   550 346855.057   346859.105   352311.176
508  TPM3u+F+I     168778.255   551 338658.511   338662.574   344124.550
509  TPM3u+F+G4    168781.014   551 338664.028   338668.091   344130.067
510  TPM3u+F+I+G4  168772.253   552 338648.506   338652.583   344124.465
520  TPM3u+F+I+R2  168781.230   553 338668.460   338672.553   344154.339
530  TIMe+I        172681.571   549 346461.141   346465.174   351907.339
531  TIMe+G4       172685.591   549 346469.183   346473.216   351915.381
532  TIMe+I+G4     172676.081   550 346452.163   346456.211   351908.281
542  TIMe+I+R2     172685.827   551 346473.653   346477.716   351939.692
552  TIMe+I        172681.571   549 346461.141   346465.174   351907.339
553  TIMe+G4       172685.591   549 346469.183   346473.216   351915.381
554  TIMe+I+G4     172676.082   550 346452.163   346456.211   351908.282
564  TIMe+I+R2     172685.827   551 346473.653   346477.716   351939.692
574  TIM+I         172681.564   549 346461.128   346465.161   351907.326
575  TIM+G4        172685.586   549 346469.173   346473.206   351915.371
576  TIM+I+G4      172676.083   550 346452.166   346456.214   351908.285
586  TIM+I+R2      172685.822   551 346473.643   346477.706   351939.682
596  TIM+F+I       168550.836   552 338205.672   338209.749   343681.631
597  TIM+F+G4      168553.531   552 338211.063   338215.141   343687.022
598  TIM+F+I+G4    168544.818   553 338195.635   338199.728   343681.514
608  TIM+F+I+R2    168553.719   554 338215.438   338219.545   343711.237
618  TIM2e+I       172873.323   549 346844.646   346848.679   352290.844
619  TIM2e+G4      172877.111   549 346852.222   346856.255   352298.420
620  TIM2e+I+G4    172867.787   550 346835.573   346839.621   352291.692
630  TIM2e+I+R2    172877.315   551 346856.630   346860.693   352322.669
640  TIM2e+I       172873.323   549 346844.646   346848.679   352290.844
641  TIM2e+G4      172877.111   549 346852.222   346856.255   352298.420
642  TIM2e+I+G4    172867.786   550 346835.573   346839.621   352291.692
652  TIM2e+I+R2    172877.315   551 346856.630   346860.693   352322.669
662  TIM2+I        172873.312   549 346844.623   346848.657   352290.822
663  TIM2+G4       172877.104   549 346852.207   346856.241   352298.405
664  TIM2+I+G4     172867.785   550 346835.570   346839.618   352291.688
674  TIM2+I+R2     172877.311   551 346856.622   346860.685   352322.661
684  TIM2+F+I      168777.133   552 338658.267   338662.344   344134.226
685  TIM2+F+G4     168779.859   552 338663.718   338667.796   344139.677
686  TIM2+F+I+G4   168771.175   553 338648.350   338652.442   344134.229
696  TIM2+F+I+R2   168780.056   554 338668.112   338672.219   344163.911
706  TIM3e+I       172872.865   549 346843.731   346847.764   352289.929
707  TIM3e+G4      172876.651   549 346851.302   346855.335   352297.500
708  TIM3e+I+G4    172867.321   550 346834.642   346838.690   352290.761
718  TIM3e+I+R2    172876.865   551 346855.730   346859.793   352321.769
728  TIM3e+I       172872.865   549 346843.731   346847.764   352289.929
729  TIM3e+G4      172876.651   549 346851.302   346855.335   352297.500
730  TIM3e+I+G4    172867.321   550 346834.642   346838.690   352290.761
740  TIM3e+I+R2    172876.865   551 346855.730   346859.793   352321.769
750  TIM3+I        172872.848   549 346843.697   346847.730   352289.895
751  TIM3+G4       172876.642   549 346851.284   346855.318   352297.483
752  TIM3+I+G4     172867.318   550 346834.635   346838.684   352290.754
762  TIM3+I+R2     172876.859   551 346855.718   346859.781   352321.757
772  TIM3+F+I      168776.974   552 338657.947   338662.025   344133.906
773  TIM3+F+G4     168779.788   552 338663.576   338667.654   344139.535
774  TIM3+F+I+G4   168771.033   553 338648.066   338652.158   344133.945
784  TIM3+F+I+R2   168779.991   554 338667.982   338672.090   344163.782
794  TVMe+I        172680.646   550 346461.293   346465.341   351917.411
795  TVMe+G4       172684.860   550 346469.721   346473.769   351925.839
796  TVMe+I+G4     172675.208   551 346452.417   346456.480   351918.455
806  TVMe+I+R2     172685.058   552 346474.117   346478.194   351950.076
816  TVMe+I        172680.646   550 346461.293   346465.341   351917.411
817  TVMe+G4       172684.860   550 346469.721   346473.769   351925.839
818  TVMe+I+G4     172675.208   551 346452.417   346456.480   351918.456
828  TVMe+I+R2     172685.058   552 346474.117   346478.194   351950.076
838  TVM+I         172680.634   550 346461.268   346465.316   351917.386
839  TVM+G4        172684.855   550 346469.710   346473.758   351925.829
840  TVM+I+G4      172675.211   551 346452.422   346456.484   351918.460
850  TVM+I+R2      172685.045   552 346474.090   346478.168   351950.049
860  TVM+F+I       168545.275   553 338196.550   338200.643   343682.429
861  TVM+F+G4      168547.943   553 338201.886   338205.979   343687.765
862  TVM+F+I+G4    168539.209   554 338186.417   338190.524   343682.217
872  TVM+F+I+R2    168548.108   555 338206.215   338210.337   343711.935
882  SYM+I         172679.992   551 346461.985   346466.048   351928.023
883  SYM+G4        172684.219   551 346470.437   346474.500   351936.476
884  SYM+I+G4      172674.577   552 346453.153   346457.231   351929.112
894  SYM+I+R2      172684.387   553 346474.773   346478.866   351960.652
904  SYM+I         172679.992   551 346461.985   346466.047   351928.023
905  SYM+G4        172684.219   551 346470.437   346474.500   351936.476
906  SYM+I+G4      172674.577   552 346453.153   346457.231   351929.112
916  SYM+I+R2      172684.387   553 346474.773   346478.866   351960.652
926  GTR+I         172679.993   551 346461.986   346466.049   351928.025
927  GTR+G4        172684.216   551 346470.433   346474.496   351936.471
928  GTR+I+G4      172674.579   552 346453.157   346457.235   351929.116
938  GTR+I+R2      172684.380   553 346474.761   346478.853   351960.640
948  GTR+F+I       168544.009   554 338196.019   338200.126   343691.818
949  GTR+F+G4      168546.661   554 338201.322   338205.430   343697.122
950  GTR+F+I+G4    168537.942   555 338185.884   338190.006   343691.603
960  GTR+F+I+R2    168546.839   556 338205.677   338209.814   343721.317
Akaike Information Criterion:           GTR+F+I+G4
Corrected Akaike Information Criterion: GTR+F+I+G4
Bayesian Information Criterion:         K3Pu+F+I+G4
Best-fit model: K3Pu+F+I+G4 chosen according to BIC

All model information printed to supplementary_analysis/results/sensitivity/supplement-20260824/strict/trees/chloroplast.primary.model.gz
CPU time for ModelFinder: 471.577 seconds (0h:7m:51s)
Wall-clock time for ModelFinder: 60.665 seconds (0h:1m:0s)
Generating 1000 samples for ultrafast bootstrap (seed: 271828)...

NOTE: 246 MB RAM (0 GB) is required!
Estimate model parameters (epsilon = 0.100)
Thoroughly optimizing +I+G parameters from 10 start values...
Init pinv, alpha: 0.000, 0.454 / Estimate: 0.000, 0.020 / LogL: -168554.864
Init pinv, alpha: 0.109, 0.454 / Estimate: 0.109, 0.083 / LogL: -168552.663
Init pinv, alpha: 0.219, 0.454 / Estimate: 0.219, 0.158 / LogL: -168550.793
Init pinv, alpha: 0.328, 0.454 / Estimate: 0.328, 0.241 / LogL: -168548.908
Init pinv, alpha: 0.438, 0.454 / Estimate: 0.438, 0.362 / LogL: -168547.045
Init pinv, alpha: 0.547, 0.454 / Estimate: 0.547, 0.575 / LogL: -168545.319
Init pinv, alpha: 0.657, 0.454 / Estimate: 0.657, 1.062 / LogL: -168544.163
Init pinv, alpha: 0.766, 0.454 / Estimate: 0.766, 3.016 / LogL: -168545.764
Init pinv, alpha: 0.876, 0.454 / Estimate: 0.872, 998.324 / LogL: -168570.065
Init pinv, alpha: 0.985, 0.454 / Estimate: 0.914, 998.435 / LogL: -168758.622
Optimal pinv,alpha: 0.657, 1.062 / LogL: -168544.163

Parameters optimization took 16.272 sec
Wrote distance file to... 
Computing ML distances based on estimated model parameters...
Calculating distance matrix: done in 0.055392 secs using 799.8% CPU
Computing ML distances took 0.056392 sec (of wall-clock time) 0.450886 sec (of CPU time)
Setting up auxiliary I and S matrices: done in 0.00019908 secs using 826.3% CPU
Constructing RapidNJ tree: done in 0.0063529 secs using 833.5% CPU
Computing RapidNJ tree took 0.006577 sec (of wall-clock time) 0.058593 sec (of CPU time)
Log-likelihood of RapidNJ tree: -168645.775
--------------------------------------------------------------------
|             INITIALIZING CANDIDATE TREE SET                      |
--------------------------------------------------------------------
Generating 98 parsimony trees... 2.543 second
Computing log-likelihood of 98 initial trees ... 3.328 seconds
Current best score: -168544.164

Do NNI search on 20 best initial trees
Estimate model parameters (epsilon = 0.100)
BETTER TREE FOUND at iteration 1: -168544.159
Estimate model parameters (epsilon = 0.100)
BETTER TREE FOUND at iteration 2: -168542.865
Iteration 10 / LogL: -168553.633 / Time: 0h:1m:32s
Iteration 20 / LogL: -168554.971 / Time: 0h:1m:40s
Finish initializing candidate tree set (20)
Current best tree score: -168542.865 / CPU time: 23.245
Number of iterations: 20
--------------------------------------------------------------------
|               OPTIMIZING CANDIDATE TREE SET                      |
--------------------------------------------------------------------
Iteration 30 / LogL: -168564.750 / Time: 0h:1m:46s (0h:1m:53s left)
Iteration 40 / LogL: -168579.039 / Time: 0h:1m:51s (0h:1m:21s left)
Iteration 50 / LogL: -168553.264 / Time: 0h:1m:57s (0h:1m:0s left)
Iteration 60 / LogL: -168924.117 / Time: 0h:2m:2s (0h:0m:44s left)
Iteration 70 / LogL: -168557.307 / Time: 0h:2m:8s (0h:0m:31s left)
Iteration 80 / LogL: -168547.233 / Time: 0h:2m:13s (0h:0m:20s left)
Iteration 90 / LogL: -168576.907 / Time: 0h:2m:19s (0h:0m:10s left)
Iteration 100 / LogL: -168547.094 / Time: 0h:2m:25s (0h:0m:1s left)
Refining ufboot trees with NNI 1 branch...
100 samples done
200 samples done
300 samples done
400 samples done
500 samples done
600 samples done
700 samples done
800 samples done
900 samples done
1000 samples done
Total 1000 ufboot trees refined
TREE SEARCH COMPLETED AFTER 103 ITERATIONS / Time: 0h:7m:6s

--------------------------------------------------------------------
|                    FINALIZING TREE SEARCH                        |
--------------------------------------------------------------------
Performs final model parameters optimization
Estimate model parameters (epsilon = 0.010)
1. Initial log-likelihood: -168542.865
Optimal log-likelihood: -168542.859
Rate parameters:  A-C: 1.00000  A-G: 0.80672  A-T: 0.28107  C-G: 0.28107  C-T: 0.80672  G-T: 1.00000
Base frequencies:  A: 0.317  C: 0.182  G: 0.176  T: 0.325
Proportion of invariable sites: 0.657
Gamma shape alpha: 1.083
Parameters optimization took 1 rounds (0.216 sec)
BEST SCORE FOUND : -168542.859

Testing tree branches by SH-like aLRT with 1000 replicates...
9.544 sec.
Creating bootstrap support values...
Split supports printed to NEXUS file supplementary_analysis/results/sensitivity/supplement-20260824/strict/trees/chloroplast.primary.splits.nex
Total tree length: 0.023

Total number of iterations: 103
CPU time used for tree search: 2709.575 sec (0h:45m:9s)
Wall-clock time used for tree search: 349.126 sec (0h:5m:49s)
Total CPU time used: 3394.231 sec (0h:56m:34s)
Total wall-clock time used: 436.682 sec (0h:7m:16s)
UFBoot trees printed to supplementary_analysis/results/sensitivity/supplement-20260824/strict/trees/chloroplast.primary.ufboot

Computing bootstrap consensus tree...
Reading input file supplementary_analysis/results/sensitivity/supplement-20260824/strict/trees/chloroplast.primary.splits.nex...
274 taxa and 3107 splits.
Consensus tree written to supplementary_analysis/results/sensitivity/supplement-20260824/strict/trees/chloroplast.primary.contree
Reading input trees file supplementary_analysis/results/sensitivity/supplement-20260824/strict/trees/chloroplast.primary.contree
Log-likelihood of consensus tree: -168591.134

Analysis results written to: 
  IQ-TREE report:                supplementary_analysis/results/sensitivity/supplement-20260824/strict/trees/chloroplast.primary.iqtree
  Maximum-likelihood tree:       supplementary_analysis/results/sensitivity/supplement-20260824/strict/trees/chloroplast.primary.treefile
  Likelihood distances:          supplementary_analysis/results/sensitivity/supplement-20260824/strict/trees/chloroplast.primary.mldist

Ultrafast bootstrap approximation results written to:
  Split support values:          supplementary_analysis/results/sensitivity/supplement-20260824/strict/trees/chloroplast.primary.splits.nex
  Consensus tree:                supplementary_analysis/results/sensitivity/supplement-20260824/strict/trees/chloroplast.primary.contree
  UFBoot trees:                  supplementary_analysis/results/sensitivity/supplement-20260824/strict/trees/chloroplast.primary.ufboot
  Screen log file:               supplementary_analysis/results/sensitivity/supplement-20260824/strict/trees/chloroplast.primary.log

Date and Time: Mon Aug 24 03:54:41 2026
