IQ-TREE version 3.1.2 for Linux x86 64-bit built May 17 2026
Developed by Bui Quang Minh, Thomas Wong, Nhan Ly-Trong, Huaiyan Ren
Contributed by Lam-Tung Nguyen, Dominik Schrempf, Chris Bielow,
Olga Chernomor, Michael Woodhams, Diep Thi Hoang, Heiko Schmidt

Host:    sparky (AVX512, FMA3, 30 GB RAM)
Command: iqtree3 -s supplementary_analysis/results/sensitivity/supplement-20260824/strict/alignments/mitochondria.callable_alignment.fa -pre supplementary_analysis/results/sensitivity/supplement-20260824/strict/trees/mitochondria.primary -st DNA -m MFP -alrt 1000 -B 1000 -bnni -seed 314159 -nt 8
Seed:    314159 (Using SPRNG - Scalable Parallel Random Number Generator)
Time:    Mon Aug 24 04:00:53 2026
Kernel:  AVX+FMA - 8 threads (16 CPU cores detected)

Reading alignment file supplementary_analysis/results/sensitivity/supplement-20260824/strict/alignments/mitochondria.callable_alignment.fa ... Fasta format detected
Reading fasta file: done in 0.266913 secs using 94.11% CPU
Constructing alignment: done in 0.159084 secs using 745.7% CPU
WARNING: 200177 sites contain only gaps or ambiguous characters.
Alignment has 235 sequences with 243359 columns, 1471 distinct patterns
117 parsimony-informative, 23 singleton sites, 243219 constant sites
                         Gap/Ambiguity  Composition  p-value
Analyzing sequences: done in 4.50611e-05 secs using 290.7% CPU
   1  ABAB_MAD_LP_322_Du-593    82.27%    failed      0.06%
   2  ABAB_MAD_LP_324_Du-595    82.27%    failed      0.06%
   3  ABAB_MAD_LP_325_Du-596    82.27%    failed      0.06%
   4  ABAB_MAD_LP_326_Du-597    82.27%    failed      0.05%
   5  ABBE_BERN_LP_311_Du-780   82.26%    failed      0.08%
   6  ABBE_BERN_LP_312_Du-781   82.26%    failed      0.07%
   7  ABBE_BERN_LP_314_Du-783   82.26%    failed      0.07%
   8  ABMU_HOR_LP_306_Du-775    82.26%    failed      0.06%
   9  ABMU_HOR_LP_308_Du-777    82.26%    failed      0.06%
  10  ABMU_HOR_LP_358_Du-770    82.27%    failed      0.06%
  11  ABMU_HOR_LP_359_Du-771    82.27%    failed      0.06%
  12  ABMU_HOR_LP_360_Du-772    82.27%    failed      0.06%
  13  ABMU_HOR_LP_361_Du-773    82.27%    failed      0.06%
  14  BAI_LP_105_Du-222         82.26%    failed      0.06%
  15  BAI_LP_106_Du-223         82.26%    failed      0.06%
  16  BAI_LP_108_Du-225         82.26%    failed      0.06%
  17  BAI_LP_109_Du-226         82.26%    failed      0.06%
  18  BAI_LP_110_Du-227         82.26%    failed      0.06%
  19  BAI_LP_111_Du-228         82.26%    failed      0.06%
  20  BAI_LP_112_Du-230         82.26%    failed      0.06%
  21  BAI_LP_113_Du-231         82.26%    failed      0.06%
  22  BAI_LP_114_Du-232         82.26%    failed      0.06%
  23  COM_LP_269_Du-703         82.36%    failed      0.08%
  24  COM_LP_270_Du-704         82.26%    failed      0.07%
  25  COM_LP_272_Du-707         82.26%    failed      0.07%
  26  COM_LP_274_Du-709         82.26%    failed      0.07%
  27  COM_LP_276_Du-711         82.26%    failed      0.07%
  28  COM_LP_277_Du-712         82.26%    failed      0.07%
  29  COM_LP_341_Du-713         82.26%    failed      0.07%
  30  COM_LP_342_Du-714         82.26%    failed      0.07%
  31  COM_LP_343_Du-715         82.26%    failed      0.07%
  32  CROB_LP_170_Du-382        82.26%    failed      0.06%
  33  CROB_LP_172_Du-384        82.26%    failed      0.06%
  34  CROB_LP_173_Du-385        82.26%    failed      0.06%
  35  CROB_LP_174_Du-386        82.26%    failed      0.06%
  36  CROB_LP_175_Du-387        82.26%    failed      0.06%
  37  CROB_LP_176_Du-388        82.26%    failed      0.06%
  38  CROB_LP_177_Du-389        82.26%    failed      0.06%
  39  CROB_LP_320_Du-395        82.26%    failed      0.06%
  40  CROB_LP_321_Du-396        82.26%    failed      0.06%
  41  CROS_LP_085_Du-181        82.26%    failed      0.06%
  42  CROS_LP_086_Du-182        82.26%    failed      0.06%
  43  CROS_LP_087_Du-183        82.26%    failed      0.06%
  44  CROS_LP_088_Du-184        82.26%    failed      0.06%
  45  CROS_LP_089_Du-185        82.26%    failed      0.06%
  46  CROS_LP_090_Du-186        82.26%    failed      0.06%
  47  CROS_LP_091_Du-187        82.26%    failed      0.07%
  48  CROS_LP_092_Du-188        82.26%    failed      0.07%
  49  CROS_LP_093_Du-189        82.26%    failed      0.06%
  50  CROS_LP_094_Du-190        82.26%    failed      0.07%
  51  CY_ALA_LP_298-Du-767      82.27%    failed      0.07%
  52  CY_ALA_LP_299-Du-768      82.27%    failed      0.08%
  53  CY_ALA_LP_357_Du-769      82.26%    failed      0.08%
  54  CY_BAL_LP_226_Du-602      82.38%    failed      0.11%
  55  CY_BGL_LP_210_Du-577      82.26%    failed      0.08%
  56  CY_BGL_LP_212_Du-579      82.26%    failed      0.07%
  57  CY_BOU_LP_290_Du-739      82.26%    failed      0.07%
  58  CY_BOU_LP_291_Du-740      82.26%    failed      0.07%
  59  CY_BOU_LP_292_Du-741      82.26%    failed      0.08%
  60  CY_BOU_LP_354_Du-742      82.26%    failed      0.07%
  61  CY_CAS_LP_328_Du-610      82.27%    failed      0.08%
  62  CY_CAS_LP_329_Du-611      82.26%    failed      0.08%
  63  CY_CAS_LP_331_Du-608      82.65%    failed      0.05%
  64  CY_CAS_LP_332_Du-609      82.26%    failed      0.08%
  65  CY_HICN_LP_236_Du-614     82.26%    failed      0.07%
  66  CY_HICN_LP_333_Du-612     82.27%    failed      0.08%
  67  CY_HICN_LP_334_Du-613     82.39%    failed      0.05%
  68  CY_HICN_LP_335_Du-615     82.26%    failed      0.07%
  69  CY_HICN_LP_336_Du-616     82.26%    failed      0.07%
  70  CY_HICS_LP_293_Du-757     82.26%    failed      0.08%
  71  CY_HICS_LP_355_Du-762     82.26%    failed      0.08%
  72  CY_HICS_LP_356_Du-763     82.50%    failed      0.41%
  73  CY_SIE_LP_188_Du-445      82.26%    failed      0.07%
  74  CY_SIE_LP_189_Du-446      82.26%    failed      0.07%
  75  CY_SIE_LP_190_Du-447      82.26%    failed      0.07%
  76  CY_SIE_LP_191_Du-448      82.26%    failed      0.08%
  77  CY_WOO_LP_262_Du-668      82.31%    failed      0.06%
  78  CY_WOO_LP_263_Du-669      82.30%    failed      0.07%
  79  DAN_LP_043_Du-68          82.46%    failed      0.13%
  80  DAN_LP_044_Du-69          82.34%    failed      0.16%
  81  DAN_LP_045_Du-70          82.33%    failed      0.16%
  82  DAN_LP_046_Du-71          82.33%    failed      0.16%
  83  DAN_LP_047_Du-72          82.34%    failed      0.16%
  84  DOV_LP_079_Du-175         82.26%    failed      0.07%
  85  DOV_LP_080_Du-176         82.26%    failed      0.07%
  86  DOV_LP_081_Du-177         82.26%    failed      0.07%
  87  DOV_LP_082_Du-178         82.26%    failed      0.06%
  88  DOV_LP_083_Du-179         82.26%    failed      0.07%
  89  DOV_LP_084_Du-180         82.26%    failed      0.07%
  90  DU-173                    82.31%    failed      0.06%
  91  DU-229                    82.26%    failed      0.06%
  92  DU-247                    82.26%    failed      0.07%
  93  DU-254                    82.26%    failed      0.07%
  94  DU-270                    82.26%    failed      0.06%
  95  DU-297                    82.26%    failed      0.07%
  96  DU-443                    82.26%    failed      0.07%
  97  DU-4A                     82.26%    failed      0.06%
  98  DU014LP012                82.26%    failed      0.07%
  99  DU037LP013                82.26%    failed      0.07%
 100  DU059LP015                82.26%    failed      0.06%
 101  DU078LP011                82.33%    failed      0.16%
 102  DU079LP010                82.32%    failed      0.15%
 103  DUD_LP_132_Du-283         83.04%    failed      0.80%
 104  DUD_LP_133_Du-284         82.26%    failed      0.07%
 105  DUD_LP_134_Du-285         82.26%    failed      0.07%
 106  DUD_LP_135_Du-286         82.26%    failed      0.07%
 107  DUD_LP_136_Du-287         82.26%    failed      0.07%
 108  DUD_LP_137_Du-288         82.65%    failed      0.06%
 109  DUD_LP_138_Du-289         82.26%    failed      0.07%
 110  KIRN_LP_179_Du-421        82.26%    failed      0.06%
 111  KIRN_LP_180_Du-422        82.26%    failed      0.07%
 112  KIRN_LP_181_Du-423        82.26%    failed      0.06%
 113  KIRN_LP_182_Du-424        82.26%    failed      0.06%
 114  KIRN_LP_183_Du-425        82.26%    failed      0.06%
 115  KIRN_LP_184_Du-426        82.26%    failed      0.06%
 116  KIRN_LP_185_Du-427        82.26%    failed      0.06%
 117  KIRN_LP_186_Du-428        82.26%    failed      0.06%
 118  KIRN_LP_187_Du-429        82.26%    failed      0.06%
 119  KIRT_LP_159_Du-364        82.77%    failed      0.16%
 120  KIRT_LP_160_Du-365        82.26%    failed      0.07%
 121  KIRT_LP_161_Du-366        82.26%    failed      0.06%
 122  KIRT_LP_162_Du-367        82.26%    failed      0.07%
 123  KIRT_LP_163_Du-368        82.26%    failed      0.06%
 124  KIRT_LP_164_Du-369        82.26%    failed      0.06%
 125  KIRT_LP_165_Du-370        82.26%    failed      0.06%
 126  KIRT_LP_166_Du-371        82.26%    failed      0.06%
 127  KIRT_LP_167_Du-372        83.67%    failed      0.36%
 128  KIRT_LP_168_Du-373        82.26%    failed      0.06%
 129  MALV_LP_095_Du-201        82.26%    failed      0.06%
 130  MALV_LP_096_Du-202        82.26%    failed      0.06%
 131  MALV_LP_097_Du-203        82.26%    failed      0.06%
 132  MALV_LP_098_Du-204        82.26%    failed      0.06%
 133  MALV_LP_099_Du-205        82.26%    failed      0.06%
 134  MALV_LP_100_Du-206        82.26%    failed      0.06%
 135  MALV_LP_101_Du-207        82.26%    failed      0.06%
 136  MALV_LP_102_Du-208        82.26%    failed      0.06%
 137  MALV_LP_103_Du-209        82.26%    failed      0.06%
 138  MALV_LP_104_Du-210        82.26%    failed      0.06%
 139  OCO_LP_058_Du-115         82.43%    failed      0.11%
 140  OCO_LP_059_Du-106         82.40%    failed      0.11%
 141  OCO_LP_060_Du-107         82.51%    failed      0.30%
 142  OCO_LP_061_Du-108         82.26%    failed      0.06%
 143  OCO_LP_062_Du-109         82.26%    failed      0.07%
 144  OCO_LP_063_Du-110         82.26%    failed      0.07%
 145  OCO_LP_064_Du-111         82.27%    failed      0.07%
 146  OCO_LP_065_Du-112         82.67%    failed      0.48%
 147  QUI1_LP_249_Du-648        82.26%    failed      0.07%
 148  QUI1_LP_250_Du-649        82.26%    failed      0.07%
 149  QUI1_LP_252_Du-651        82.26%    failed      0.07%
 150  QUI1_LP_253_Du-652        82.26%    failed      0.07%
 151  QUI1_LP_255_Du-654        82.26%    failed      0.07%
 152  QUI1_LP_258_Du-657        82.26%    failed      0.07%
 153  QUI2_LP_243_Du-631        82.32%    failed      0.06%
 154  QUI2_LP_244_Du-632        82.89%    failed      0.14%
 155  QUI2_LP_245_Du-633        82.32%    failed      0.06%
 156  QUI2_LP_246_Du-634        82.32%    failed      0.06%
 157  QUI2_LP_247_Du-635        82.32%    failed      0.06%
 158  QUI2_LP_248_Du-636        82.32%    failed      0.06%
 159  QUI2_LP_337_Du-638        82.32%    failed      0.06%
 160  QUI2_LP_339_Du-640        82.32%    failed      0.06%
 161  QUI2_LP_340_Du-641        82.32%    failed      0.06%
 162  QUIN_LP_069_Du-155        82.38%    failed      0.06%
 163  QUIN_LP_070_Du-156        82.32%    failed      0.06%
 164  QUIN_LP_071_Du-157        82.32%    failed      0.05%
 165  QUIN_LP_072_Du-158        82.32%    failed      0.05%
 166  QUIN_LP_073_Du-159        82.32%    failed      0.06%
 167  QUIN_LP_074_Du-160        82.32%    failed      0.07%
 168  QUIN_LP_075_Du-161        82.32%    failed      0.06%
 169  QUIN_LP_076_Du-162        82.32%    failed      0.06%
 170  QUIN_LP_077_Du-163        82.32%    failed      0.06%
 171  QUIN_LP_318_Du-164        82.32%    failed      0.06%
 172  RIC_LP_192_Du-521         82.26%    failed      0.06%
 173  RIC_LP_193_Du-522         82.26%    failed      0.06%
 174  RIC_LP_194_Du-523         82.26%    failed      0.06%
 175  RIC_LP_195_Du-524         82.26%    failed      0.06%
 176  RIC_LP_196_Du-525         82.26%    failed      0.06%
 177  RIC_LP_197_Du-526         82.29%    failed      0.08%
 178  RIC_LP_198_Du-527         82.26%    failed      0.06%
 179  RIC_LP_199_Du-528         82.26%    failed      0.06%
 180  RIC_LP_200_Du-529         82.26%    failed      0.06%
 181  RIC_LP_201_Du-530         82.26%    failed      0.06%
 182  RSV_LP_049_Du-85          82.26%    failed      0.06%
 183  RSV_LP_050_Du-87          82.26%    failed      0.06%
 184  RSV_LP_051_Du-88          82.63%    failed      0.19%
 185  RSV_LP_052_Du-89          82.26%    failed      0.06%
 186  RSV_LP_053_Du-90          82.26%    failed      0.06%
 187  RSV_LP_055_Du-92          82.26%    failed      0.06%
 188  RSV_LP_057_Du-94          82.26%    failed      0.06%
 189  RSV_LP_315_Du-95          82.26%    failed      0.06%
 190  RSV_LP_316_Du-96          82.26%    failed      0.06%
 191  SILG_LP_150_Du-344        82.61%    failed      0.02%
 192  SILG_LP_151_Du-345        82.27%    failed      0.06%
 193  SILG_LP_152_Du-346        82.31%    failed      0.06%
 194  SILG_LP_154_Du-348        82.26%    failed      0.06%
 195  SILG_LP_155_Du-349        82.33%    failed      0.07%
 196  SILG_LP_156_Du-350        82.30%    failed      0.09%
 197  SILR_LP_346_Du-729        82.26%    failed      0.07%
 198  SILR_LP_347_Du-730        82.26%    failed      0.07%
 199  SILR_LP_348_Du-731        82.26%    failed      0.07%
 200  SILR_LP_349_Du-732        82.26%    failed      0.07%
 201  SILR_LP_351_Du-734        82.26%    failed      0.07%
 202  SILR_LP_353_Du-736        82.26%    failed      0.07%
 203  STI_LP_028_Du-46          82.26%    failed      0.06%
 204  STI_LP_030_Du-48          82.26%    failed      0.06%
 205  STI_LP_031_Du-49          82.26%    failed      0.06%
 206  STI_LP_032_Du-50          82.27%    failed      0.06%
 207  STI_LP_034_Du-52          82.27%    failed      0.06%
 208  STI_LP_035_Du-53          82.26%    failed      0.06%
 209  STI_LP_036_Du-54          82.57%    failed      0.06%
 210  STI_LP_037_Du-55          82.26%    failed      0.06%
 211  STI_LP_038_Du-56          82.26%    failed      0.06%
 212  STI_LP_039_Du-57          82.27%    failed      0.06%
 213  STI_LP_041_Du-60          82.26%    failed      0.06%
 214  STI_LP_042_Du-61          82.27%    failed      0.05%
 215  TIL_LP_124_Du-264         82.26%    failed      0.06%
 216  TIL_LP_126_Du-266         83.11%    failed      3.42%
 217  TIL_LP_128_Du-268         82.26%    failed      0.06%
 218  TIL_LP_129_Du-269         82.31%    failed      0.08%
 219  TIL_LP_130_Du-271         82.26%    failed      0.06%
 220  TIL_LP_131_Du-272         82.26%    failed      0.06%
 221  TULP_LP_115_Du-242        82.26%    failed      0.07%
 222  TULP_LP_116_Du-243        82.26%    failed      0.07%
 223  TULP_LP_117_Du-244        82.26%    failed      0.07%
 224  TULP_LP_118_Du-245        82.26%    failed      0.07%
 225  TULP_LP_119_Du-246        82.26%    failed      0.07%
 226  TULP_LP_120_Du-248        82.26%    failed      0.07%
 227  TULP_LP_121_Du-249        82.26%    failed      0.07%
 228  TULP_LP_122_Du-250        82.26%    failed      0.07%
 229  TULP_LP_140_Du-302        82.26%    failed      0.07%
 230  TULP_LP_141_Du-303        82.26%    failed      0.07%
 231  TULP_LP_142_Du-304        83.89%    failed      0.03%
 232  TULP_LP_143_Du-305        82.63%    failed      0.05%
 233  TULP_LP_145_Du-307        82.38%    failed      0.04%
 234  TULP_LP_147_Du-309        82.26%    failed      0.07%
 235  TULP_LP_148_Du-310        83.10%    failed      1.33%
WARNING: 235 sequences contain more than 50% gaps/ambiguity
****  TOTAL                     82.31%  235 sequences failed composition chi2 test (p-value<5%; df=3)
NOTE: minimal branch length is reduced to 0.000000410916 for long alignment
NOTE: BAI_LP_111_Du-228 is identical to BAI_LP_106_Du-223 but kept for subsequent analysis
NOTE: BAI_LP_109_Du-226 is identical to BAI_LP_108_Du-225 but kept for subsequent analysis
NOTE: COM_LP_342_Du-714 is identical to COM_LP_341_Du-713 but kept for subsequent analysis
NOTE: CROB_LP_176_Du-388 is identical to CROB_LP_170_Du-382 but kept for subsequent analysis
NOTE: CROB_LP_175_Du-387 is identical to CROB_LP_173_Du-385 but kept for subsequent analysis
NOTE: CROS_LP_086_Du-182 is identical to CROS_LP_085_Du-181 but kept for subsequent analysis
NOTE: KIRT_LP_164_Du-369 is identical to CROS_LP_093_Du-189 but kept for subsequent analysis
NOTE: DU078LP011 is identical to DAN_LP_046_Du-71 but kept for subsequent analysis
NOTE: DOV_LP_081_Du-177 is identical to DOV_LP_080_Du-176 but kept for subsequent analysis
NOTE: DU-254 is identical to DU-247 but kept for subsequent analysis
NOTE: DU037LP013 is identical to DU014LP012 but kept for subsequent analysis
NOTE: STI_LP_041_Du-60 is identical to DU059LP015 but kept for subsequent analysis
NOTE: DUD_LP_134_Du-285 is identical to DUD_LP_133_Du-284 but kept for subsequent analysis
NOTE: TULP_LP_140_Du-302 is identical to DUD_LP_138_Du-289 but kept for subsequent analysis
NOTE: KIRT_LP_160_Du-365 is identical to KIRN_LP_180_Du-422 but kept for subsequent analysis
NOTE: KIRN_LP_183_Du-425 is identical to KIRN_LP_181_Du-423 but kept for subsequent analysis
NOTE: KIRN_LP_185_Du-427 is identical to KIRN_LP_182_Du-424 but kept for subsequent analysis
NOTE: MALV_LP_096_Du-202 is identical to MALV_LP_095_Du-201 but kept for subsequent analysis
NOTE: MALV_LP_099_Du-205 is identical to MALV_LP_098_Du-204 but kept for subsequent analysis
NOTE: QUI2_LP_248_Du-636 is identical to QUI2_LP_243_Du-631 but kept for subsequent analysis
NOTE: QUI2_LP_246_Du-634 is identical to QUI2_LP_245_Du-633 but kept for subsequent analysis
NOTE: QUIN_LP_077_Du-163 is identical to QUIN_LP_075_Du-161 but kept for subsequent analysis
NOTE: RSV_LP_057_Du-94 is identical to RSV_LP_055_Du-92 but kept for subsequent analysis
NOTE: SILR_LP_348_Du-731 is identical to SILR_LP_346_Du-729 but kept for subsequent analysis
NOTE: SILR_LP_351_Du-734 is identical to SILR_LP_349_Du-732 but kept for subsequent analysis
NOTE: STI_LP_035_Du-53 is identical to STI_LP_030_Du-48 but kept for subsequent analysis
NOTE: STI_LP_039_Du-57 is identical to STI_LP_034_Du-52 but kept for subsequent analysis
Checking for duplicate sequences: done in 0.000383139 secs using 754% CPU
Identifying sites to remove: done in 0.0953789 secs using 778.3% CPU
NOTE: 36 identical sequences (see below) will be ignored for subsequent analysis
NOTE: CROB_LP_321_Du-396 (identical to CROB_LP_173_Du-385) is ignored but added at the end
NOTE: CROS_LP_088_Du-184 (identical to CROS_LP_085_Du-181) is ignored but added at the end
NOTE: CROS_LP_090_Du-186 (identical to CROS_LP_085_Du-181) is ignored but added at the end
NOTE: DU-4A (identical to CROS_LP_085_Du-181) is ignored but added at the end
NOTE: KIRT_LP_165_Du-370 (identical to CROS_LP_093_Du-189) is ignored but added at the end
NOTE: KIRT_LP_166_Du-371 (identical to CROS_LP_093_Du-189) is ignored but added at the end
NOTE: KIRT_LP_168_Du-373 (identical to CROS_LP_093_Du-189) is ignored but added at the end
NOTE: RIC_LP_194_Du-523 (identical to CROS_LP_093_Du-189) is ignored but added at the end
NOTE: RIC_LP_195_Du-524 (identical to CROS_LP_093_Du-189) is ignored but added at the end
NOTE: RIC_LP_196_Du-525 (identical to CROS_LP_093_Du-189) is ignored but added at the end
NOTE: RIC_LP_198_Du-527 (identical to CROS_LP_093_Du-189) is ignored but added at the end
NOTE: RIC_LP_199_Du-528 (identical to CROS_LP_093_Du-189) is ignored but added at the end
NOTE: RIC_LP_200_Du-529 (identical to CROS_LP_093_Du-189) is ignored but added at the end
NOTE: RIC_LP_201_Du-530 (identical to CROS_LP_093_Du-189) is ignored but added at the end
NOTE: DOV_LP_083_Du-179 (identical to DOV_LP_080_Du-176) is ignored but added at the end
NOTE: DOV_LP_084_Du-180 (identical to DOV_LP_080_Du-176) is ignored but added at the end
NOTE: DU-297 (identical to DU-247) is ignored but added at the end
NOTE: TULP_LP_116_Du-243 (identical to DU-247) is ignored but added at the end
NOTE: TULP_LP_117_Du-244 (identical to DU-247) is ignored but added at the end
NOTE: TULP_LP_118_Du-245 (identical to DU-247) is ignored but added at the end
NOTE: TULP_LP_119_Du-246 (identical to DU-247) is ignored but added at the end
NOTE: TULP_LP_122_Du-250 (identical to DU-247) is ignored but added at the end
NOTE: DUD_LP_135_Du-286 (identical to DUD_LP_133_Du-284) is ignored but added at the end
NOTE: KIRN_LP_186_Du-428 (identical to KIRN_LP_181_Du-423) is ignored but added at the end
NOTE: RIC_LP_193_Du-522 (identical to KIRN_LP_181_Du-423) is ignored but added at the end
NOTE: KIRN_LP_187_Du-429 (identical to KIRN_LP_182_Du-424) is ignored but added at the end
NOTE: RIC_LP_192_Du-521 (identical to KIRN_LP_182_Du-424) is ignored but added at the end
NOTE: MALV_LP_097_Du-203 (identical to MALV_LP_095_Du-201) is ignored but added at the end
NOTE: MALV_LP_102_Du-208 (identical to MALV_LP_095_Du-201) is ignored but added at the end
NOTE: MALV_LP_103_Du-209 (identical to MALV_LP_095_Du-201) is ignored but added at the end
NOTE: MALV_LP_100_Du-206 (identical to MALV_LP_098_Du-204) is ignored but added at the end
NOTE: MALV_LP_101_Du-207 (identical to MALV_LP_098_Du-204) is ignored but added at the end
NOTE: MALV_LP_104_Du-210 (identical to MALV_LP_098_Du-204) is ignored but added at the end
NOTE: QUI2_LP_340_Du-641 (identical to QUI2_LP_243_Du-631) is ignored but added at the end
NOTE: QUIN_LP_073_Du-159 (identical to QUI2_LP_243_Du-631) is ignored but added at the end
NOTE: QUI2_LP_339_Du-640 (identical to QUI2_LP_245_Du-633) is ignored but added at the end
Alignment was printed to supplementary_analysis/results/sensitivity/supplement-20260824/strict/trees/mitochondria.primary.uniqueseq.phy

For your convenience alignment with unique sequences printed to supplementary_analysis/results/sensitivity/supplement-20260824/strict/trees/mitochondria.primary.uniqueseq.phy


Create initial parsimony tree by phylogenetic likelihood library (PLL)... 0.004 seconds
Perform fast likelihood tree search using GTR+I+G model...
Estimate model parameters (epsilon = 5.000)
Perform nearest neighbor interchange...
Estimate model parameters (epsilon = 1.000)
1. Initial log-likelihood: -61565.655
Optimal log-likelihood: -61565.631
Rate parameters:  A-C: 0.74776  A-G: 0.50409  A-T: 1.77985  C-G: 0.43065  C-T: 0.71449  G-T: 1.00000
Base frequencies:  A: 0.265  C: 0.229  G: 0.234  T: 0.271
Proportion of invariable sites: 0.500
Gamma shape alpha: 0.020
Parameters optimization took 1 rounds (0.026 sec)
Time for fast ML tree search: 0.185 seconds

NOTE: ModelFinder requires 100 MB RAM!
ModelFinder will test up to 968 DNA models (sample size: 243359 epsilon: 0.100) ...
 No. Model         -LnL         df  AIC          AICc         BIC
  1  JC            61843.316    395 124476.632   124477.920   128585.538
  2  JC+I          61709.381    396 124210.762   124212.056   128330.070
  3  JC+G4         61796.752    396 124385.505   124386.799   128504.813
  4  JC+I+G4       61773.953    397 124341.907   124343.208   128471.617
  5  JC+R2         61817.938    397 124429.875   124431.176   128559.586
  6  JC+R3         61810.578    399 124419.156   124420.470   128569.671
 14  JC+I+R2       61794.833    398 124385.666   124386.974   128525.779
 15  JC+I+R3       61784.434    400 124368.869   124370.189   128529.786
 24  JC+I          61709.381    396 124210.762   124212.056   128330.070
 46  F81+I         61707.617    396 124207.235   124208.529   128326.543
 68  F81+F+I       61519.819    399 123837.638   123838.952   127988.153
 90  K2P+I         61702.567    397 124199.135   124200.436   128328.845
112  K2P+I         61702.567    397 124199.135   124200.436   128328.845
134  HKY+I         61702.567    397 124199.134   124200.435   128328.845
156  HKY+F+I       61514.904    400 123829.807   123831.128   127990.725
178  TNe+I         61702.060    398 124200.120   124201.427   128340.232
200  TNe+I         61702.060    398 124200.120   124201.427   128340.232
222  TN+I          61702.059    398 124200.118   124201.425   128340.231
244  TN+F+I        61514.389    401 123830.778   123832.105   128002.098
266  K3P+I         61700.913    398 124197.827   124199.134   128337.940
288  K3P+I         61700.913    398 124197.827   124199.134   128337.940
310  K3Pu+I        61700.913    398 124197.826   124199.133   128337.938
332  K3Pu+F+I      61513.390    401 123828.779   123830.106   128000.099
354  TPM2+I        61696.380    398 124188.760   124190.068   128328.873
376  TPM2+I        61696.380    398 124188.760   124190.068   128328.873
398  TPM2u+I       61696.333    398 124188.667   124189.974   128328.779
420  TPM2u+F+I     61510.039    401 123822.078   123823.405   127993.398
442  TPM3+I        61687.981    398 124171.963   124173.270   128312.075
464  TPM3+I        61687.981    398 124171.963   124173.270   128312.075
486  TPM3u+I       61687.979    398 124171.958   124173.265   128312.071
508  TPM3u+F+I     61503.029    401 123808.058   123809.385   127979.378
530  TIMe+I        61700.433    399 124198.865   124200.179   128349.380
552  TIMe+I        61700.433    399 124198.865   124200.179   128349.380
574  TIM+I         61700.411    399 124198.822   124200.135   128349.337
596  TIM+F+I       61512.875    402 123829.749   123831.083   128011.471
618  TIM2e+I       61696.000    399 124190.000   124191.314   128340.515
640  TIM2e+I       61696.000    399 124190.000   124191.314   128340.515
662  TIM2+I        61695.837    399 124189.675   124190.989   128340.190
684  TIM2+F+I      61509.495    402 123822.989   123824.323   128004.711
706  TIM3e+I       61687.452    399 124172.904   124174.218   128323.419
728  TIM3e+I       61687.452    399 124172.904   124174.218   128323.419
750  TIM3+I        61687.450    399 124172.900   124174.214   128323.415
772  TIM3+F+I      61502.541    402 123809.083   123810.416   127990.805
794  TVMe+I        61681.714    400 124163.428   124164.748   128324.345
816  TVMe+I        61681.714    400 124163.428   124164.748   128324.345
838  TVM+I         61681.708    400 124163.416   124164.736   128324.333
860  TVM+F+I       61498.131    403 123802.263   123803.603   127994.387
882  SYM+I         61681.185    401 124164.371   124165.698   128335.690
904  SYM+I         61681.185    401 124164.371   124165.698   128335.690
926  GTR+I         61681.181    401 124164.362   124165.689   128335.681
948  GTR+F+I       61497.628    404 123803.256   123804.603   128005.783
Akaike Information Criterion:           TVM+F+I
Corrected Akaike Information Criterion: TVM+F+I
Bayesian Information Criterion:         TPM3u+F+I
Best-fit model: TPM3u+F+I chosen according to BIC

All model information printed to supplementary_analysis/results/sensitivity/supplement-20260824/strict/trees/mitochondria.primary.model.gz
CPU time for ModelFinder: 11.636 seconds (0h:0m:11s)
Wall-clock time for ModelFinder: 1.513 seconds (0h:0m:1s)
Generating 1000 samples for ultrafast bootstrap (seed: 314159)...

NOTE: 15 MB RAM (0 GB) is required!
Estimate model parameters (epsilon = 0.100)
1. Initial log-likelihood: -61503.030
Optimal log-likelihood: -61503.029
Rate parameters:  A-C: 0.38276  A-G: 0.40457  A-T: 1.00000  C-G: 0.38276  C-T: 0.40457  G-T: 1.00000
Base frequencies:  A: 0.265  C: 0.229  G: 0.234  T: 0.271
Proportion of invariable sites: 0.992
Parameters optimization took 1 rounds (0.011 sec)
Wrote distance file to... 
Computing ML distances based on estimated model parameters...
Calculating distance matrix: done in 0.00734591 secs using 804.1% CPU
Computing ML distances took 0.007434 sec (of wall-clock time) 0.059449 sec (of CPU time)
Setting up auxiliary I and S matrices: done in 0.000120163 secs using 874.6% CPU
Constructing RapidNJ tree: done in 0.00404 secs using 800.9% CPU
Computing RapidNJ tree took 0.004181 sec (of wall-clock time) 0.033550 sec (of CPU time)
Log-likelihood of RapidNJ tree: -61509.849
--------------------------------------------------------------------
|             INITIALIZING CANDIDATE TREE SET                      |
--------------------------------------------------------------------
Generating 98 parsimony trees... 0.389 second
Computing log-likelihood of 98 initial trees ... 0.361 seconds
Current best score: -61503.029

Do NNI search on 20 best initial trees
Estimate model parameters (epsilon = 0.100)
BETTER TREE FOUND at iteration 1: -61503.029
Estimate model parameters (epsilon = 0.100)
BETTER TREE FOUND at iteration 2: -61502.120
Iteration 10 / LogL: -61502.185 / Time: 0h:0m:5s
Iteration 20 / LogL: -61504.556 / Time: 0h:0m:8s
Finish initializing candidate tree set (20)
Current best tree score: -61502.120 / CPU time: 6.773
Number of iterations: 20
--------------------------------------------------------------------
|               OPTIMIZING CANDIDATE TREE SET                      |
--------------------------------------------------------------------
Iteration 30 / LogL: -61505.750 / Time: 0h:0m:10s (0h:0m:21s left)
Iteration 40 / LogL: -61505.670 / Time: 0h:0m:11s (0h:0m:16s left)
Iteration 50 / LogL: -61508.777 / Time: 0h:0m:13s (0h:0m:12s left)
Iteration 60 / LogL: -61502.959 / Time: 0h:0m:14s (0h:0m:9s left)
Iteration 70 / LogL: -61502.751 / Time: 0h:0m:16s (0h:0m:6s left)
Iteration 80 / LogL: -61502.471 / Time: 0h:0m:17s (0h:0m:4s left)
Iteration 90 / LogL: -61507.945 / Time: 0h:0m:19s (0h:0m:2s left)
Iteration 100 / LogL: -61518.090 / Time: 0h:0m:21s (0h:0m:0s left)
Refining ufboot trees with NNI 1 branch...
100 samples done
200 samples done
300 samples done
400 samples done
500 samples done
600 samples done
700 samples done
800 samples done
900 samples done
1000 samples done
Total 1000 ufboot trees refined
TREE SEARCH COMPLETED AFTER 103 ITERATIONS / Time: 0h:1m:48s

--------------------------------------------------------------------
|                    FINALIZING TREE SEARCH                        |
--------------------------------------------------------------------
Performs final model parameters optimization
Estimate model parameters (epsilon = 0.010)
1. Initial log-likelihood: -61502.120
Optimal log-likelihood: -61502.120
Rate parameters:  A-C: 0.37997  A-G: 0.40302  A-T: 1.00000  C-G: 0.37997  C-T: 0.40302  G-T: 1.00000
Base frequencies:  A: 0.265  C: 0.229  G: 0.234  T: 0.271
Proportion of invariable sites: 0.992
Parameters optimization took 1 rounds (0.011 sec)
BEST SCORE FOUND : -61502.120

Testing tree branches by SH-like aLRT with 1000 replicates...
1.873 sec.
Creating bootstrap support values...
Split supports printed to NEXUS file supplementary_analysis/results/sensitivity/supplement-20260824/strict/trees/mitochondria.primary.splits.nex
Total tree length: 0.004

Total number of iterations: 103
CPU time used for tree search: 837.403 sec (0h:13m:57s)
Wall-clock time used for tree search: 106.725 sec (0h:1m:46s)
Total CPU time used: 866.780 sec (0h:14m:26s)
Total wall-clock time used: 110.497 sec (0h:1m:50s)
UFBoot trees printed to supplementary_analysis/results/sensitivity/supplement-20260824/strict/trees/mitochondria.primary.ufboot

Computing bootstrap consensus tree...
Reading input file supplementary_analysis/results/sensitivity/supplement-20260824/strict/trees/mitochondria.primary.splits.nex...
199 taxa and 7653 splits.
Consensus tree written to supplementary_analysis/results/sensitivity/supplement-20260824/strict/trees/mitochondria.primary.contree
Reading input trees file supplementary_analysis/results/sensitivity/supplement-20260824/strict/trees/mitochondria.primary.contree
Log-likelihood of consensus tree: -71257.887

Analysis results written to: 
  IQ-TREE report:                supplementary_analysis/results/sensitivity/supplement-20260824/strict/trees/mitochondria.primary.iqtree
  Maximum-likelihood tree:       supplementary_analysis/results/sensitivity/supplement-20260824/strict/trees/mitochondria.primary.treefile
  Likelihood distances:          supplementary_analysis/results/sensitivity/supplement-20260824/strict/trees/mitochondria.primary.mldist

Ultrafast bootstrap approximation results written to:
  Split support values:          supplementary_analysis/results/sensitivity/supplement-20260824/strict/trees/mitochondria.primary.splits.nex
  Consensus tree:                supplementary_analysis/results/sensitivity/supplement-20260824/strict/trees/mitochondria.primary.contree
  UFBoot trees:                  supplementary_analysis/results/sensitivity/supplement-20260824/strict/trees/mitochondria.primary.ufboot
  Screen log file:               supplementary_analysis/results/sensitivity/supplement-20260824/strict/trees/mitochondria.primary.log

Date and Time: Mon Aug 24 04:02:45 2026
