IQ-TREE version 3.1.2 for Linux x86 64-bit built May 17 2026
Developed by Bui Quang Minh, Thomas Wong, Nhan Ly-Trong, Huaiyan Ren
Contributed by Lam-Tung Nguyen, Dominik Schrempf, Chris Bielow,
Olga Chernomor, Michael Woodhams, Diep Thi Hoang, Heiko Schmidt

Host:    sparky (AVX512, FMA3, 30 GB RAM)
Command: iqtree3 -s supplementary_analysis/results/sensitivity/supplement-20260824/permissive/alignments/chloroplast.callable_alignment.fa -pre supplementary_analysis/results/sensitivity/supplement-20260824/permissive/trees/chloroplast.primary -st DNA -m MFP -alrt 1000 -B 1000 -bnni -seed 271828 -nt 8
Seed:    271828 (Using SPRNG - Scalable Parallel Random Number Generator)
Time:    Mon Aug 24 03:01:56 2026
Kernel:  AVX+FMA - 8 threads (16 CPU cores detected)

Reading alignment file supplementary_analysis/results/sensitivity/supplement-20260824/permissive/alignments/chloroplast.callable_alignment.fa ... Fasta format detected
Reading fasta file: done in 0.195877 secs using 91.8% CPU
Constructing alignment: done in 0.109963 secs using 745.1% CPU
WARNING: 40414 sites contain only gaps or ambiguous characters.
Alignment has 276 sequences with 150274 columns, 6368 distinct patterns
2033 parsimony-informative, 237 singleton sites, 148004 constant sites
                         Gap/Ambiguity  Composition  p-value
Analyzing sequences: done in 0.000296831 secs using 571.7% CPU
   1  ABAB_MAD_LP_223_Du-590    32.49%    passed     40.53%
   2  ABAB_MAD_LP_322_Du-593    30.86%    passed     95.42%
   3  ABAB_MAD_LP_323_Du-594    32.58%    passed     41.78%
   4  ABAB_MAD_LP_324_Du-595    32.59%    passed     34.34%
   5  ABAB_MAD_LP_325_Du-596    32.05%    passed     71.47%
   6  ABAB_MAD_LP_326_Du-597    32.20%    passed     70.27%
   7  ABAB_MAD_LP_327_Du-598    32.60%    passed     34.75%
   8  ABBE_BERN_LP_311_Du-780   31.25%    passed     99.84%
   9  ABBE_BERN_LP_312_Du-781   31.99%    passed     70.55%
  10  ABBE_BERN_LP_313_Du-782   32.10%    passed     68.32%
  11  ABBE_BERN_LP_314_Du-783   32.29%    passed     43.56%
  12  ABMU_HOR_LP_306_Du-775    31.62%    passed     95.80%
  13  ABMU_HOR_LP_308_Du-777    31.42%    passed     99.38%
  14  ABMU_HOR_LP_358_Du-770    31.04%    passed     98.05%
  15  ABMU_HOR_LP_359_Du-771    31.02%    passed     99.39%
  16  ABMU_HOR_LP_360_Du-772    30.73%    passed     95.59%
  17  ABMU_HOR_LP_361_Du-773    30.96%    passed     98.28%
  18  BAI_LP_105_Du-222         29.28%    passed     54.89%
  19  BAI_LP_106_Du-223         29.29%    passed     59.67%
  20  BAI_LP_108_Du-225         29.46%    passed     61.99%
  21  BAI_LP_109_Du-226         29.63%    passed     71.44%
  22  BAI_LP_110_Du-227         29.06%    passed     54.18%
  23  BAI_LP_111_Du-228         29.16%    passed     54.93%
  24  BAI_LP_112_Du-230         29.63%    passed     69.48%
  25  BAI_LP_113_Du-231         29.27%    passed     42.75%
  26  BAI_LP_114_Du-232         29.42%    passed     57.89%
  27  BAI_LP_319_Du-233         31.29%    passed     96.87%
  28  COM_LP_269_Du-703         31.15%    passed     98.01%
  29  COM_LP_270_Du-704         31.80%    passed     64.44%
  30  COM_LP_272_Du-707         31.13%    passed     99.56%
  31  COM_LP_274_Du-709         31.10%    passed     98.62%
  32  COM_LP_276_Du-711         31.82%    passed     65.31%
  33  COM_LP_277_Du-712         31.53%    passed     89.94%
  34  COM_LP_341_Du-713         30.82%    passed     99.98%
  35  COM_LP_342_Du-714         31.47%    passed     90.16%
  36  COM_LP_343_Du-715         31.15%    passed     98.87%
  37  CROB_LP_169_Du-381        31.91%    passed     60.99%
  38  CROB_LP_170_Du-382        30.57%    passed     99.14%
  39  CROB_LP_172_Du-384        31.37%    passed     95.88%
  40  CROB_LP_173_Du-385        30.39%    passed     97.79%
  41  CROB_LP_174_Du-386        30.11%    passed     92.38%
  42  CROB_LP_175_Du-387        30.44%    passed     98.38%
  43  CROB_LP_176_Du-388        30.46%    passed     98.68%
  44  CROB_LP_177_Du-389        29.76%    passed     72.91%
  45  CROB_LP_320_Du-395        30.83%    passed     99.88%
  46  CROB_LP_321_Du-396        30.61%    passed     99.69%
  47  CROS_LP_085_Du-181        29.66%    passed     63.78%
  48  CROS_LP_086_Du-182        28.95%    passed     35.31%
  49  CROS_LP_087_Du-183        29.24%    passed     47.47%
  50  CROS_LP_088_Du-184        29.13%    passed     40.61%
  51  CROS_LP_089_Du-185        28.26%    passed      7.72%
  52  CROS_LP_090_Du-186        28.86%    passed     30.00%
  53  CROS_LP_091_Du-187        28.65%    passed     10.67%
  54  CROS_LP_092_Du-188        29.31%    passed     27.91%
  55  CROS_LP_093_Du-189        29.36%    passed     57.97%
  56  CROS_LP_094_Du-190        28.75%    passed     10.66%
  57  CY_ALA_LP_298-Du-767      32.04%    passed     61.18%
  58  CY_ALA_LP_299-Du-768      32.15%    passed     53.42%
  59  CY_ALA_LP_357_Du-769      30.96%    passed     99.92%
  60  CY_BAL_LP_226_Du-602      31.86%    passed     76.22%
  61  CY_BAL_LP_227_Du-603      31.93%    passed     68.47%
  62  CY_BAL_LP_228_Du-604      32.48%    passed     41.40%
  63  CY_BGL_LP_210_Du-577      31.43%    passed     98.85%
  64  CY_BGL_LP_212_Du-579      30.69%    passed     97.54%
  65  CY_BOU_LP_288_Du-737      31.83%    passed     74.88%
  66  CY_BOU_LP_290_Du-739      30.70%    passed     99.36%
  67  CY_BOU_LP_291_Du-740      31.69%    passed     87.32%
  68  CY_BOU_LP_292_Du-741      31.75%    passed     80.20%
  69  CY_BOU_LP_354_Du-742      30.87%    passed     99.25%
  70  CY_CAS_LP_328_Du-610      32.27%    passed     40.75%
  71  CY_CAS_LP_329_Du-611      31.69%    passed     91.98%
  72  CY_CAS_LP_330_Du-607      32.12%    passed     64.71%
  73  CY_CAS_LP_331_Du-608      32.37%    passed     31.07%
  74  CY_CAS_LP_332_Du-609      32.06%    passed     58.67%
  75  CY_HICN_LP_236_Du-614     31.09%    passed     99.72%
  76  CY_HICN_LP_333_Du-612     32.49%    passed     26.64%
  77  CY_HICN_LP_334_Du-613     32.73%    passed     11.22%
  78  CY_HICN_LP_335_Du-615     32.39%    passed     31.04%
  79  CY_HICN_LP_336_Du-616     32.21%    passed     47.98%
  80  CY_HICS_LP_293_Du-757     32.21%    passed     49.42%
  81  CY_HICS_LP_295_Du-759     32.96%    passed      8.84%
  82  CY_HICS_LP_297_Du-761     31.93%    passed     71.47%
  83  CY_HICS_LP_355_Du-762     31.00%    passed     99.88%
  84  CY_HICS_LP_356_Du-763     31.41%    passed     96.88%
  85  CY_HUN_LP_264_Du-683      31.98%    passed     81.74%
  86  CY_HUN_LP_265_Du-684      36.08%    passed     23.17%
  87  CY_HUN_LP_266_Du-685      31.71%    passed     93.79%
  88  CY_HUN_LP_267_Du-686      32.30%    passed     63.50%
  89  CY_HUN_LP_268_Du-687      32.32%    passed     55.77%
  90  CY_SIE_LP_188_Du-445      30.04%    passed     86.02%
  91  CY_SIE_LP_189_Du-446      29.98%    passed     74.28%
  92  CY_SIE_LP_190_Du-447      29.81%    passed     74.09%
  93  CY_SIE_LP_191_Du-448      30.24%    passed     90.81%
  94  CY_WOO_LP_259_Du-664      31.38%    passed     96.37%
  95  CY_WOO_LP_260_Du-665      32.41%    passed     37.29%
  96  CY_WOO_LP_261_Du-667      33.10%    passed      5.10%
  97  CY_WOO_LP_262_Du-668      32.39%    passed     31.61%
  98  CY_WOO_LP_263_Du-669      32.01%    passed     63.24%
  99  DAN_LP_043_Du-68          31.56%    passed     80.85%
 100  DAN_LP_044_Du-69          30.88%    passed     99.86%
 101  DAN_LP_045_Du-70          29.39%    passed     68.14%
 102  DAN_LP_046_Du-71          30.91%    passed     99.86%
 103  DAN_LP_047_Du-72          31.18%    passed     96.59%
 104  DOV_LP_078_Du-174         29.85%    passed     85.47%
 105  DOV_LP_079_Du-175         29.16%    passed     52.88%
 106  DOV_LP_080_Du-176         28.56%    passed     25.76%
 107  DOV_LP_081_Du-177         28.73%    passed     28.23%
 108  DOV_LP_082_Du-178         29.10%    passed     58.66%
 109  DOV_LP_083_Du-179         29.14%    passed     38.46%
 110  DOV_LP_084_Du-180         28.97%    passed     42.18%
 111  DU-173                    28.89%    passed     30.02%
 112  DU-229                    29.23%    passed     45.03%
 113  DU-247                    29.11%    passed     29.45%
 114  DU-254                    28.96%    passed     33.86%
 115  DU-270                    29.30%    passed     32.64%
 116  DU-297                    29.08%    passed     22.29%
 117  DU-443                    29.41%    passed     52.05%
 118  DU-4A                     29.06%    passed     35.47%
 119  DU014LP012                28.53%    passed     17.62%
 120  DU037LP013                28.21%    passed      7.38%
 121  DU059LP015                28.63%    passed     24.59%
 122  DU078LP011                28.08%    passed      7.82%
 123  DU079LP010                28.66%    passed     35.80%
 124  DUD_LP_132_Du-283         31.50%    passed     88.67%
 125  DUD_LP_133_Du-284         30.73%    passed     96.84%
 126  DUD_LP_134_Du-285         30.59%    passed     94.37%
 127  DUD_LP_135_Du-286         30.64%    passed     92.99%
 128  DUD_LP_136_Du-287         30.59%    passed     93.17%
 129  DUD_LP_137_Du-288         30.86%    passed     99.99%
 130  DUD_LP_138_Du-289         30.79%    passed     98.59%
 131  DUD_LP_139_Du-290         30.98%    passed     99.86%
 132  KIRN_LP_179_Du-421        29.72%    passed     78.78%
 133  KIRN_LP_180_Du-422        30.05%    passed     88.78%
 134  KIRN_LP_181_Du-423        30.35%    passed     97.31%
 135  KIRN_LP_182_Du-424        29.70%    passed     78.50%
 136  KIRN_LP_183_Du-425        29.96%    passed     90.05%
 137  KIRN_LP_184_Du-426        29.86%    passed     79.79%
 138  KIRN_LP_185_Du-427        29.73%    passed     79.61%
 139  KIRN_LP_186_Du-428        29.56%    passed     76.26%
 140  KIRN_LP_187_Du-429        29.59%    passed     75.86%
 141  KIRT_LP_159_Du-364        31.83%    passed     69.92%
 142  KIRT_LP_160_Du-365        30.24%    passed     91.44%
 143  KIRT_LP_161_Du-366        30.37%    passed     96.81%
 144  KIRT_LP_162_Du-367        30.56%    passed     99.49%
 145  KIRT_LP_163_Du-368        30.23%    passed     96.21%
 146  KIRT_LP_164_Du-369        30.69%    passed     99.10%
 147  KIRT_LP_165_Du-370        29.47%    passed     69.25%
 148  KIRT_LP_166_Du-371        29.70%    passed     79.58%
 149  KIRT_LP_167_Du-372        31.04%    passed     99.90%
 150  KIRT_LP_168_Du-373        30.08%    passed     88.75%
 151  MALV_LP_095_Du-201        28.20%    passed      6.10%
 152  MALV_LP_096_Du-202        28.80%    passed     35.48%
 153  MALV_LP_097_Du-203        28.64%    passed     28.28%
 154  MALV_LP_098_Du-204        28.76%    passed     27.52%
 155  MALV_LP_099_Du-205        29.46%    passed     50.84%
 156  MALV_LP_100_Du-206        28.72%    passed     25.61%
 157  MALV_LP_101_Du-207        28.80%    passed     29.56%
 158  MALV_LP_102_Du-208        29.19%    passed     48.79%
 159  MALV_LP_103_Du-209        29.03%    passed     32.29%
 160  MALV_LP_104_Du-210        29.08%    passed     48.13%
 161  OCO_LP_058_Du-115         32.30%    passed     61.78%
 162  OCO_LP_059_Du-106         32.07%    passed     82.64%
 163  OCO_LP_060_Du-107         32.62%    passed     35.12%
 164  OCO_LP_061_Du-108         31.88%    passed     88.75%
 165  OCO_LP_062_Du-109         31.80%    passed     91.98%
 166  OCO_LP_063_Du-110         32.63%    passed     35.04%
 167  OCO_LP_064_Du-111         32.51%    passed     45.61%
 168  OCO_LP_065_Du-112         32.28%    passed     64.61%
 169  OCO_LP_066_Du-113         32.78%    passed     22.43%
 170  OCO_LP_067_Du-114         32.68%    passed     32.75%
 171  QUI1_LP_249_Du-648        32.30%    passed     35.92%
 172  QUI1_LP_250_Du-649        32.32%    passed     38.13%
 173  QUI1_LP_251_Du-650        32.89%    passed      7.55%
 174  QUI1_LP_252_Du-651        32.64%    passed     17.91%
 175  QUI1_LP_253_Du-652        31.76%    passed     77.89%
 176  QUI1_LP_254_Du-653        32.54%    passed     26.01%
 177  QUI1_LP_255_Du-654        31.80%    passed     74.36%
 178  QUI1_LP_257_Du-656        32.29%    passed     37.22%
 179  QUI1_LP_258_Du-657        31.43%    passed     95.87%
 180  QUI2_LP_243_Du-631        31.32%    passed     98.91%
 181  QUI2_LP_244_Du-632        32.56%    passed     25.74%
 182  QUI2_LP_245_Du-633        32.42%    passed     31.08%
 183  QUI2_LP_246_Du-634        31.90%    passed     75.01%
 184  QUI2_LP_247_Du-635        31.71%    passed     83.44%
 185  QUI2_LP_248_Du-636        31.63%    passed     89.81%
 186  QUI2_LP_337_Du-638        32.83%    passed      9.27%
 187  QUI2_LP_338_Du-639        32.53%    passed     24.60%
 188  QUI2_LP_339_Du-640        31.57%    passed     91.91%
 189  QUI2_LP_340_Du-641        31.46%    passed     96.30%
 190  QUIN_LP_069_Du-155        32.25%    passed     45.47%
 191  QUIN_LP_070_Du-156        32.77%    passed     14.99%
 192  QUIN_LP_071_Du-157        32.34%    passed     40.82%
 193  QUIN_LP_072_Du-158        32.61%    passed     24.87%
 194  QUIN_LP_073_Du-159        32.39%    passed     31.84%
 195  QUIN_LP_074_Du-160        32.12%    passed     53.61%
 196  QUIN_LP_075_Du-161        28.80%    passed     38.20%
 197  QUIN_LP_076_Du-162        29.70%    passed     74.63%
 198  QUIN_LP_077_Du-163        28.92%    passed     36.35%
 199  QUIN_LP_318_Du-164        31.39%    passed     95.55%
 200  RIC_LP_192_Du-521         29.72%    passed     73.14%
 201  RIC_LP_193_Du-522         29.90%    passed     78.64%
 202  RIC_LP_194_Du-523         29.80%    passed     81.99%
 203  RIC_LP_195_Du-524         30.72%    passed     99.99%
 204  RIC_LP_196_Du-525         30.93%    passed     99.41%
 205  RIC_LP_197_Du-526         31.47%    passed     96.76%
 206  RIC_LP_198_Du-527         29.31%    passed     61.86%
 207  RIC_LP_199_Du-528         30.07%    passed     89.42%
 208  RIC_LP_200_Du-529         29.46%    passed     63.09%
 209  RIC_LP_201_Du-530         29.35%    passed     68.23%
 210  RSV_LP_049_Du-85          30.33%    passed     95.01%
 211  RSV_LP_050_Du-87          29.74%    passed     64.58%
 212  RSV_LP_051_Du-88          31.77%    passed     81.74%
 213  RSV_LP_052_Du-89          30.73%    passed     98.56%
 214  RSV_LP_053_Du-90          30.48%    passed     97.40%
 215  RSV_LP_055_Du-92          31.05%    passed     99.05%
 216  RSV_LP_057_Du-94          30.17%    passed     92.89%
 217  RSV_LP_315_Du-95          29.65%    passed     54.57%
 218  RSV_LP_316_Du-96          30.26%    passed     95.42%
 219  SILG_LP_149_Du-343        31.69%    passed     78.39%
 220  SILG_LP_150_Du-344        31.85%    passed     70.06%
 221  SILG_LP_151_Du-345        31.29%    passed     95.11%
 222  SILG_LP_152_Du-346        31.41%    passed     91.71%
 223  SILG_LP_153_Du-347        31.75%    passed     73.91%
 224  SILG_LP_154_Du-348        31.12%    passed     99.79%
 225  SILG_LP_155_Du-349        31.70%    passed     82.30%
 226  SILG_LP_156_Du-350        31.28%    passed     98.31%
 227  SILG_LP_157_Du-351        31.76%    passed     74.96%
 228  SILG_LP_158_Du-352        32.40%    passed     55.81%
 229  SILR_LP_346_Du-729        31.19%    passed     98.76%
 230  SILR_LP_347_Du-730        30.28%    passed     98.48%
 231  SILR_LP_348_Du-731        31.08%    passed     99.53%
 232  SILR_LP_349_Du-732        30.99%    passed     99.98%
 233  SILR_LP_351_Du-734        30.90%    passed    100.00%
 234  SILR_LP_353_Du-736        32.10%    passed     41.36%
 235  STI_LP_027_Du-45          31.82%    passed     73.59%
 236  STI_LP_028_Du-46          31.06%    passed     99.78%
 237  STI_LP_029_Du-47          32.40%    passed     34.42%
 238  STI_LP_030_Du-48          31.45%    passed     96.19%
 239  STI_LP_031_Du-49          32.14%    passed     55.13%
 240  STI_LP_032_Du-50          31.50%    passed     95.13%
 241  STI_LP_033_Du-51          32.25%    passed     49.03%
 242  STI_LP_034_Du-52          31.11%    passed     99.78%
 243  STI_LP_035_Du-53          30.22%    passed     80.83%
 244  STI_LP_036_Du-54          31.59%    passed     87.80%
 245  STI_LP_037_Du-55          30.14%    passed     88.70%
 246  STI_LP_038_Du-56          30.06%    passed     78.35%
 247  STI_LP_039_Du-57          31.29%    passed     98.47%
 248  STI_LP_040_Du-58          32.66%    passed     22.49%
 249  STI_LP_041_Du-60          31.03%    passed     98.09%
 250  STI_LP_042_Du-61          31.34%    passed     98.65%
 251  TIL_LP_123_Du-263         31.95%    passed     72.55%
 252  TIL_LP_124_Du-264         31.42%    passed     95.27%
 253  TIL_LP_125_Du-265         32.27%    passed     41.86%
 254  TIL_LP_126_Du-266         31.64%    passed     88.44%
 255  TIL_LP_127_Du-267         33.25%    passed      8.24%
 256  TIL_LP_128_Du-268         31.36%    passed     96.66%
 257  TIL_LP_129_Du-269         31.56%    passed     95.57%
 258  TIL_LP_130_Du-271         31.08%    passed     99.72%
 259  TIL_LP_131_Du-272         31.68%    passed     84.74%
 260  TULP_LP_115_Du-242        28.61%    passed     12.70%
 261  TULP_LP_116_Du-243        28.74%    passed     17.62%
 262  TULP_LP_117_Du-244        29.21%    passed     32.76%
 263  TULP_LP_118_Du-245        28.28%    passed      5.78%
 264  TULP_LP_119_Du-246        28.44%    passed     11.48%
 265  TULP_LP_120_Du-248        28.02%    failed      2.83%
 266  TULP_LP_121_Du-249        28.98%    passed     11.55%
 267  TULP_LP_122_Du-250        28.68%    passed     11.10%
 268  TULP_LP_140_Du-302        31.92%    passed     70.57%
 269  TULP_LP_141_Du-303        30.90%    passed     99.52%
 270  TULP_LP_142_Du-304        31.78%    passed     81.86%
 271  TULP_LP_143_Du-305        31.63%    passed     86.35%
 272  TULP_LP_144_Du-306        31.42%    passed     97.98%
 273  TULP_LP_145_Du-307        31.86%    passed     73.44%
 274  TULP_LP_146_Du-308        31.35%    passed     98.76%
 275  TULP_LP_147_Du-309        30.77%    passed     96.77%
 276  TULP_LP_148_Du-310        31.27%    passed     99.80%
****  TOTAL                     30.86%  1 sequences failed composition chi2 test (p-value<5%; df=3)
NOTE: minimal branch length is reduced to 0.000000665451 for long alignment
Checking for duplicate sequences: done in 0.00100994 secs using 760.1% CPU


Create initial parsimony tree by phylogenetic likelihood library (PLL)... 0.025 seconds
Perform fast likelihood tree search using GTR+I+G model...
Estimate model parameters (epsilon = 5.000)
Perform nearest neighbor interchange...
Estimate model parameters (epsilon = 1.000)
1. Initial log-likelihood: -172754.272
Optimal log-likelihood: -172754.199
Rate parameters:  A-C: 1.02024  A-G: 0.84751  A-T: 0.27067  C-G: 0.47259  C-T: 0.75322  G-T: 1.00000
Base frequencies:  A: 0.316  C: 0.183  G: 0.177  T: 0.324
Proportion of invariable sites: 0.493
Gamma shape alpha: 0.145
Parameters optimization took 1 rounds (0.223 sec)
Time for fast ML tree search: 1.716 seconds

NOTE: ModelFinder requires 594 MB RAM!
ModelFinder will test up to 968 DNA models (sample size: 150274 epsilon: 0.100) ...
 No. Model         -LnL         df  AIC          AICc         BIC
  1  JC            177373.667   549 355845.334   355849.367   361291.532
  2  JC+I          177061.989   550 355223.979   355228.027   360680.097
  3  JC+G4         177122.443   550 355344.887   355348.935   360801.005
  4  JC+I+G4       177062.448   551 355226.897   355230.960   360692.936
  5  JC+R2         177170.144   551 355442.288   355446.351   360908.327
  6  JC+R3         177038.798   553 355183.596   355187.688   360669.475
  7  JC+R4         176895.516   555 354901.033   354905.155   360406.753
+R5 reinitialized from +R4 with factor 0.500
+R5 reinitialized from +R4 with factor 0.250
+R5 reinitialized from +R4 with factor 0.125
+R5 reinitialized from +R4 with factor 0.062
  8  JC+R5         176895.562   557 354905.123   354909.275   360430.683
 14  JC+I+R2       177061.612   552 355227.224   355231.302   360703.183
 15  JC+I+R3       177020.324   554 355148.648   355152.755   360644.448
 16  JC+I+R4       176882.378   556 354876.755   354880.892   360392.395
+I+R5 reinitialized from +I+R4 with factor 0.500
+I+R5 reinitialized from +I+R4 with factor 0.250
+I+R5 reinitialized from +I+R4 with factor 0.125
 17  JC+I+R5       176882.424   558 354880.849   354885.015   360416.329
 38  JC+I+R4       176882.378   556 354876.755   354880.892   360392.395
 60  F81+I+R4      176882.372   556 354876.743   354880.880   360392.383
 82  F81+F+I+R4    172832.215   559 346782.429   346786.611   352327.830
104  K2P+I+R4      176876.884   557 354867.768   354871.920   360393.328
126  K2P+I+R4      176876.884   557 354867.768   354871.920   360393.328
148  HKY+I+R4      176876.722   557 354867.444   354871.596   360393.004
170  HKY+F+I+R4    172818.794   560 346757.588   346761.785   352312.909
192  TNe+I+R4      176875.302   558 354866.604   354870.770   360402.084
214  TNe+I+R4      176875.302   558 354866.604   354870.770   360402.084
236  TN+I+R4       176875.302   558 354866.604   354870.771   360402.084
258  TN+F+I+R4     172816.464   561 346754.929   346759.141   352320.170
280  K3P+I+R4      176702.377   558 354520.755   354524.922   360056.235
302  K3P+I+R4      176702.377   558 354520.755   354524.921   360056.235
324  K3Pu+I+R4     176702.377   558 354520.755   354524.922   360056.235
346  K3Pu+F+I+R4   172583.343   561 346288.687   346292.899   351853.928
368  TPM2+I+R4     176875.414   558 354866.828   354870.995   360402.308
390  TPM2+I+R4     176875.414   558 354866.828   354870.995   360402.308
412  TPM2u+I+R4    176875.411   558 354866.821   354870.988   360402.301
434  TPM2u+F+I+R4  172787.303   561 346696.606   346700.818   352261.847
456  TPM3+I+R4     176874.375   558 354864.750   354868.917   360400.231
478  TPM3+I+R4     176874.375   558 354864.750   354868.917   360400.230
500  TPM3u+I+R4    176874.370   558 354864.739   354868.906   360400.220
522  TPM3u+F+I+R4  172785.855   561 346693.709   346697.921   352258.950
544  TIMe+I+R4     176700.960   559 354519.921   354524.103   360065.321
566  TIMe+I+R4     176700.960   559 354519.921   354524.103   360065.321
588  TIM+I+R4      176700.955   559 354519.910   354524.092   360065.311
610  TIM+F+I+R4    172581.051   562 346286.102   346290.329   351861.263
632  TIM2e+I+R4    176874.030   559 354866.060   354870.241   360411.460
654  TIM2e+I+R4    176874.030   559 354866.060   354870.241   360411.460
676  TIM2+I+R4     176874.021   559 354866.041   354870.223   360411.442
698  TIM2+F+I+R4   172784.905   562 346693.810   346698.037   352268.971
720  TIM3e+I+R4    176872.933   559 354863.867   354868.048   360409.267
742  TIM3e+I+R4    176872.933   559 354863.867   354868.048   360409.267
764  TIM3+I+R4     176872.926   559 354863.852   354868.034   360409.252
786  TIM3+F+I+R4   172783.483   562 346690.967   346695.194   352266.128
808  TVMe+I+R4     176701.876   560 354523.752   354527.949   360079.073
830  TVMe+I+R4     176701.876   560 354523.752   354527.949   360079.073
852  TVM+I+R4      176701.853   560 354523.705   354527.902   360079.026
874  TVM+F+I+R4    172570.341   563 346266.683   346270.925   351851.764
896  SYM+I+R4      176700.419   561 354522.837   354527.049   360088.078
918  SYM+I+R4      176700.418   561 354522.837   354527.049   360088.078
940  GTR+I+R4      176700.404   561 354522.808   354527.020   360088.049
962  GTR+F+I+R4    172568.055   564 346264.110   346268.367   351859.112
Akaike Information Criterion:           GTR+F+I+R4
Corrected Akaike Information Criterion: GTR+F+I+R4
Bayesian Information Criterion:         TVM+F+I+R4
Best-fit model: TVM+F+I+R4 chosen according to BIC

All model information printed to supplementary_analysis/results/sensitivity/supplement-20260824/permissive/trees/chloroplast.primary.model.gz
CPU time for ModelFinder: 806.742 seconds (0h:13m:26s)
Wall-clock time for ModelFinder: 103.038 seconds (0h:1m:43s)
Generating 1000 samples for ultrafast bootstrap (seed: 271828)...

NOTE: 252 MB RAM (0 GB) is required!
Estimate model parameters (epsilon = 0.100)
1. Initial log-likelihood: -172570.332
Optimal log-likelihood: -172570.327
Rate parameters:  A-C: 0.99854  A-G: 0.78439  A-T: 0.26612  C-G: 0.45727  C-T: 0.78439  G-T: 1.00000
Base frequencies:  A: 0.316  C: 0.183  G: 0.177  T: 0.324
Proportion of invariable sites: 0.588
Site proportion and rates:  (0.152,0.000) (0.142,3.513) (0.118,3.514) (0.001,162.002)
Parameters optimization took 1 rounds (0.323 sec)
Wrote distance file to... 
Computing ML distances based on estimated model parameters...
Calculating distance matrix: done in 0.0607979 secs using 783.5% CPU
Computing ML distances took 0.061772 sec (of wall-clock time) 0.483528 sec (of CPU time)
Setting up auxiliary I and S matrices: done in 0.000201941 secs using 788.4% CPU
Constructing RapidNJ tree: done in 0.00638485 secs using 832.8% CPU
Computing RapidNJ tree took 0.006985 sec (of wall-clock time) 0.058691 sec (of CPU time)
Log-likelihood of RapidNJ tree: -172884.369
--------------------------------------------------------------------
|             INITIALIZING CANDIDATE TREE SET                      |
--------------------------------------------------------------------
Generating 98 parsimony trees... 3.149 second
Computing log-likelihood of 98 initial trees ... 3.461 seconds
Current best score: -172568.430

Do NNI search on 20 best initial trees
Estimate model parameters (epsilon = 0.100)
BETTER TREE FOUND at iteration 1: -172562.923
Iteration 10 / LogL: -172565.702 / Time: 0h:2m:4s
Estimate model parameters (epsilon = 0.100)
BETTER TREE FOUND at iteration 12: -172562.108
Iteration 20 / LogL: -172569.369 / Time: 0h:2m:13s
Finish initializing candidate tree set (20)
Current best tree score: -172562.108 / CPU time: 29.167
Number of iterations: 20
--------------------------------------------------------------------
|               OPTIMIZING CANDIDATE TREE SET                      |
--------------------------------------------------------------------
Iteration 30 / LogL: -172571.192 / Time: 0h:2m:19s (0h:1m:43s left)
Iteration 40 / LogL: -172693.430 / Time: 0h:2m:25s (0h:1m:18s left)
Iteration 50 / LogL: -172579.328 / Time: 0h:2m:31s (0h:1m:1s left)
Iteration 60 / LogL: -172580.221 / Time: 0h:2m:37s (0h:0m:47s left)
Iteration 70 / LogL: -172598.825 / Time: 0h:2m:43s (0h:0m:36s left)
Iteration 80 / LogL: -172590.011 / Time: 0h:2m:49s (0h:0m:26s left)
Iteration 90 / LogL: -172563.660 / Time: 0h:2m:55s (0h:0m:17s left)
Iteration 100 / LogL: -172564.205 / Time: 0h:3m:0s (0h:0m:9s left)
Iteration 110 / LogL: -172570.451 / Time: 0h:3m:7s (0h:0m:1s left)
Refining ufboot trees with NNI 1 branch...
100 samples done
200 samples done
300 samples done
400 samples done
500 samples done
600 samples done
700 samples done
800 samples done
900 samples done
1000 samples done
Total 1000 ufboot trees refined
TREE SEARCH COMPLETED AFTER 113 ITERATIONS / Time: 0h:7m:32s

--------------------------------------------------------------------
|                    FINALIZING TREE SEARCH                        |
--------------------------------------------------------------------
Performs final model parameters optimization
Estimate model parameters (epsilon = 0.010)
1. Initial log-likelihood: -172562.108
2. Current log-likelihood: -172562.044
Optimal log-likelihood: -172562.044
Rate parameters:  A-C: 1.00670  A-G: 0.78493  A-T: 0.26995  C-G: 0.45913  C-T: 0.78493  G-T: 1.00000
Base frequencies:  A: 0.316  C: 0.183  G: 0.177  T: 0.324
Proportion of invariable sites: 0.589
Site proportion and rates:  (0.152,0.000) (0.141,3.538) (0.118,3.539) (0.000,176.131)
Parameters optimization took 2 rounds (0.495 sec)
BEST SCORE FOUND : -172562.044

Testing tree branches by SH-like aLRT with 1000 replicates...
Alternative NNI shows better log-likelihood -172562.043 > -172562.044
9.878 sec.
Creating bootstrap support values...
Split supports printed to NEXUS file supplementary_analysis/results/sensitivity/supplement-20260824/permissive/trees/chloroplast.primary.splits.nex
Total tree length: 0.024

Total number of iterations: 113
CPU time used for tree search: 2692.901 sec (0h:44m:52s)
Wall-clock time used for tree search: 347.883 sec (0h:5m:47s)
Total CPU time used: 3593.689 sec (0h:59m:53s)
Total wall-clock time used: 462.912 sec (0h:7m:42s)
UFBoot trees printed to supplementary_analysis/results/sensitivity/supplement-20260824/permissive/trees/chloroplast.primary.ufboot

Computing bootstrap consensus tree...
Reading input file supplementary_analysis/results/sensitivity/supplement-20260824/permissive/trees/chloroplast.primary.splits.nex...
276 taxa and 3168 splits.
Consensus tree written to supplementary_analysis/results/sensitivity/supplement-20260824/permissive/trees/chloroplast.primary.contree
Reading input trees file supplementary_analysis/results/sensitivity/supplement-20260824/permissive/trees/chloroplast.primary.contree
Log-likelihood of consensus tree: -172589.800

Analysis results written to: 
  IQ-TREE report:                supplementary_analysis/results/sensitivity/supplement-20260824/permissive/trees/chloroplast.primary.iqtree
  Maximum-likelihood tree:       supplementary_analysis/results/sensitivity/supplement-20260824/permissive/trees/chloroplast.primary.treefile
  Likelihood distances:          supplementary_analysis/results/sensitivity/supplement-20260824/permissive/trees/chloroplast.primary.mldist

Ultrafast bootstrap approximation results written to:
  Split support values:          supplementary_analysis/results/sensitivity/supplement-20260824/permissive/trees/chloroplast.primary.splits.nex
  Consensus tree:                supplementary_analysis/results/sensitivity/supplement-20260824/permissive/trees/chloroplast.primary.contree
  UFBoot trees:                  supplementary_analysis/results/sensitivity/supplement-20260824/permissive/trees/chloroplast.primary.ufboot
  Screen log file:               supplementary_analysis/results/sensitivity/supplement-20260824/permissive/trees/chloroplast.primary.log

Date and Time: Mon Aug 24 03:09:40 2026
